Copyright 1986-2022 Xilinx, Inc. All Rights Reserved. Copyright 2022-2025 Advanced Micro Devices, Inc. All Rights Reserved.
---------------------------------------------------------------------------------------------------------------------------------------------
| Tool Version : Vivado v.2025.1 (lin64) Build 6140274 Wed May 21 22:58:25 MDT 2025
| Date         : Tue May 26 19:56:50 2026
| Host         : nemo running 64-bit Ubuntu 24.04.4 LTS
| Command      : report_utilization -file system_top_utilization_placed.rpt -pb system_top_utilization_placed.pb
| Design       : system_top
| Device       : xczu3eg-sfva625-2-e
| Speed File   : -2
| Design State : Fully Placed
---------------------------------------------------------------------------------------------------------------------------------------------

Utilization Design Information

Table of Contents
-----------------
1. CLB Logic
1.1 Summary of Registers by Type
2. CLB Logic Distribution
3. BLOCKRAM
4. ARITHMETIC
5. I/O
6. CLOCK
7. ADVANCED
8. CONFIGURATION
9. Primitives
10. Black Boxes
11. Instantiated Netlists

1. CLB Logic
------------

+----------------------------+-------+-------+------------+-----------+-------+
|          Site Type         |  Used | Fixed | Prohibited | Available | Util% |
+----------------------------+-------+-------+------------+-----------+-------+
| CLB LUTs                   | 32798 |     0 |          0 |     70560 | 46.48 |
|   LUT as Logic             | 30236 |     0 |          0 |     70560 | 42.85 |
|   LUT as Memory            |  2562 |     0 |          0 |     28800 |  8.90 |
|     LUT as Distributed RAM |  1010 |     0 |            |           |       |
|     LUT as Shift Register  |  1552 |     0 |            |           |       |
| CLB Registers              | 50958 |     0 |          0 |    141120 | 36.11 |
|   Register as Flip Flop    | 50958 |     0 |          0 |    141120 | 36.11 |
|   Register as Latch        |     0 |     0 |          0 |    141120 |  0.00 |
| CARRY8                     |  2741 |     0 |          0 |      8820 | 31.08 |
| F7 Muxes                   |   173 |     0 |          0 |     35280 |  0.49 |
| F8 Muxes                   |     0 |     0 |          0 |     17640 |  0.00 |
| F9 Muxes                   |     0 |     0 |          0 |      8820 |  0.00 |
+----------------------------+-------+-------+------------+-----------+-------+
* Warning! LUT value is adjusted to account for LUT combining.


1.1 Summary of Registers by Type
--------------------------------

+-------+--------------+-------------+--------------+
| Total | Clock Enable | Synchronous | Asynchronous |
+-------+--------------+-------------+--------------+
| 0     |            _ |           - |            - |
| 0     |            _ |           - |          Set |
| 0     |            _ |           - |        Reset |
| 0     |            _ |         Set |            - |
| 0     |            _ |       Reset |            - |
| 0     |          Yes |           - |            - |
| 176   |          Yes |           - |          Set |
| 19088 |          Yes |           - |        Reset |
| 1025  |          Yes |         Set |            - |
| 30669 |          Yes |       Reset |            - |
+-------+--------------+-------------+--------------+


2. CLB Logic Distribution
-------------------------

+--------------------------------------------+-------+-------+------------+-----------+-------+
|                  Site Type                 |  Used | Fixed | Prohibited | Available | Util% |
+--------------------------------------------+-------+-------+------------+-----------+-------+
| CLB                                        |  6708 |     0 |          0 |      8820 | 76.05 |
|   CLBL                                     |  3975 |     0 |            |           |       |
|   CLBM                                     |  2733 |     0 |            |           |       |
| LUT as Logic                               | 30236 |     0 |          0 |     70560 | 42.85 |
|   using O5 output only                     |   505 |       |            |           |       |
|   using O6 output only                     | 24984 |       |            |           |       |
|   using O5 and O6                          |  4747 |       |            |           |       |
| LUT as Memory                              |  2562 |     0 |          0 |     28800 |  8.90 |
|   LUT as Distributed RAM                   |  1010 |     0 |            |           |       |
|     using O5 output only                   |     0 |       |            |           |       |
|     using O6 output only                   |    34 |       |            |           |       |
|     using O5 and O6                        |   976 |       |            |           |       |
|   LUT as Shift Register                    |  1552 |     0 |            |           |       |
|     using O5 output only                   |     0 |       |            |           |       |
|     using O6 output only                   |  1264 |       |            |           |       |
|     using O5 and O6                        |   288 |       |            |           |       |
| CLB Registers                              | 50958 |     0 |          0 |    141120 | 36.11 |
|   Register driven from within the CLB      | 28946 |       |            |           |       |
|   Register driven from outside the CLB     | 22012 |       |            |           |       |
|     LUT in front of the register is unused | 16859 |       |            |           |       |
|     LUT in front of the register is used   |  5153 |       |            |           |       |
| Unique Control Sets                        |  1283 |       |          0 |     17640 |  7.27 |
+--------------------------------------------+-------+-------+------------+-----------+-------+
* * Note: Available Control Sets calculated as Slices * 2, Review the Control Sets Report for more information regarding control sets.


3. BLOCKRAM
-----------

+-------------------+------+-------+------------+-----------+-------+
|     Site Type     | Used | Fixed | Prohibited | Available | Util% |
+-------------------+------+-------+------------+-----------+-------+
| Block RAM Tile    |   15 |     0 |          0 |       216 |  6.94 |
|   RAMB36/FIFO*    |   15 |     0 |          0 |       216 |  6.94 |
|     RAMB36E2 only |   15 |       |            |           |       |
|   RAMB18          |    0 |     0 |          0 |       432 |  0.00 |
+-------------------+------+-------+------------+-----------+-------+
* Note: Each Block RAM Tile only has one FIFO logic available and therefore can accommodate only one FIFO36E2 or one FIFO18E2. However, if a FIFO18E2 occupies a Block RAM Tile, that tile can still accommodate a RAMB18E2


4. ARITHMETIC
-------------

+----------------+------+-------+------------+-----------+-------+
|    Site Type   | Used | Fixed | Prohibited | Available | Util% |
+----------------+------+-------+------------+-----------+-------+
| DSPs           |  130 |     0 |          0 |       360 | 36.11 |
|   DSP48E2 only |  130 |       |            |           |       |
+----------------+------+-------+------------+-----------+-------+


5. I/O
------

+------------------+------+-------+------------+-----------+--------+
|     Site Type    | Used | Fixed | Prohibited | Available |  Util% |
+------------------+------+-------+------------+-----------+--------+
| Bonded IOB       |  136 |   136 |          0 |       180 |  75.56 |
|   HPIOB_M        |   51 |    51 |          0 |        72 |  70.83 |
|     INPUT        |   26 |       |            |           |        |
|     OUTPUT       |   17 |       |            |           |        |
|     BIDIR        |    8 |       |            |           |        |
|   HPIOB_S        |   54 |    54 |          0 |        72 |  75.00 |
|     INPUT        |   24 |       |            |           |        |
|     OUTPUT       |   20 |       |            |           |        |
|     BIDIR        |   10 |       |            |           |        |
|   HDIOB_M        |   12 |    12 |          0 |        12 | 100.00 |
|     INPUT        |    0 |       |            |           |        |
|     OUTPUT       |    0 |       |            |           |        |
|     BIDIR        |   12 |       |            |           |        |
|   HDIOB_S        |   12 |    12 |          0 |        12 | 100.00 |
|     INPUT        |    0 |       |            |           |        |
|     OUTPUT       |    0 |       |            |           |        |
|     BIDIR        |   12 |       |            |           |        |
|   HPIOB_SNGL     |    7 |     7 |          0 |        12 |  58.33 |
|     INPUT        |    1 |       |            |           |        |
|     OUTPUT       |    5 |       |            |           |        |
|     BIDIR        |    1 |       |            |           |        |
| HPIOBDIFFINBUF   |   12 |    12 |          0 |        72 |  16.67 |
|   DIFFINBUF      |   12 |    12 |            |           |        |
| HPIOBDIFFOUTBUF  |    9 |     9 |          0 |        72 |  12.50 |
|   OBUFDS         |    1 |     1 |            |           |        |
|   OBUFTDS        |    8 |     8 |            |           |        |
| HDIOBDIFFINBUF   |    0 |     0 |          0 |        48 |   0.00 |
| BITSLICE_CONTROL |    2 |     0 |          0 |        24 |   8.33 |
| BITSLICE_RX_TX   |   20 |    20 |          0 |       936 |   2.14 |
|   IDELAY         |    6 |     6 |            |           |        |
|   ISERDES        |    6 |     6 |            |           |        |
|   OSERDES        |    8 |     8 |            |           |        |
| BITSLICE_TX      |    0 |     0 |          0 |        24 |   0.00 |
| RIU_OR           |    0 |     0 |          0 |        12 |   0.00 |
+------------------+------+-------+------------+-----------+--------+


6. CLOCK
--------

+------------+------+-------+------------+-----------+-------+
|  Site Type | Used | Fixed | Prohibited | Available | Util% |
+------------+------+-------+------------+-----------+-------+
| BUFGCE     |    7 |     0 |          0 |        88 |  7.95 |
| BUFGCE_DIV |    4 |     0 |          0 |        12 | 33.33 |
| BUFG_PS    |    3 |     0 |          0 |        72 |  4.17 |
| BUFGCTRL*  |    0 |     0 |          0 |        24 |  0.00 |
| PLL        |    0 |     0 |          0 |         6 |  0.00 |
| MMCM       |    0 |     0 |          0 |         3 |  0.00 |
+------------+------+-------+------------+-----------+-------+
* Note: Each used BUFGCTRL counts as two GLOBAL CLOCK BUFFERs. This table does not include global clocking resources, only buffer cell usage. See the Clock Utilization Report (report_clock_utilization) for detailed accounting of global clocking resource availability.


7. ADVANCED
-----------

+-----------+------+-------+------------+-----------+--------+
| Site Type | Used | Fixed | Prohibited | Available |  Util% |
+-----------+------+-------+------------+-----------+--------+
| PS8       |    1 |     0 |          0 |         1 | 100.00 |
| SYSMONE4  |    1 |     1 |          0 |         1 | 100.00 |
+-----------+------+-------+------------+-----------+--------+


8. CONFIGURATION
----------------

+-------------+------+-------+------------+-----------+-------+
|  Site Type  | Used | Fixed | Prohibited | Available | Util% |
+-------------+------+-------+------------+-----------+-------+
| BSCANE2     |    0 |     0 |          0 |         4 |  0.00 |
| DNA_PORTE2  |    0 |     0 |          0 |         1 |  0.00 |
| EFUSE_USR   |    0 |     0 |          0 |         1 |  0.00 |
| FRAME_ECCE4 |    0 |     0 |          0 |         1 |  0.00 |
| ICAPE3      |    0 |     0 |          0 |         2 |  0.00 |
| MASTER_JTAG |    0 |     0 |          0 |         1 |  0.00 |
| STARTUPE3   |    0 |     0 |          0 |         1 |  0.00 |
+-------------+------+-------+------------+-----------+-------+


9. Primitives
-------------

+-------------+-------+---------------------+
|   Ref Name  |  Used | Functional Category |
+-------------+-------+---------------------+
| FDRE        | 30669 |            Register |
| FDCE        | 19088 |            Register |
| LUT3        | 13035 |                 CLB |
| LUT2        |  9713 |                 CLB |
| LUT6        |  5443 |                 CLB |
| LUT5        |  2830 |                 CLB |
| CARRY8      |  2741 |                 CLB |
| LUT4        |  2644 |                 CLB |
| RAMD32      |  1732 |                 CLB |
| SRL16E      |  1355 |                 CLB |
| LUT1        |  1318 |                 CLB |
| FDSE        |  1025 |            Register |
| SRLC32E     |   485 |                 CLB |
| RAMS32      |   254 |                 CLB |
| FDPE        |   176 |            Register |
| MUXF7       |   173 |                 CLB |
| DSP48E2     |   130 |          Arithmetic |
| IBUFCTRL    |    60 |              Others |
| INBUF       |    48 |                 I/O |
| OBUFT       |    43 |                 I/O |
| OBUF        |    24 |                 I/O |
| IBUF_ANALOG |    22 |                 I/O |
| RAMB36E2    |    15 |            BLOCKRAM |
| DIFFINBUF   |    12 |                 I/O |
| OSERDESE3   |     8 |                 I/O |
| OBUFTDS     |     8 |                 I/O |
| BUFGCE      |     7 |               Clock |
| ISERDESE3   |     6 |                 I/O |
| IDELAYE3    |     6 |                 I/O |
| BUFGCE_DIV  |     4 |               Clock |
| BUFG_PS     |     3 |               Clock |
| IDELAYCTRL  |     2 |                 I/O |
| SYSMONE4    |     1 |            Advanced |
| PS8         |     1 |            Advanced |
| OBUFDS      |     1 |                 I/O |
+-------------+-------+---------------------+


10. Black Boxes
---------------

+----------+------+
| Ref Name | Used |
+----------+------+


11. Instantiated Netlists
-------------------------

+------------------------------------+------+
|              Ref Name              | Used |
+------------------------------------+------+
| system_util_dac_2_upack_0          |    1 |
| system_util_adc_2_pack_0           |    1 |
| system_util_adc_1_pack_0           |    1 |
| system_tx_rstn_inverter_0          |    1 |
| system_sys_rstgen_0                |    1 |
| system_sys_ps8_0                   |    1 |
| system_sys_250m_rstgen_0           |    1 |
| system_sync_slow_to_fast_1         |    1 |
| system_sync_slow_to_fast_0         |    1 |
| system_rx_rstn_inverter_0          |    1 |
| system_rom_sys_0_0                 |    1 |
| system_pl_sysmon_0                 |    1 |
| system_axi_sysid_0_0               |    1 |
| system_axi_hpm0_lpd_interconnect_0 |    1 |
| system_axi_hpc0_interconnect_0     |    1 |
| system_axi_adrv9001_tx2_dma_0      |    1 |
| system_axi_adrv9001_tx1_dma_0      |    1 |
| system_axi_adrv9001_rx2_dma_0      |    1 |
| system_axi_adrv9001_rx1_dma_0      |    1 |
| system_axi_adrv9001_0              |    1 |
| system_Receiver_ip_0_0             |    1 |
+------------------------------------+------+


