Copyright 1986-2022 Xilinx, Inc. All Rights Reserved. Copyright 2022-2025 Advanced Micro Devices, Inc. All Rights Reserved.
----------------------------------------------------------------------------------------------------------------------------------------------------
| Tool Version     : Vivado v.2025.1 (lin64) Build 6140274 Wed May 21 22:58:25 MDT 2025
| Date             : Tue May 26 20:03:01 2026
| Host             : nemo running 64-bit Ubuntu 24.04.4 LTS
| Command          : report_power -file system_top_power_routed.rpt -pb system_top_power_summary_routed.pb -rpx system_top_power_routed.rpx
| Design           : system_top
| Device           : xczu3eg-sfva625-2-e
| Design State     : routed
| Grade            : extended
| Process          : typical
| Characterization : Production
----------------------------------------------------------------------------------------------------------------------------------------------------

Power Report

Table of Contents
-----------------
1. Summary
1.1 On-Chip Components
1.2 Power Supply Summary
1.3 Confidence Level
2. Settings
2.1 Environment
2.2 Clock Constraints
3. Detailed Reports
3.1 By Hierarchy

1. Summary
----------

+--------------------------+--------------+
| Total On-Chip Power (W)  | 3.514        |
| Design Power Budget (W)  | Unspecified* |
| Power Budget Margin (W)  | NA           |
| Dynamic (W)              | 3.167        |
| Device Static (W)        | 0.347        |
| Effective TJA (C/W)      | 2.4          |
| Max Ambient (C)          | 91.6         |
| Junction Temperature (C) | 33.4         |
| Confidence Level         | Low          |
| Setting File             | ---          |
| Simulation Activity File | ---          |
| Design Nets Matched      | NA           |
+--------------------------+--------------+
* Specify Design Power Budget using, set_operating_conditions -design_power_budget <value in Watts>


1.1 On-Chip Components
----------------------

+--------------------------+-----------+----------+-----------+-----------------+
| On-Chip                  | Power (W) | Used     | Available | Utilization (%) |
+--------------------------+-----------+----------+-----------+-----------------+
| Clocks                   |     0.196 |       17 |       --- |             --- |
| CLB Logic                |     0.321 |    95385 |       --- |             --- |
|   LUT as Logic           |     0.197 |    30236 |     70560 |           42.85 |
|   LUT as Distributed RAM |     0.064 |     1010 |     28800 |            3.51 |
|   Register               |     0.029 |    50958 |    141120 |           36.11 |
|   CARRY8                 |     0.018 |     2741 |      8820 |           31.08 |
|   LUT as Shift Register  |     0.013 |     1552 |     28800 |            5.39 |
|   BUFG                   |    <0.001 |        2 |        24 |            8.33 |
|   Others                 |     0.000 |     2702 |       --- |             --- |
|   F7/F8 Muxes            |     0.000 |      173 |     70560 |            0.25 |
| Signals                  |     0.221 |    70128 |       --- |             --- |
| Block RAM                |     0.017 |       15 |       216 |            6.94 |
| DSPs                     |     0.043 |      130 |       360 |           36.11 |
| I/O                      |     0.188 |      136 |       180 |           75.56 |
| SYSMON                   |     0.005 |        1 |       --- |             --- |
| PS8                      |     2.177 |        1 |       --- |             --- |
| Static Power             |     0.347 |          |           |                 |
|   PS Static              |     0.104 |          |           |                 |
|   PL Static              |     0.243 |          |           |                 |
| Total                    |     3.514 |          |           |                 |
+--------------------------+-----------+----------+-----------+-----------------+


1.2 Power Supply Summary
------------------------

+-----------------+-------------+-----------+-------------+------------+-------------+-------------+------------+
| Source          | Voltage (V) | Total (A) | Dynamic (A) | Static (A) | Powerup (A) | Budget (A)  | Margin (A) |
+-----------------+-------------+-----------+-------------+------------+-------------+-------------+------------+
| Vccint          |       0.850 |     1.003 |       0.943 |      0.060 |       NA    | Unspecified | NA         |
| Vccint_io       |       0.850 |     0.052 |       0.024 |      0.028 |       NA    | Unspecified | NA         |
| Vccbram         |       0.850 |     0.003 |       0.002 |      0.001 |       NA    | Unspecified | NA         |
| Vccaux          |       1.800 |     0.047 |       0.000 |      0.047 |       NA    | Unspecified | NA         |
| Vccaux_io       |       1.800 |     0.056 |       0.031 |      0.025 |       NA    | Unspecified | NA         |
| Vcco33          |       3.300 |     0.022 |       0.015 |      0.007 |       NA    | Unspecified | NA         |
| Vcco25          |       2.500 |     0.000 |       0.000 |      0.000 |       NA    | Unspecified | NA         |
| Vcco18          |       1.800 |     0.035 |       0.035 |      0.000 |       NA    | Unspecified | NA         |
| Vcco15          |       1.500 |     0.000 |       0.000 |      0.000 |       NA    | Unspecified | NA         |
| Vcco135         |       1.350 |     0.000 |       0.000 |      0.000 |       NA    | Unspecified | NA         |
| Vcco12          |       1.200 |     0.000 |       0.000 |      0.000 |       NA    | Unspecified | NA         |
| Vcco10          |       1.000 |     0.000 |       0.000 |      0.000 |       NA    | Unspecified | NA         |
| Vccadc          |       1.800 |     0.008 |       0.000 |      0.008 |       NA    | Unspecified | NA         |
| VCC_PSINTFP     |       0.850 |     1.056 |       1.016 |      0.040 |       NA    | Unspecified | NA         |
| VCC_PSINTLP     |       0.850 |     0.256 |       0.248 |      0.008 |       NA    | Unspecified | NA         |
| VPS_MGTRAVCC    |       0.850 |     0.139 |       0.138 |      0.001 |       NA    | Unspecified | NA         |
| VCC_PSINTFP_DDR |       0.850 |     0.523 |       0.518 |      0.005 |       NA    | Unspecified | NA         |
| VCC_PSPLL       |       1.200 |     0.072 |       0.070 |      0.002 |       NA    | Unspecified | NA         |
| VPS_MGTRAVTT    |       1.800 |     0.034 |       0.033 |      0.001 |       NA    | Unspecified | NA         |
| VCCO_PSDDR_504  |       1.200 |     0.367 |       0.333 |      0.034 |       NA    | Unspecified | NA         |
| VCC_PSAUX       |       1.800 |     0.002 |       0.000 |      0.002 |       NA    | Unspecified | NA         |
| VCC_PSBATT      |       1.200 |     0.000 |       0.000 |      0.000 |       NA    | Unspecified | NA         |
| VCC_PSDDR_PLL   |       1.800 |     0.001 |       0.000 |      0.001 |       NA    | Unspecified | NA         |
| VCCO_PSIO0_500  |       1.800 |     0.001 |       0.000 |      0.001 |       NA    | Unspecified | NA         |
| VCCO_PSIO1_501  |       1.800 |     0.001 |       0.000 |      0.001 |       NA    | Unspecified | NA         |
| VCCO_PSIO2_502  |       1.800 |     0.001 |       0.000 |      0.001 |       NA    | Unspecified | NA         |
| VCCO_PSIO3_503  |       1.800 |     0.001 |       0.000 |      0.001 |       NA    | Unspecified | NA         |
| VCC_PSADC       |       1.800 |     0.002 |       0.000 |      0.002 |       NA    | Unspecified | NA         |
+-----------------+-------------+-----------+-------------+------------+-------------+-------------+------------+


1.3 Confidence Level
--------------------

+-----------------------------+------------+--------------------------------------------------------+------------------------------------------------------------------------------------------------------------+
| User Input Data             | Confidence | Details                                                | Action                                                                                                     |
+-----------------------------+------------+--------------------------------------------------------+------------------------------------------------------------------------------------------------------------+
| Design implementation state | High       | Design is routed                                       |                                                                                                            |
| Clock nodes activity        | High       | User specified more than 95% of clocks                 |                                                                                                            |
| I/O nodes activity          | Low        | More than 75% of inputs are missing user specification | Provide missing input activity with simulation results or by editing the "By Resource Type -> I/Os" view   |
| Internal nodes activity     | Medium     | User specified less than 25% of internal nodes         | Provide missing internal nodes activity with simulation results or by editing the "By Resource Type" views |
| Device models               | High       | Device models are Production                           |                                                                                                            |
|                             |            |                                                        |                                                                                                            |
| Overall confidence level    | Low        |                                                        |                                                                                                            |
+-----------------------------+------------+--------------------------------------------------------+------------------------------------------------------------------------------------------------------------+


2. Settings
-----------

2.1 Environment
---------------

+-----------------------+--------------------------+
| Ambient Temp (C)      | 25.0                     |
| ThetaJA (C/W)         | 2.4                      |
| Airflow (LFM)         | 250                      |
| Heat Sink             | medium (Medium Profile)  |
| ThetaSA (C/W)         | 5.8                      |
| Board Selection       | medium (10"x10")         |
| # of Board Layers     | 12to15 (12 to 15 Layers) |
| Board Temperature (C) | 25.0                     |
+-----------------------+--------------------------+


2.2 Clock Constraints
---------------------

+------------------------+---------------------------------------------------------------------+-----------------+
| Clock                  | Domain                                                              | Constraint (ns) |
+------------------------+---------------------------------------------------------------------+-----------------+
| axi_adrv9001_adc_1_clk | i_system_wrapper/system_i/axi_adrv9001/inst/i_if/i_rx_1_phy/CLK     |             8.0 |
| axi_adrv9001_adc_2_clk | i_system_wrapper/system_i/axi_adrv9001/inst/i_if/i_rx_2_phy/CLK     |             8.0 |
| axi_adrv9001_dac_1_clk | i_system_wrapper/system_i/axi_adrv9001/inst/i_if/i_tx_1_phy/CLK     |             8.0 |
| axi_adrv9001_dac_2_clk | i_system_wrapper/system_i/axi_adrv9001/inst/i_if/i_tx_2_phy/div_clk |             8.0 |
| clk_pl_0               | i_system_wrapper/system_i/sys_ps8/inst/pl_clk_unbuffered[0]         |            10.0 |
| clk_pl_1               | i_system_wrapper/system_i/sys_ps8/inst/pl_clk_unbuffered[1]         |             4.0 |
| clk_pl_2               | i_system_wrapper/system_i/sys_ps8/inst/pl_clk_unbuffered[2]         |             2.0 |
| ref_clk                | fpga_ref_clk_p                                                      |             8.0 |
| rx1_dclk_out           | rx1_dclk_in_p                                                       |             2.0 |
| rx2_dclk_out           | rx2_dclk_in_p                                                       |             2.0 |
| spi0_clk               | i_system_wrapper/system_i/sys_ps8/inst/emio_spi0_sclk_o             |           100.0 |
| tx1_dclk_out           | tx1_dclk_in_p                                                       |             2.0 |
| tx2_dclk_out           | tx2_dclk_in_p                                                       |             2.0 |
+------------------------+---------------------------------------------------------------------+-----------------+


3. Detailed Reports
-------------------

3.1 By Hierarchy
----------------

+---------------------------------+-----------+
| Name                            | Power (W) |
+---------------------------------+-----------+
| system_top                      |     3.167 |
|   add_on_gpio_IOBUF[0]_inst     |     0.003 |
|   add_on_gpio_IOBUF[10]_inst    |     0.001 |
|   add_on_gpio_IOBUF[11]_inst    |     0.001 |
|   add_on_gpio_IOBUF[12]_inst    |     0.001 |
|   add_on_gpio_IOBUF[13]_inst    |     0.001 |
|   add_on_gpio_IOBUF[14]_inst    |     0.001 |
|   add_on_gpio_IOBUF[1]_inst     |     0.003 |
|   add_on_gpio_IOBUF[2]_inst     |     0.003 |
|   add_on_gpio_IOBUF[3]_inst     |     0.003 |
|   add_on_gpio_IOBUF[4]_inst     |     0.003 |
|   add_on_gpio_IOBUF[5]_inst     |     0.003 |
|   add_on_gpio_IOBUF[6]_inst     |     0.003 |
|   add_on_gpio_IOBUF[7]_inst     |     0.003 |
|   add_on_gpio_IOBUF[8]_inst     |     0.001 |
|   add_on_gpio_IOBUF[9]_inst     |     0.001 |
|   dgpio_IOBUF[0]_inst           |     0.001 |
|   dgpio_IOBUF[10]_inst          |     0.001 |
|   dgpio_IOBUF[11]_inst          |     0.001 |
|   dgpio_IOBUF[1]_inst           |     0.001 |
|   dgpio_IOBUF[2]_inst           |     0.001 |
|   dgpio_IOBUF[3]_inst           |     0.001 |
|   dgpio_IOBUF[4]_inst           |     0.001 |
|   dgpio_IOBUF[5]_inst           |     0.001 |
|   dgpio_IOBUF[6]_inst           |     0.001 |
|   dgpio_IOBUF[7]_inst           |     0.001 |
|   dgpio_IOBUF[8]_inst           |     0.001 |
|   dgpio_IOBUF[9]_inst           |     0.001 |
|   ext_gpio_IOBUF[0]_inst        |     0.003 |
|   ext_gpio_IOBUF[10]_inst       |     0.003 |
|   ext_gpio_IOBUF[11]_inst       |     0.003 |
|   ext_gpio_IOBUF[12]_inst       |     0.003 |
|   ext_gpio_IOBUF[13]_inst       |     0.003 |
|   ext_gpio_IOBUF[14]_inst       |     0.003 |
|   ext_gpio_IOBUF[15]_inst       |     0.003 |
|   ext_gpio_IOBUF[1]_inst        |     0.003 |
|   ext_gpio_IOBUF[2]_inst        |     0.003 |
|   ext_gpio_IOBUF[3]_inst        |     0.003 |
|   ext_gpio_IOBUF[4]_inst        |     0.003 |
|   ext_gpio_IOBUF[5]_inst        |     0.003 |
|   ext_gpio_IOBUF[6]_inst        |     0.003 |
|   ext_gpio_IOBUF[7]_inst        |     0.003 |
|   ext_gpio_IOBUF[8]_inst        |     0.003 |
|   ext_gpio_IOBUF[9]_inst        |     0.003 |
|   i_ibufgs_fpga_mcs_in          |     0.003 |
|   i_ibufgs_fpga_ref_clk         |     0.003 |
|   i_system_wrapper              |     3.025 |
|     system_i                    |     3.025 |
|       Receiver_ip_0             |     0.132 |
|       axi_adrv9001              |     0.473 |
|       axi_adrv9001_rx1_dma      |     0.009 |
|       axi_adrv9001_rx2_dma      |     0.009 |
|       axi_adrv9001_tx1_dma      |     0.005 |
|       axi_adrv9001_tx2_dma      |     0.011 |
|       axi_hpc0_interconnect     |     0.177 |
|       axi_hpm0_lpd_interconnect |     0.011 |
|       axi_sysid_0               |     0.001 |
|       pl_sysmon                 |     0.006 |
|       sync_input                |     0.001 |
|       sync_output               |     0.001 |
|       sys_ps8                   |     2.184 |
|       util_adc_1_pack           |     0.002 |
+---------------------------------+-----------+


