Copyright 1986-2022 Xilinx, Inc. All Rights Reserved. Copyright 2022-2025 Advanced Micro Devices, Inc. All Rights Reserved.
--------------------------------------------------------------------------------------------------------------------------------------------------
| Tool Version      : Vivado v.2025.1 (lin64) Build 6140274 Wed May 21 22:58:25 MDT 2025
| Date              : Tue May 26 20:03:11 2026
| Host              : nemo running 64-bit Ubuntu 24.04.4 LTS
| Command           : report_clock_utilization -file system_top_clock_utilization_routed.rpt
| Design            : system_top
| Device            : xczu3eg-sfva625
| Speed File        : -2  PRODUCTION 1.30 05-15-2022
| Temperature Grade : E
| Design State      : Routed
--------------------------------------------------------------------------------------------------------------------------------------------------

Clock Utilization Report

Table of Contents
-----------------
1. Clock Primitive Utilization
2. Global Clock Resources
3. Global Clock Source Details
4. Local Clock Details
5. Clock Regions : Clock Primitives
6. Clock Regions : Load Primitives
7. Clock Regions : Global Clock Summary
8. Clock Regions : Routing Resource Utilization
9. Device Cell Placement Summary for Global Clock g0
10. Device Cell Placement Summary for Global Clock g1
11. Device Cell Placement Summary for Global Clock g2
12. Device Cell Placement Summary for Global Clock g3
13. Device Cell Placement Summary for Global Clock g4
14. Device Cell Placement Summary for Global Clock g5
15. Device Cell Placement Summary for Global Clock g6
16. Device Cell Placement Summary for Global Clock g7
17. Device Cell Placement Summary for Global Clock g8
18. Device Cell Placement Summary for Global Clock g9
19. Device Cell Placement Summary for Global Clock g10
20. Device Cell Placement Summary for Global Clock g11
21. Device Cell Placement Summary for Global Clock g12
22. Device Cell Placement Summary for Global Clock g13
23. Clock Region Cell Placement per Global Clock: Region X0Y0
24. Clock Region Cell Placement per Global Clock: Region X1Y0
25. Clock Region Cell Placement per Global Clock: Region X0Y1
26. Clock Region Cell Placement per Global Clock: Region X1Y1
27. Clock Region Cell Placement per Global Clock: Region X0Y2
28. Clock Region Cell Placement per Global Clock: Region X1Y2

1. Clock Primitive Utilization
------------------------------

+------------+------+-----------+-----+--------------+--------+
| Type       | Used | Available | LOC | Clock Region | Pblock |
+------------+------+-----------+-----+--------------+--------+
| BUFGCE     |    7 |        88 |   0 |            0 |      0 |
| BUFGCE_DIV |    4 |        12 |   0 |            0 |      0 |
| BUFGCTRL   |    0 |        24 |   0 |            0 |      0 |
| BUFG_PS    |    3 |        72 |   0 |            0 |      0 |
| MMCM       |    0 |         3 |   0 |            0 |      0 |
| PLL        |    0 |         6 |   0 |            0 |      0 |
+------------+------+-----------+-----+--------------+--------+


2. Global Clock Resources
-------------------------

+-----------+-----------+-----------------+------------+-----------------+--------------+------+-------------------+------------------+-------------------+-------------+-----------------+--------------+------------------------+----------------------------------------------------------------------------------------------------------------------------------------+----------------------------------------------------------------------------------------------------------------------------------------+
| Global Id | Source Id | Driver Type/Pin | Constraint | Site            | Clock Region | Root | Clock Delay Group | Clock Low Fanout | Load Clock Region | Clock Loads | Non-Clock Loads | Clock Period | Clock                  | Driver Pin                                                                                                                             | Net                                                                                                                                    |
+-----------+-----------+-----------------+------------+-----------------+--------------+------+-------------------+------------------+-------------------+-------------+-----------------+--------------+------------------------+----------------------------------------------------------------------------------------------------------------------------------------+----------------------------------------------------------------------------------------------------------------------------------------+
| g0        | src0      | BUFGCE_DIV/O    | None       | BUFGCE_DIV_X0Y4 | X1Y1         | X0Y1 | BALANCE_CLOCKS_3  |                  |                 6 |       25274 |               0 |        8.000 | axi_adrv9001_dac_1_clk | i_system_wrapper/system_i/axi_adrv9001/inst/i_if/i_tx_1_phy/i_dac_div_clk_rbuf/O                                                       | i_system_wrapper/system_i/axi_adrv9001/inst/i_if/i_tx_1_phy/CLK                                                                        |
| g1        | src0      | BUFGCE/O        | None       | BUFGCE_X0Y30    | X1Y1         | X0Y1 | BALANCE_CLOCKS_3  |                  |                 1 |          14 |               0 |        2.000 | tx1_dclk_out           | i_system_wrapper/system_i/axi_adrv9001/inst/i_if/i_tx_1_phy/i_dac_clk_in_gbuf/O                                                        | i_system_wrapper/system_i/axi_adrv9001/inst/i_if/i_tx_1_phy/dac_fast_clk                                                               |
| g2        | src1      | BUFG_PS/O       | None       | BUFG_PS_X0Y60   | X0Y2         | X0Y1 |                   |                  |                 6 |       10960 |               0 |       10.000 | clk_pl_0               | i_system_wrapper/system_i/sys_ps8/inst/buffer_pl_clk_0.PL_CLK_0_BUFG/O                                                                 | i_system_wrapper/system_i/sys_ps8/inst/pl_clk0                                                                                         |
| g3        | src2      | BUFG_PS/O       | None       | BUFG_PS_X0Y67   | X0Y2         | X0Y0 |                   |                  |                 4 |        7069 |               0 |        4.000 | clk_pl_1               | i_system_wrapper/system_i/sys_ps8/inst/buffer_pl_clk_1.PL_CLK_1_BUFG/O                                                                 | i_system_wrapper/system_i/sys_ps8/inst/pl_clk1                                                                                         |
| g4        | src3      | BUFGCE_DIV/O    | None       | BUFGCE_DIV_X0Y6 | X1Y1         | X0Y1 | BALANCE_CLOCKS_4  |                  |                 5 |        5027 |               0 |        8.000 | axi_adrv9001_dac_2_clk | i_system_wrapper/system_i/axi_adrv9001/inst/i_if/i_tx_2_phy/i_dac_div_clk_rbuf/O                                                       | i_system_wrapper/system_i/axi_adrv9001/inst/i_if/i_tx_2_phy/div_clk                                                                    |
| g5        | src3      | BUFGCE/O        | None       | BUFGCE_X0Y26    | X1Y1         | X0Y1 | BALANCE_CLOCKS_4  |                  |                 1 |          14 |               0 |        2.000 | tx2_dclk_out           | i_system_wrapper/system_i/axi_adrv9001/inst/i_if/i_tx_2_phy/i_dac_clk_in_gbuf/O                                                        | i_system_wrapper/system_i/axi_adrv9001/inst/i_if/i_tx_2_phy/dac_fast_clk                                                               |
| g6        | src4      | BUFGCE_DIV/O    | None       | BUFGCE_DIV_X0Y5 | X1Y1         | X0Y0 | BALANCE_CLOCKS_1  |                  |                 4 |        2378 |               0 |        8.000 | axi_adrv9001_adc_1_clk | i_system_wrapper/system_i/axi_adrv9001/inst/i_if/i_rx_1_phy/i_div_clk_buf/O                                                            | i_system_wrapper/system_i/axi_adrv9001/inst/i_if/i_rx_1_phy/CLK                                                                        |
| g7        | src4      | BUFGCE/O        | None       | BUFGCE_X0Y25    | X1Y1         | X0Y0 | BALANCE_CLOCKS_1  |                  |                 1 |           3 |               0 |        2.000 | rx1_dclk_out           | i_system_wrapper/system_i/axi_adrv9001/inst/i_if/i_rx_1_phy/i_clk_buf_fast/O                                                           | i_system_wrapper/system_i/axi_adrv9001/inst/i_if/i_rx_1_phy/adc_1_clk                                                                  |
| g8        | src5      | BUFGCE_DIV/O    | None       | BUFGCE_DIV_X0Y7 | X1Y1         | X0Y1 | BALANCE_CLOCKS_2  |                  |                 3 |        1989 |               0 |        8.000 | axi_adrv9001_adc_2_clk | i_system_wrapper/system_i/axi_adrv9001/inst/i_if/i_rx_2_phy/i_div_clk_buf/O                                                            | i_system_wrapper/system_i/axi_adrv9001/inst/i_if/i_rx_2_phy/CLK                                                                        |
| g9        | src5      | BUFGCE/O        | None       | BUFGCE_X0Y33    | X1Y1         | X0Y1 | BALANCE_CLOCKS_2  |                  |                 1 |           3 |               0 |        2.000 | rx2_dclk_out           | i_system_wrapper/system_i/axi_adrv9001/inst/i_if/i_rx_2_phy/i_clk_buf_fast/O                                                           | i_system_wrapper/system_i/axi_adrv9001/inst/i_if/i_rx_2_phy/adc_2_clk                                                                  |
| g10       | src6      | BUFGCE/O        | None       | BUFGCE_X0Y22    | X1Y0         | X0Y1 |                   |                  |                 3 |         350 |               0 |        8.000 | ref_clk                | fpga_ref_clk_BUFG_inst/O                                                                                                               | fpga_ref_clk_BUFGCE                                                                                                                    |
| g11       | src7      | BUFG_PS/O       | None       | BUFG_PS_X0Y62   | X0Y2         | X1Y1 |                   |                  |                 1 |           7 |               0 |        2.000 | clk_pl_2               | i_system_wrapper/system_i/sys_ps8/inst/buffer_pl_clk_2.PL_CLK_2_BUFG/O                                                                 | i_system_wrapper/system_i/sys_ps8/inst/pl_clk2                                                                                         |
| g12       | src8      | BUFGCE/O        | None       | BUFGCE_X0Y32    | X1Y1         | X1Y1 | n/a               |                  |                 5 |           0 |           14092 |          n/a | n/a                    | i_system_wrapper/system_i/Receiver_ip_0/inst/u_Receiver_ip_axi_lite_inst/u_Receiver_ip_addr_decoder_inst/Delay11_out1_i_1_bufg_place/O | i_system_wrapper/system_i/Receiver_ip_0/inst/u_Receiver_ip_axi_lite_inst/u_Receiver_ip_addr_decoder_inst/data_reg_axi_enable_1_1_reg_1 |
| g13       | src9      | BUFGCE/O        | None       | BUFGCE_X0Y68    | X1Y2         | X1Y2 | n/a               |                  |                 5 |           0 |           12981 |          n/a | n/a                    | i_system_wrapper/system_i/Receiver_ip_0/inst/u_Receiver_ip_reset_sync_inst/reset_out_1_reg_bufg_place/O                                | i_system_wrapper/system_i/Receiver_ip_0/inst/u_Receiver_ip_reset_sync_inst/reset                                                       |
+-----------+-----------+-----------------+------------+-----------------+--------------+------+-------------------+------------------+-------------------+-------------+-----------------+--------------+------------------------+----------------------------------------------------------------------------------------------------------------------------------------+----------------------------------------------------------------------------------------------------------------------------------------+
* Clock Loads column represents cell count of net connects that connect to a clock pin. Internal cell leaf pins are not considered
** Non-Clock Loads column represents cell count of non-clock pin loads


3. Global Clock Source Details
------------------------------

+-----------+-----------+-----------------+------------+---------------+--------------+-------------+-----------------+---------------------+--------------+-----------------------------------------------------------------------------------------------------------------------------+---------------------------------------------------------------------------------------------------------------------------------------------------+
| Source Id | Global Id | Driver Type/Pin | Constraint | Site          | Clock Region | Clock Loads | Non-Clock Loads | Source Clock Period | Source Clock | Driver Pin                                                                                                                  | Net                                                                                                                                               |
+-----------+-----------+-----------------+------------+---------------+--------------+-------------+-----------------+---------------------+--------------+-----------------------------------------------------------------------------------------------------------------------------+---------------------------------------------------------------------------------------------------------------------------------------------------+
| src0      | g0        | IBUFCTRL/O      | IOB_X2Y80  | IOB_X2Y80     | X1Y1         |           2 |               0 |               2.000 | tx1_dclk_out | i_system_wrapper/system_i/axi_adrv9001/inst/i_if/i_tx_1_phy/i_dac_clk_in_ibuf/IBUFCTRL_INST/O                               | i_system_wrapper/system_i/axi_adrv9001/inst/i_if/i_tx_1_phy/i_dac_clk_in_ibuf/O                                                                   |
| src0      | g1        | IBUFCTRL/O      | IOB_X2Y80  | IOB_X2Y80     | X1Y1         |           2 |               0 |               2.000 | tx1_dclk_out | i_system_wrapper/system_i/axi_adrv9001/inst/i_if/i_tx_1_phy/i_dac_clk_in_ibuf/IBUFCTRL_INST/O                               | i_system_wrapper/system_i/axi_adrv9001/inst/i_if/i_tx_1_phy/i_dac_clk_in_ibuf/O                                                                   |
| src1      | g2        | PS8/PLCLK[0]    | None       | PS8_X0Y0      | X0Y0         |           1 |               0 |              10.000 | clk_pl_0     | i_system_wrapper/system_i/sys_ps8/inst/PS8_i/PLCLK[0]                                                                       | i_system_wrapper/system_i/sys_ps8/inst/pl_clk_unbuffered[0]                                                                                       |
| src2      | g3        | PS8/PLCLK[1]    | None       | PS8_X0Y0      | X0Y0         |           1 |               0 |               4.000 | clk_pl_1     | i_system_wrapper/system_i/sys_ps8/inst/PS8_i/PLCLK[1]                                                                       | i_system_wrapper/system_i/sys_ps8/inst/pl_clk_unbuffered[1]                                                                                       |
| src3      | g4        | IBUFCTRL/O      | IOB_X2Y78  | IOB_X2Y78     | X1Y1         |           2 |               0 |               2.000 | tx2_dclk_out | i_system_wrapper/system_i/axi_adrv9001/inst/i_if/i_tx_2_phy/i_dac_clk_in_ibuf/IBUFCTRL_INST/O                               | i_system_wrapper/system_i/axi_adrv9001/inst/i_if/i_tx_2_phy/i_dac_clk_in_ibuf/O                                                                   |
| src3      | g5        | IBUFCTRL/O      | IOB_X2Y78  | IOB_X2Y78     | X1Y1         |           2 |               0 |               2.000 | tx2_dclk_out | i_system_wrapper/system_i/axi_adrv9001/inst/i_if/i_tx_2_phy/i_dac_clk_in_ibuf/IBUFCTRL_INST/O                               | i_system_wrapper/system_i/axi_adrv9001/inst/i_if/i_tx_2_phy/i_dac_clk_in_ibuf/O                                                                   |
| src4      | g6        | IBUFCTRL/O      | IOB_X2Y73  | IOB_X2Y73     | X1Y1         |          12 |               0 |               2.000 | rx1_dclk_out | i_system_wrapper/system_i/axi_adrv9001/inst/i_if/i_rx_1_phy/i_clk_in_ibuf/IBUFCTRL_INST/O                                   | i_system_wrapper/system_i/axi_adrv9001/inst/i_if/i_rx_1_phy/i_clk_in_ibuf/O                                                                       |
| src4      | g7        | IBUFCTRL/O      | IOB_X2Y73  | IOB_X2Y73     | X1Y1         |          12 |               0 |               2.000 | rx1_dclk_out | i_system_wrapper/system_i/axi_adrv9001/inst/i_if/i_rx_1_phy/i_clk_in_ibuf/IBUFCTRL_INST/O                                   | i_system_wrapper/system_i/axi_adrv9001/inst/i_if/i_rx_1_phy/i_clk_in_ibuf/O                                                                       |
| src5      | g8        | IBUFCTRL/O      | IOB_X2Y75  | IOB_X2Y75     | X1Y1         |          12 |               0 |               2.000 | rx2_dclk_out | i_system_wrapper/system_i/axi_adrv9001/inst/i_if/i_rx_2_phy/i_clk_in_ibuf/IBUFCTRL_INST/O                                   | i_system_wrapper/system_i/axi_adrv9001/inst/i_if/i_rx_2_phy/i_clk_in_ibuf/O                                                                       |
| src5      | g9        | IBUFCTRL/O      | IOB_X2Y75  | IOB_X2Y75     | X1Y1         |          12 |               0 |               2.000 | rx2_dclk_out | i_system_wrapper/system_i/axi_adrv9001/inst/i_if/i_rx_2_phy/i_clk_in_ibuf/IBUFCTRL_INST/O                                   | i_system_wrapper/system_i/axi_adrv9001/inst/i_if/i_rx_2_phy/i_clk_in_ibuf/O                                                                       |
| src6      | g10       | IBUFCTRL/O      | IOB_X2Y23  | IOB_X2Y23     | X1Y0         |           1 |               0 |               8.000 | ref_clk      | i_ibufgs_fpga_ref_clk/IBUFCTRL_INST/O                                                                                       | i_ibufgs_fpga_ref_clk/O                                                                                                                           |
| src7      | g11       | PS8/PLCLK[2]    | None       | PS8_X0Y0      | X0Y0         |           1 |               0 |               2.000 | clk_pl_2     | i_system_wrapper/system_i/sys_ps8/inst/PS8_i/PLCLK[2]                                                                       | i_system_wrapper/system_i/sys_ps8/inst/pl_clk_unbuffered[2]                                                                                       |
| src8      | g12       | LUT2/O          | None       | SLICE_X35Y80  | X1Y1         |           1 |              94 |                     |              | i_system_wrapper/system_i/Receiver_ip_0/inst/u_Receiver_ip_axi_lite_inst/u_Receiver_ip_addr_decoder_inst/Delay11_out1_i_1/O | i_system_wrapper/system_i/Receiver_ip_0/inst/u_Receiver_ip_axi_lite_inst/u_Receiver_ip_addr_decoder_inst/data_reg_axi_enable_1_1_reg_1_bufg_place |
| src9      | g13       | FDPE/Q          | None       | SLICE_X11Y115 | X0Y1         |           1 |               0 |                     |              | i_system_wrapper/system_i/Receiver_ip_0/inst/u_Receiver_ip_reset_sync_inst/reset_out_1_reg/Q                                | i_system_wrapper/system_i/Receiver_ip_0/inst/u_Receiver_ip_reset_sync_inst/reset_bufg_place                                                       |
+-----------+-----------+-----------------+------------+---------------+--------------+-------------+-----------------+---------------------+--------------+-----------------------------------------------------------------------------------------------------------------------------+---------------------------------------------------------------------------------------------------------------------------------------------------+
* Clock Loads column represents cell count of net connects that connect to a clock pin. Internal cell leaf pins are not considered
** Non-Clock Loads column represents cell count of non-clock pin loads


4. Local Clock Details
----------------------

+----------+-----------------+------------+--------------------+--------------+-------------+-----------------+--------------+--------------+-------------------------------------------------------------------------------------------+-----------------------------------------------------------------------------+
| Local Id | Driver Type/Pin | Constraint | Site/BEL           | Clock Region | Clock Loads | Non-Clock Loads | Clock Period | Clock        | Driver Pin                                                                                | Net                                                                         |
+----------+-----------------+------------+--------------------+--------------+-------------+-----------------+--------------+--------------+-------------------------------------------------------------------------------------------+-----------------------------------------------------------------------------+
| 0        | IBUFCTRL/O      | IOB_X2Y73  | IOB_X2Y73/IBUFCTRL | X1Y1         |          12 |               0 |        2.000 | rx1_dclk_out | i_system_wrapper/system_i/axi_adrv9001/inst/i_if/i_rx_1_phy/i_clk_in_ibuf/IBUFCTRL_INST/O | i_system_wrapper/system_i/axi_adrv9001/inst/i_if/i_rx_1_phy/i_clk_in_ibuf/O |
| 1        | IBUFCTRL/O      | IOB_X2Y75  | IOB_X2Y75/IBUFCTRL | X1Y1         |          12 |               0 |        2.000 | rx2_dclk_out | i_system_wrapper/system_i/axi_adrv9001/inst/i_if/i_rx_2_phy/i_clk_in_ibuf/IBUFCTRL_INST/O | i_system_wrapper/system_i/axi_adrv9001/inst/i_if/i_rx_2_phy/i_clk_in_ibuf/O |
+----------+-----------------+------------+--------------------+--------------+-------------+-----------------+--------------+--------------+-------------------------------------------------------------------------------------------+-----------------------------------------------------------------------------+
* Local Clocks in this context represents only clocks driven by non-global buffers
** Clock Loads column represents cell count of net connects that connect to a clock pin. Internal cell leaf pins are not considered
*** Non-Clock Loads column represents cell count of non-clock pin loads


5. Clock Regions : Clock Primitives
-----------------------------------

+-------------------+---------------+---------------+---------------+---------------+---------------+---------------+---------------+---------------+
|                   |  Global Clock |     BUFGCE    |   BUFGCE_DIV  |    BUFGCTRL   |    BUFG_GT    |    BUFG_PS    |      MMCM     |      PLL      |
+-------------------+-------+-------+-------+-------+-------+-------+-------+-------+-------+-------+-------+-------+-------+-------+-------+-------+
| Clock Region Name | Used  | Avail | Used  | Avail | Used  | Avail | Used  | Avail | Used  | Avail | Used  | Avail | Used  | Avail | Used  | Avail |
+-------------------+-------+-------+-------+-------+-------+-------+-------+-------+-------+-------+-------+-------+-------+-------+-------+-------+
| X0Y0              |     8 |    24 |     0 |     4 |     0 |     0 |     0 |     0 |     0 |     0 |     0 |    24 |     0 |     0 |     0 |     0 |
| X1Y0              |     7 |    24 |     1 |    28 |     0 |     4 |     0 |     8 |     0 |     0 |     0 |     0 |     0 |     1 |     0 |     2 |
| X0Y1              |    13 |    24 |     0 |     4 |     0 |     0 |     0 |     0 |     0 |     0 |     0 |    24 |     0 |     0 |     0 |     0 |
| X1Y1              |    13 |    24 |     5 |    24 |     4 |     4 |     0 |     8 |     0 |     0 |     0 |     0 |     0 |     1 |     0 |     2 |
| X0Y2              |     5 |    24 |     0 |     4 |     0 |     0 |     0 |     0 |     0 |     0 |     3 |    24 |     0 |     0 |     0 |     0 |
| X1Y2              |     5 |    24 |     1 |    24 |     0 |     4 |     0 |     8 |     0 |     0 |     0 |     0 |     0 |     1 |     0 |     2 |
+-------------------+-------+-------+-------+-------+-------+-------+-------+-------+-------+-------+-------+-------+-------+-------+-------+-------+
* Global Clock column represents track count; while other columns represents cell counts


6. Clock Regions : Load Primitives
----------------------------------

+-------------------+------------------+------------------+------------------+------------------+------------------+------------------+------------------+
|                   |   Global Clock   |        FF        |      LUTRAM      |  Block RAM (18K) |        DSP       |        GT        |      HARD IP     |
+-------------------+--------+---------+--------+---------+--------+---------+--------+---------+--------+---------+--------+---------+--------+---------+
| Clock Region Name | Used   | Avail   | Used   | Avail   | Used   | Avail   | Used   | Avail   | Used   | Avail   | Used   | Avail   | Used   | Avail   |
+-------------------+--------+---------+--------+---------+--------+---------+--------+---------+--------+---------+--------+---------+--------+---------+
| X0Y0              |      8 |      24 |   8047 |   27840 |    373 |    4800 |      2 |      72 |     10 |      72 |      0 |       0 |      0 |       0 |
| X1Y0              |      7 |      24 |   4908 |   19200 |     73 |    4800 |      8 |      72 |      9 |      48 |      0 |       0 |      0 |       0 |
| X0Y1              |     13 |      24 |  12919 |   27840 |    986 |    4800 |     18 |      72 |     56 |      72 |      0 |       0 |      0 |       0 |
| X1Y1              |     13 |      24 |   9362 |   19200 |    459 |    4800 |      2 |      72 |     22 |      48 |      0 |       0 |      0 |       0 |
| X0Y2              |      5 |      24 |   8068 |   27840 |     33 |    4800 |      0 |      72 |      8 |      72 |      0 |       0 |      0 |       0 |
| X1Y2              |      5 |      24 |   7654 |   19200 |     60 |    4800 |      0 |      72 |      4 |      48 |      0 |       0 |      0 |       0 |
+-------------------+--------+---------+--------+---------+--------+---------+--------+---------+--------+---------+--------+---------+--------+---------+
* Global Clock column represents track count; while other columns represents cell counts


7. Clock Regions : Global Clock Summary
---------------------------------------

All Modules
+----+----+----+
|    | X0 | X1 |
+----+----+----+
| Y2 |  7 |  6 |
| Y1 | 13 | 13 |
| Y0 |  9 |  7 |
+----+----+----+


8. Clock Regions : Routing Resource Utilization
-----------------------------------------------

All Modules
+-------------------+----------------------+----------------------+----------------------+----------------------+
|                   |        HROUTES       |        HDISTRS       |        VROUTES       |        VDISTRS       |
+-------------------+------+-------+-------+------+-------+-------+------+-------+-------+------+-------+-------+
| Clock Region Name | Used | Avail | Util% | Used | Avail | Util% | Used | Avail | Util% | Used | Avail | Util% |
+-------------------+------+-------+-------+------+-------+-------+------+-------+-------+------+-------+-------+
| X0Y0              |    1 |    24 |  4.17 |    8 |    24 | 33.33 |    3 |    24 | 12.50 |    7 |    24 | 29.17 |
| X1Y0              |    2 |    24 |  8.33 |    7 |    24 | 29.17 |    0 |    24 |  0.00 |    2 |    24 |  8.33 |
| X0Y1              |   16 |    24 | 66.67 |   13 |    24 | 54.17 |    5 |    24 | 20.83 |    8 |    24 | 33.33 |
| X1Y1              |   16 |    24 | 66.67 |   13 |    24 | 54.17 |    1 |    24 |  4.17 |    3 |    24 | 12.50 |
| X0Y2              |    6 |    24 | 25.00 |    5 |    24 | 20.83 |    2 |    24 |  8.33 |    0 |    24 |  0.00 |
| X1Y2              |    2 |    24 |  8.33 |    5 |    24 | 20.83 |    1 |    24 |  4.17 |    1 |    24 |  4.17 |
+-------------------+------+-------+-------+------+-------+-------+------+-------+-------+------+-------+-------+


9. Device Cell Placement Summary for Global Clock g0
----------------------------------------------------

+-----------+-----------------+-------------------+------------------------+-------------+---------------+----------+-------------+----------+----------------+----------+-----------------------------------------------------------------+
| Global Id | Driver Type/Pin | Driver Region (D) | Clock                  | Period (ns) | Waveform (ns) | Root (R) | Slice Loads | IO Loads | Clocking Loads | GT Loads | Net                                                             |
+-----------+-----------------+-------------------+------------------------+-------------+---------------+----------+-------------+----------+----------------+----------+-----------------------------------------------------------------+
| g0        | BUFGCE_DIV/O    | X1Y1              | axi_adrv9001_dac_1_clk |       8.000 | {0.000 4.000} | X0Y1     |       25270 |        4 |              0 |        0 | i_system_wrapper/system_i/axi_adrv9001/inst/i_if/i_tx_1_phy/CLK |
+-----------+-----------------+-------------------+------------------------+-------------+---------------+----------+-------------+----------+----------------+----------+-----------------------------------------------------------------+
* Slice Loads column represents load cell count of all cell types other than IO, GT and clock resources
** IO Loads column represents load cell count of IO types
*** Clocking Loads column represents load cell count that are clock resources (global clock buffer, MMCM, PLL, etc)
**** GT Loads column represents load cell count of GT types


+----+----------+-----------+-----------------------+
|    | X0       | X1        | HORIZONTAL PROG DELAY |
+----+----------+-----------+-----------------------+
| Y2 |     1044 |      5827 |                     1 |
| Y1 | (R) 4640 |  (D) 6039 |                     1 |
| Y0 |     2815 |      4909 |                     0 |
+----+----------+-----------+-----------------------+


10. Device Cell Placement Summary for Global Clock g1
-----------------------------------------------------

+-----------+-----------------+-------------------+--------------+-------------+---------------+----------+-------------+----------+----------------+----------+--------------------------------------------------------------------------+
| Global Id | Driver Type/Pin | Driver Region (D) | Clock        | Period (ns) | Waveform (ns) | Root (R) | Slice Loads | IO Loads | Clocking Loads | GT Loads | Net                                                                      |
+-----------+-----------------+-------------------+--------------+-------------+---------------+----------+-------------+----------+----------------+----------+--------------------------------------------------------------------------+
| g1        | BUFGCE/O        | X1Y1              | tx1_dclk_out |       2.000 | {0.000 1.000} | X0Y1     |          10 |        4 |              0 |        0 | i_system_wrapper/system_i/axi_adrv9001/inst/i_if/i_tx_1_phy/dac_fast_clk |
+-----------+-----------------+-------------------+--------------+-------------+---------------+----------+-------------+----------+----------------+----------+--------------------------------------------------------------------------+
* Slice Loads column represents load cell count of all cell types other than IO, GT and clock resources
** IO Loads column represents load cell count of IO types
*** Clocking Loads column represents load cell count that are clock resources (global clock buffer, MMCM, PLL, etc)
**** GT Loads column represents load cell count of GT types


+----+-------+---------+-----------------------+
|    | X0    | X1      | HORIZONTAL PROG DELAY |
+----+-------+---------+-----------------------+
| Y2 |     0 |       0 |                     - |
| Y1 | (R) 0 |  (D) 14 |                     1 |
| Y0 |     0 |       0 |                     - |
+----+-------+---------+-----------------------+


11. Device Cell Placement Summary for Global Clock g2
-----------------------------------------------------

+-----------+-----------------+-------------------+----------+-------------+---------------+----------+-------------+----------+----------------+----------+------------------------------------------------+
| Global Id | Driver Type/Pin | Driver Region (D) | Clock    | Period (ns) | Waveform (ns) | Root (R) | Slice Loads | IO Loads | Clocking Loads | GT Loads | Net                                            |
+-----------+-----------------+-------------------+----------+-------------+---------------+----------+-------------+----------+----------------+----------+------------------------------------------------+
| g2        | BUFG_PS/O       | X0Y2              | clk_pl_0 |      10.000 | {0.000 5.000} | X0Y1     |       10960 |        0 |              0 |        0 | i_system_wrapper/system_i/sys_ps8/inst/pl_clk0 |
+-----------+-----------------+-------------------+----------+-------------+---------------+----------+-------------+----------+----------------+----------+------------------------------------------------+
* Slice Loads column represents load cell count of all cell types other than IO, GT and clock resources
** IO Loads column represents load cell count of IO types
*** Clocking Loads column represents load cell count that are clock resources (global clock buffer, MMCM, PLL, etc)
**** GT Loads column represents load cell count of GT types


+----+-----------+-------+-----------------------+
|    | X0        | X1    | HORIZONTAL PROG DELAY |
+----+-----------+-------+-----------------------+
| Y2 |  (D) 2365 |  1826 |                     1 |
| Y1 |  (R) 5396 |  1289 |                     1 |
| Y0 |        83 |     1 |                     0 |
+----+-----------+-------+-----------------------+


12. Device Cell Placement Summary for Global Clock g3
-----------------------------------------------------

+-----------+-----------------+-------------------+----------+-------------+---------------+----------+-------------+----------+----------------+----------+------------------------------------------------+
| Global Id | Driver Type/Pin | Driver Region (D) | Clock    | Period (ns) | Waveform (ns) | Root (R) | Slice Loads | IO Loads | Clocking Loads | GT Loads | Net                                            |
+-----------+-----------------+-------------------+----------+-------------+---------------+----------+-------------+----------+----------------+----------+------------------------------------------------+
| g3        | BUFG_PS/O       | X0Y2              | clk_pl_1 |       4.000 | {0.000 2.000} | X0Y0     |        7069 |        0 |              0 |        0 | i_system_wrapper/system_i/sys_ps8/inst/pl_clk1 |
+-----------+-----------------+-------------------+----------+-------------+---------------+----------+-------------+----------+----------------+----------+------------------------------------------------+
* Slice Loads column represents load cell count of all cell types other than IO, GT and clock resources
** IO Loads column represents load cell count of IO types
*** Clocking Loads column represents load cell count that are clock resources (global clock buffer, MMCM, PLL, etc)
**** GT Loads column represents load cell count of GT types


+----+----------+------+-----------------------+
|    | X0       | X1   | HORIZONTAL PROG DELAY |
+----+----------+------+-----------------------+
| Y2 |    (D) 0 |    0 |                     - |
| Y1 |     1287 |  260 |                     0 |
| Y0 | (R) 5471 |   51 |                     0 |
+----+----------+------+-----------------------+


13. Device Cell Placement Summary for Global Clock g4
-----------------------------------------------------

+-----------+-----------------+-------------------+------------------------+-------------+---------------+----------+-------------+----------+----------------+----------+---------------------------------------------------------------------+
| Global Id | Driver Type/Pin | Driver Region (D) | Clock                  | Period (ns) | Waveform (ns) | Root (R) | Slice Loads | IO Loads | Clocking Loads | GT Loads | Net                                                                 |
+-----------+-----------------+-------------------+------------------------+-------------+---------------+----------+-------------+----------+----------------+----------+---------------------------------------------------------------------+
| g4        | BUFGCE_DIV/O    | X1Y1              | axi_adrv9001_dac_2_clk |       8.000 | {0.000 4.000} | X0Y1     |        5023 |        4 |              0 |        0 | i_system_wrapper/system_i/axi_adrv9001/inst/i_if/i_tx_2_phy/div_clk |
+-----------+-----------------+-------------------+------------------------+-------------+---------------+----------+-------------+----------+----------------+----------+---------------------------------------------------------------------+
* Slice Loads column represents load cell count of all cell types other than IO, GT and clock resources
** IO Loads column represents load cell count of IO types
*** Clocking Loads column represents load cell count that are clock resources (global clock buffer, MMCM, PLL, etc)
**** GT Loads column represents load cell count of GT types


+----+---------+----------+-----------------------+
|    | X0      | X1       | HORIZONTAL PROG DELAY |
+----+---------+----------+-----------------------+
| Y2 |    4653 |       66 |                     1 |
| Y1 | (R) 148 |  (D) 138 |                     1 |
| Y0 |      22 |        0 |                     0 |
+----+---------+----------+-----------------------+


14. Device Cell Placement Summary for Global Clock g5
-----------------------------------------------------

+-----------+-----------------+-------------------+--------------+-------------+---------------+----------+-------------+----------+----------------+----------+--------------------------------------------------------------------------+
| Global Id | Driver Type/Pin | Driver Region (D) | Clock        | Period (ns) | Waveform (ns) | Root (R) | Slice Loads | IO Loads | Clocking Loads | GT Loads | Net                                                                      |
+-----------+-----------------+-------------------+--------------+-------------+---------------+----------+-------------+----------+----------------+----------+--------------------------------------------------------------------------+
| g5        | BUFGCE/O        | X1Y1              | tx2_dclk_out |       2.000 | {0.000 1.000} | X0Y1     |          10 |        4 |              0 |        0 | i_system_wrapper/system_i/axi_adrv9001/inst/i_if/i_tx_2_phy/dac_fast_clk |
+-----------+-----------------+-------------------+--------------+-------------+---------------+----------+-------------+----------+----------------+----------+--------------------------------------------------------------------------+
* Slice Loads column represents load cell count of all cell types other than IO, GT and clock resources
** IO Loads column represents load cell count of IO types
*** Clocking Loads column represents load cell count that are clock resources (global clock buffer, MMCM, PLL, etc)
**** GT Loads column represents load cell count of GT types


+----+-------+---------+-----------------------+
|    | X0    | X1      | HORIZONTAL PROG DELAY |
+----+-------+---------+-----------------------+
| Y2 |     0 |       0 |                     - |
| Y1 | (R) 0 |  (D) 14 |                     1 |
| Y0 |     0 |       0 |                     - |
+----+-------+---------+-----------------------+


15. Device Cell Placement Summary for Global Clock g6
-----------------------------------------------------

+-----------+-----------------+-------------------+------------------------+-------------+---------------+----------+-------------+----------+----------------+----------+-----------------------------------------------------------------+
| Global Id | Driver Type/Pin | Driver Region (D) | Clock                  | Period (ns) | Waveform (ns) | Root (R) | Slice Loads | IO Loads | Clocking Loads | GT Loads | Net                                                             |
+-----------+-----------------+-------------------+------------------------+-------------+---------------+----------+-------------+----------+----------------+----------+-----------------------------------------------------------------+
| g6        | BUFGCE_DIV/O    | X1Y1              | axi_adrv9001_adc_1_clk |       8.000 | {0.000 4.000} | X0Y0     |        2375 |        3 |              0 |        0 | i_system_wrapper/system_i/axi_adrv9001/inst/i_if/i_rx_1_phy/CLK |
+-----------+-----------------+-------------------+------------------------+-------------+---------------+----------+-------------+----------+----------------+----------+-----------------------------------------------------------------+
* Slice Loads column represents load cell count of all cell types other than IO, GT and clock resources
** IO Loads column represents load cell count of IO types
*** Clocking Loads column represents load cell count that are clock resources (global clock buffer, MMCM, PLL, etc)
**** GT Loads column represents load cell count of GT types


+----+--------+-----------+-----------------------+
|    | X0     | X1        | HORIZONTAL PROG DELAY |
+----+--------+-----------+-----------------------+
| Y2 |      0 |         0 |                     - |
| Y1 |    603 |  (D) 1700 |                     0 |
| Y0 | (R) 43 |        32 |                     0 |
+----+--------+-----------+-----------------------+


16. Device Cell Placement Summary for Global Clock g7
-----------------------------------------------------

+-----------+-----------------+-------------------+--------------+-------------+---------------+----------+-------------+----------+----------------+----------+-----------------------------------------------------------------------+
| Global Id | Driver Type/Pin | Driver Region (D) | Clock        | Period (ns) | Waveform (ns) | Root (R) | Slice Loads | IO Loads | Clocking Loads | GT Loads | Net                                                                   |
+-----------+-----------------+-------------------+--------------+-------------+---------------+----------+-------------+----------+----------------+----------+-----------------------------------------------------------------------+
| g7        | BUFGCE/O        | X1Y1              | rx1_dclk_out |       2.000 | {0.000 1.000} | X0Y0     |           0 |        3 |              0 |        0 | i_system_wrapper/system_i/axi_adrv9001/inst/i_if/i_rx_1_phy/adc_1_clk |
+-----------+-----------------+-------------------+--------------+-------------+---------------+----------+-------------+----------+----------------+----------+-----------------------------------------------------------------------+
* Slice Loads column represents load cell count of all cell types other than IO, GT and clock resources
** IO Loads column represents load cell count of IO types
*** Clocking Loads column represents load cell count that are clock resources (global clock buffer, MMCM, PLL, etc)
**** GT Loads column represents load cell count of GT types


+----+-------+--------+-----------------------+
|    | X0    | X1     | HORIZONTAL PROG DELAY |
+----+-------+--------+-----------------------+
| Y2 |     0 |      0 |                     - |
| Y1 |     0 |  (D) 3 |                     0 |
| Y0 | (R) 0 |      0 |                     - |
+----+-------+--------+-----------------------+


17. Device Cell Placement Summary for Global Clock g8
-----------------------------------------------------

+-----------+-----------------+-------------------+------------------------+-------------+---------------+----------+-------------+----------+----------------+----------+-----------------------------------------------------------------+
| Global Id | Driver Type/Pin | Driver Region (D) | Clock                  | Period (ns) | Waveform (ns) | Root (R) | Slice Loads | IO Loads | Clocking Loads | GT Loads | Net                                                             |
+-----------+-----------------+-------------------+------------------------+-------------+---------------+----------+-------------+----------+----------------+----------+-----------------------------------------------------------------+
| g8        | BUFGCE_DIV/O    | X1Y1              | axi_adrv9001_adc_2_clk |       8.000 | {0.000 4.000} | X0Y1     |        1986 |        3 |              0 |        0 | i_system_wrapper/system_i/axi_adrv9001/inst/i_if/i_rx_2_phy/CLK |
+-----------+-----------------+-------------------+------------------------+-------------+---------------+----------+-------------+----------+----------------+----------+-----------------------------------------------------------------+
* Slice Loads column represents load cell count of all cell types other than IO, GT and clock resources
** IO Loads column represents load cell count of IO types
*** Clocking Loads column represents load cell count that are clock resources (global clock buffer, MMCM, PLL, etc)
**** GT Loads column represents load cell count of GT types


+----+----------+----------+-----------------------+
|    | X0       | X1       | HORIZONTAL PROG DELAY |
+----+----------+----------+-----------------------+
| Y2 |       38 |        0 |                     0 |
| Y1 | (R) 1557 |  (D) 394 |                     0 |
| Y0 |        0 |        0 |                     - |
+----+----------+----------+-----------------------+


18. Device Cell Placement Summary for Global Clock g9
-----------------------------------------------------

+-----------+-----------------+-------------------+--------------+-------------+---------------+----------+-------------+----------+----------------+----------+-----------------------------------------------------------------------+
| Global Id | Driver Type/Pin | Driver Region (D) | Clock        | Period (ns) | Waveform (ns) | Root (R) | Slice Loads | IO Loads | Clocking Loads | GT Loads | Net                                                                   |
+-----------+-----------------+-------------------+--------------+-------------+---------------+----------+-------------+----------+----------------+----------+-----------------------------------------------------------------------+
| g9        | BUFGCE/O        | X1Y1              | rx2_dclk_out |       2.000 | {0.000 1.000} | X0Y1     |           0 |        3 |              0 |        0 | i_system_wrapper/system_i/axi_adrv9001/inst/i_if/i_rx_2_phy/adc_2_clk |
+-----------+-----------------+-------------------+--------------+-------------+---------------+----------+-------------+----------+----------------+----------+-----------------------------------------------------------------------+
* Slice Loads column represents load cell count of all cell types other than IO, GT and clock resources
** IO Loads column represents load cell count of IO types
*** Clocking Loads column represents load cell count that are clock resources (global clock buffer, MMCM, PLL, etc)
**** GT Loads column represents load cell count of GT types


+----+-------+--------+-----------------------+
|    | X0    | X1     | HORIZONTAL PROG DELAY |
+----+-------+--------+-----------------------+
| Y2 |     0 |      0 |                     - |
| Y1 | (R) 0 |  (D) 3 |                     0 |
| Y0 |     0 |      0 |                     - |
+----+-------+--------+-----------------------+


19. Device Cell Placement Summary for Global Clock g10
------------------------------------------------------

+-----------+-----------------+-------------------+---------+-------------+---------------+----------+-------------+----------+----------------+----------+---------------------+
| Global Id | Driver Type/Pin | Driver Region (D) | Clock   | Period (ns) | Waveform (ns) | Root (R) | Slice Loads | IO Loads | Clocking Loads | GT Loads | Net                 |
+-----------+-----------------+-------------------+---------+-------------+---------------+----------+-------------+----------+----------------+----------+---------------------+
| g10       | BUFGCE/O        | X1Y0              | ref_clk |       8.000 | {0.000 4.000} | X0Y1     |         350 |        0 |              0 |        0 | fpga_ref_clk_BUFGCE |
+-----------+-----------------+-------------------+---------+-------------+---------------+----------+-------------+----------+----------------+----------+---------------------+
* Slice Loads column represents load cell count of all cell types other than IO, GT and clock resources
** IO Loads column represents load cell count of IO types
*** Clocking Loads column represents load cell count that are clock resources (global clock buffer, MMCM, PLL, etc)
**** GT Loads column represents load cell count of GT types


+----+---------+--------+-----------------------+
|    | X0      | X1     | HORIZONTAL PROG DELAY |
+----+---------+--------+-----------------------+
| Y2 |       9 |      0 |                     1 |
| Y1 | (R) 340 |      0 |                     1 |
| Y0 |       0 |  (D) 1 |                     0 |
+----+---------+--------+-----------------------+


20. Device Cell Placement Summary for Global Clock g11
------------------------------------------------------

+-----------+-----------------+-------------------+----------+-------------+---------------+----------+-------------+----------+----------------+----------+------------------------------------------------+
| Global Id | Driver Type/Pin | Driver Region (D) | Clock    | Period (ns) | Waveform (ns) | Root (R) | Slice Loads | IO Loads | Clocking Loads | GT Loads | Net                                            |
+-----------+-----------------+-------------------+----------+-------------+---------------+----------+-------------+----------+----------------+----------+------------------------------------------------+
| g11       | BUFG_PS/O       | X0Y2              | clk_pl_2 |       2.000 | {0.000 1.000} | X1Y1     |           7 |        0 |              0 |        0 | i_system_wrapper/system_i/sys_ps8/inst/pl_clk2 |
+-----------+-----------------+-------------------+----------+-------------+---------------+----------+-------------+----------+----------------+----------+------------------------------------------------+
* Slice Loads column represents load cell count of all cell types other than IO, GT and clock resources
** IO Loads column represents load cell count of IO types
*** Clocking Loads column represents load cell count that are clock resources (global clock buffer, MMCM, PLL, etc)
**** GT Loads column represents load cell count of GT types


+----+--------+-------+-----------------------+
|    | X0     | X1    | HORIZONTAL PROG DELAY |
+----+--------+-------+-----------------------+
| Y2 |  (D) 0 |     0 |                     - |
| Y1 |      0 | (R) 7 |                     0 |
| Y0 |      0 |     0 |                     - |
+----+--------+-------+-----------------------+


21. Device Cell Placement Summary for Global Clock g12
------------------------------------------------------

+-----------+-----------------+-------------------+-------+-------------+---------------+----------+-------------+----------+----------------+----------+----------------------------------------------------------------------------------------------------------------------------------------+
| Global Id | Driver Type/Pin | Driver Region (D) | Clock | Period (ns) | Waveform (ns) | Root (R) | Slice Loads | IO Loads | Clocking Loads | GT Loads | Net                                                                                                                                    |
+-----------+-----------------+-------------------+-------+-------------+---------------+----------+-------------+----------+----------------+----------+----------------------------------------------------------------------------------------------------------------------------------------+
| g12       | BUFGCE/O        | X1Y1              |       |             |               | X1Y1     |       14092 |        0 |              0 |        0 | i_system_wrapper/system_i/Receiver_ip_0/inst/u_Receiver_ip_axi_lite_inst/u_Receiver_ip_addr_decoder_inst/data_reg_axi_enable_1_1_reg_1 |
+-----------+-----------------+-------------------+-------+-------------+---------------+----------+-------------+----------+----------------+----------+----------------------------------------------------------------------------------------------------------------------------------------+
* Slice Loads column represents load cell count of all cell types other than IO, GT and clock resources
** IO Loads column represents load cell count of IO types
*** Clocking Loads column represents load cell count that are clock resources (global clock buffer, MMCM, PLL, etc)
**** GT Loads column represents load cell count of GT types


+----+-------+--------------+-----------------------+
|    | X0    | X1           | HORIZONTAL PROG DELAY |
+----+-------+--------------+-----------------------+
| Y2 |     0 |           10 |                     0 |
| Y1 |  3135 | (R) (D) 3597 |                     0 |
| Y0 |  2599 |         4751 |                     0 |
+----+-------+--------------+-----------------------+


22. Device Cell Placement Summary for Global Clock g13
------------------------------------------------------

+-----------+-----------------+-------------------+-------+-------------+---------------+----------+-------------+----------+----------------+----------+----------------------------------------------------------------------------------+
| Global Id | Driver Type/Pin | Driver Region (D) | Clock | Period (ns) | Waveform (ns) | Root (R) | Slice Loads | IO Loads | Clocking Loads | GT Loads | Net                                                                              |
+-----------+-----------------+-------------------+-------+-------------+---------------+----------+-------------+----------+----------------+----------+----------------------------------------------------------------------------------+
| g13       | BUFGCE/O        | X1Y2              |       |             |               | X1Y2     |       12981 |        0 |              0 |        0 | i_system_wrapper/system_i/Receiver_ip_0/inst/u_Receiver_ip_reset_sync_inst/reset |
+-----------+-----------------+-------------------+-------+-------------+---------------+----------+-------------+----------+----------------+----------+----------------------------------------------------------------------------------+
* Slice Loads column represents load cell count of all cell types other than IO, GT and clock resources
** IO Loads column represents load cell count of IO types
*** Clocking Loads column represents load cell count that are clock resources (global clock buffer, MMCM, PLL, etc)
**** GT Loads column represents load cell count of GT types


+----+-------+------------+-----------------------+
|    | X0    | X1         | HORIZONTAL PROG DELAY |
+----+-------+------------+-----------------------+
| Y2 |     0 | (R) (D) 10 |                     0 |
| Y1 |  2480 |       3193 |                     0 |
| Y0 |  2565 |       4733 |                     0 |
+----+-------+------------+-----------------------+


23. Clock Region Cell Placement per Global Clock: Region X0Y0
-------------------------------------------------------------

+-----------+-------+-----------------+------------+-------------+-----------------+------+-------------+------+-----+----+------+-----+---------+----------------------------------------------------------------------------------------------------------------------------------------+
| Global Id | Track | Driver Type/Pin | Constraint | Clock Loads | Non-Clock Loads | FF   | Memory LUTs | RAMB | DSP | GT | MMCM | PLL | Hard IP | Net                                                                                                                                    |
+-----------+-------+-----------------+------------+-------------+-----------------+------+-------------+------+-----+----+------+-----+---------+----------------------------------------------------------------------------------------------------------------------------------------+
| g0        | 0     | BUFGCE_DIV/O    | None       |        2815 |               0 | 2765 |          40 |    0 |  10 |  0 |    0 |   0 |       0 | i_system_wrapper/system_i/axi_adrv9001/inst/i_if/i_tx_1_phy/CLK                                                                        |
| g2        | 12    | BUFG_PS/O       | None       |          83 |               0 |   82 |           0 |    0 |   0 |  0 |    0 |   0 |       0 | i_system_wrapper/system_i/sys_ps8/inst/pl_clk0                                                                                         |
| g3        | 19    | BUFG_PS/O       | None       |        5471 |               0 | 5136 |         333 |    1 |   0 |  0 |    0 |   0 |       0 | i_system_wrapper/system_i/sys_ps8/inst/pl_clk1                                                                                         |
| g4        | 3     | BUFGCE_DIV/O    | None       |          22 |               0 |   21 |           0 |    1 |   0 |  0 |    0 |   0 |       0 | i_system_wrapper/system_i/axi_adrv9001/inst/i_if/i_tx_2_phy/div_clk                                                                    |
| g6        | 4     | BUFGCE_DIV/O    | None       |          43 |               0 |   43 |           0 |    0 |   0 |  0 |    0 |   0 |       0 | i_system_wrapper/system_i/axi_adrv9001/inst/i_if/i_rx_1_phy/CLK                                                                        |
| g10+      | 22    | BUFGCE/O        | None       |           0 |               0 |    0 |           0 |    0 |   0 |  0 |    0 |   0 |       0 | fpga_ref_clk_BUFGCE                                                                                                                    |
| g7+       | 1     | BUFGCE/O        | None       |           0 |               0 |    0 |           0 |    0 |   0 |  0 |    0 |   0 |       0 | i_system_wrapper/system_i/axi_adrv9001/inst/i_if/i_rx_1_phy/adc_1_clk                                                                  |
| g12       | 8     | BUFGCE/O        | None       |           0 |            2599 | 2549 |          40 |    0 |  10 |  0 |    0 |   0 |       0 | i_system_wrapper/system_i/Receiver_ip_0/inst/u_Receiver_ip_axi_lite_inst/u_Receiver_ip_addr_decoder_inst/data_reg_axi_enable_1_1_reg_1 |
| g13       | 20    | BUFGCE/O        | None       |           0 |            2565 | 2565 |           0 |    0 |   0 |  0 |    0 |   0 |       0 | i_system_wrapper/system_i/Receiver_ip_0/inst/u_Receiver_ip_reset_sync_inst/reset                                                       |
+-----------+-------+-----------------+------------+-------------+-----------------+------+-------------+------+-----+----+------+-----+---------+----------------------------------------------------------------------------------------------------------------------------------------+
* Clock Loads column represents cell count of net connects that connect to a clock pin. Internal cell leaf pins are not considered
** Non-Clock Loads column represents cell count of non-clock pin loads
*** Columns FF, LUTRAM, RAMB through 'Hard IP' represents load cell counts
**** In Global Id column, sympbol '+' indicates that global clock was used only to route through the clock region.


24. Clock Region Cell Placement per Global Clock: Region X1Y0
-------------------------------------------------------------

+-----------+-------+-----------------+------------+-------------+-----------------+------+-------------+------+-----+----+------+-----+---------+----------------------------------------------------------------------------------------------------------------------------------------+
| Global Id | Track | Driver Type/Pin | Constraint | Clock Loads | Non-Clock Loads | FF   | Memory LUTs | RAMB | DSP | GT | MMCM | PLL | Hard IP | Net                                                                                                                                    |
+-----------+-------+-----------------+------------+-------------+-----------------+------+-------------+------+-----+----+------+-----+---------+----------------------------------------------------------------------------------------------------------------------------------------+
| g0        | 0     | BUFGCE_DIV/O    | None       |        4909 |               0 | 4823 |          73 |    4 |   9 |  0 |    0 |   0 |       0 | i_system_wrapper/system_i/axi_adrv9001/inst/i_if/i_tx_1_phy/CLK                                                                        |
| g2        | 12    | BUFG_PS/O       | None       |           1 |               0 |    1 |           0 |    0 |   0 |  0 |    0 |   0 |       0 | i_system_wrapper/system_i/sys_ps8/inst/pl_clk0                                                                                         |
| g3        | 19    | BUFG_PS/O       | None       |          51 |               0 |   51 |           0 |    0 |   0 |  0 |    0 |   0 |       0 | i_system_wrapper/system_i/sys_ps8/inst/pl_clk1                                                                                         |
| g6        | 4     | BUFGCE_DIV/O    | None       |          32 |               0 |   32 |           0 |    0 |   0 |  0 |    0 |   0 |       0 | i_system_wrapper/system_i/axi_adrv9001/inst/i_if/i_rx_1_phy/CLK                                                                        |
| g10       | 22    | BUFGCE/O        | None       |           1 |               0 |    1 |           0 |    0 |   0 |  0 |    0 |   0 |       0 | fpga_ref_clk_BUFGCE                                                                                                                    |
| g12       | 8     | BUFGCE/O        | None       |           0 |            4751 | 4692 |          57 |    0 |   2 |  0 |    0 |   0 |       0 | i_system_wrapper/system_i/Receiver_ip_0/inst/u_Receiver_ip_axi_lite_inst/u_Receiver_ip_addr_decoder_inst/data_reg_axi_enable_1_1_reg_1 |
| g13       | 20    | BUFGCE/O        | None       |           0 |            4733 | 4733 |           0 |    0 |   0 |  0 |    0 |   0 |       0 | i_system_wrapper/system_i/Receiver_ip_0/inst/u_Receiver_ip_reset_sync_inst/reset                                                       |
+-----------+-------+-----------------+------------+-------------+-----------------+------+-------------+------+-----+----+------+-----+---------+----------------------------------------------------------------------------------------------------------------------------------------+
* Clock Loads column represents cell count of net connects that connect to a clock pin. Internal cell leaf pins are not considered
** Non-Clock Loads column represents cell count of non-clock pin loads
*** Columns FF, LUTRAM, RAMB through 'Hard IP' represents load cell counts


25. Clock Region Cell Placement per Global Clock: Region X0Y1
-------------------------------------------------------------

+-----------+-------+-----------------+------------+-------------+-----------------+------+-------------+------+-----+----+------+-----+---------+----------------------------------------------------------------------------------------------------------------------------------------+
| Global Id | Track | Driver Type/Pin | Constraint | Clock Loads | Non-Clock Loads | FF   | Memory LUTs | RAMB | DSP | GT | MMCM | PLL | Hard IP | Net                                                                                                                                    |
+-----------+-------+-----------------+------------+-------------+-----------------+------+-------------+------+-----+----+------+-----+---------+----------------------------------------------------------------------------------------------------------------------------------------+
| g0        | 0     | BUFGCE_DIV/O    | None       |        4640 |               0 | 4097 |         479 |    8 |  56 |  0 |    0 |   0 |       0 | i_system_wrapper/system_i/axi_adrv9001/inst/i_if/i_tx_1_phy/CLK                                                                        |
| g2        | 12    | BUFG_PS/O       | None       |        5396 |               0 | 5384 |          12 |    0 |   0 |  0 |    0 |   0 |       0 | i_system_wrapper/system_i/sys_ps8/inst/pl_clk0                                                                                         |
| g3        | 19    | BUFG_PS/O       | None       |        1287 |               0 | 1205 |          81 |    1 |   0 |  0 |    0 |   0 |       0 | i_system_wrapper/system_i/sys_ps8/inst/pl_clk1                                                                                         |
| g4        | 3     | BUFGCE_DIV/O    | None       |         148 |               0 |  147 |           1 |    0 |   0 |  0 |    0 |   0 |       0 | i_system_wrapper/system_i/axi_adrv9001/inst/i_if/i_tx_2_phy/div_clk                                                                    |
| g6        | 4     | BUFGCE_DIV/O    | None       |         603 |               0 |  481 |         122 |    0 |   0 |  0 |    0 |   0 |       0 | i_system_wrapper/system_i/axi_adrv9001/inst/i_if/i_rx_1_phy/CLK                                                                        |
| g8        | 5     | BUFGCE_DIV/O    | None       |        1557 |               0 | 1265 |         291 |    1 |   0 |  0 |    0 |   0 |       0 | i_system_wrapper/system_i/axi_adrv9001/inst/i_if/i_rx_2_phy/CLK                                                                        |
| g10       | 22    | BUFGCE/O        | None       |         340 |               0 |  340 |           0 |    0 |   0 |  0 |    0 |   0 |       0 | fpga_ref_clk_BUFGCE                                                                                                                    |
| g1+       | 6     | BUFGCE/O        | None       |           0 |               0 |    0 |           0 |    0 |   0 |  0 |    0 |   0 |       0 | i_system_wrapper/system_i/axi_adrv9001/inst/i_if/i_tx_1_phy/dac_fast_clk                                                               |
| g5+       | 2     | BUFGCE/O        | None       |           0 |               0 |    0 |           0 |    0 |   0 |  0 |    0 |   0 |       0 | i_system_wrapper/system_i/axi_adrv9001/inst/i_if/i_tx_2_phy/dac_fast_clk                                                               |
| g7+       | 1     | BUFGCE/O        | None       |           0 |               0 |    0 |           0 |    0 |   0 |  0 |    0 |   0 |       0 | i_system_wrapper/system_i/axi_adrv9001/inst/i_if/i_rx_1_phy/adc_1_clk                                                                  |
| g9+       | 9     | BUFGCE/O        | None       |           0 |               0 |    0 |           0 |    0 |   0 |  0 |    0 |   0 |       0 | i_system_wrapper/system_i/axi_adrv9001/inst/i_if/i_rx_2_phy/adc_2_clk                                                                  |
| g12       | 8     | BUFGCE/O        | None       |           0 |            3135 | 2678 |         434 |    2 |  21 |  0 |    0 |   0 |       0 | i_system_wrapper/system_i/Receiver_ip_0/inst/u_Receiver_ip_axi_lite_inst/u_Receiver_ip_addr_decoder_inst/data_reg_axi_enable_1_1_reg_1 |
| g13       | 20    | BUFGCE/O        | None       |           0 |            2480 | 2480 |           0 |    0 |   0 |  0 |    0 |   0 |       0 | i_system_wrapper/system_i/Receiver_ip_0/inst/u_Receiver_ip_reset_sync_inst/reset                                                       |
+-----------+-------+-----------------+------------+-------------+-----------------+------+-------------+------+-----+----+------+-----+---------+----------------------------------------------------------------------------------------------------------------------------------------+
* Clock Loads column represents cell count of net connects that connect to a clock pin. Internal cell leaf pins are not considered
** Non-Clock Loads column represents cell count of non-clock pin loads
*** Columns FF, LUTRAM, RAMB through 'Hard IP' represents load cell counts
**** In Global Id column, sympbol '+' indicates that global clock was used only to route through the clock region.


26. Clock Region Cell Placement per Global Clock: Region X1Y1
-------------------------------------------------------------

+-----------+-------+-----------------+------------+-------------+-----------------+------+-------------+------+-----+----+------+-----+---------+----------------------------------------------------------------------------------------------------------------------------------------+
| Global Id | Track | Driver Type/Pin | Constraint | Clock Loads | Non-Clock Loads | FF   | Memory LUTs | RAMB | DSP | GT | MMCM | PLL | Hard IP | Net                                                                                                                                    |
+-----------+-------+-----------------+------------+-------------+-----------------+------+-------------+------+-----+----+------+-----+---------+----------------------------------------------------------------------------------------------------------------------------------------+
| g0        | 0     | BUFGCE_DIV/O    | None       |        6039 |               0 | 5730 |         283 |    0 |  22 |  0 |    0 |   0 |       0 | i_system_wrapper/system_i/axi_adrv9001/inst/i_if/i_tx_1_phy/CLK                                                                        |
| g2        | 12    | BUFG_PS/O       | None       |        1289 |               0 | 1288 |           1 |    0 |   0 |  0 |    0 |   0 |       0 | i_system_wrapper/system_i/sys_ps8/inst/pl_clk0                                                                                         |
| g3        | 19    | BUFG_PS/O       | None       |         260 |               0 |  257 |           2 |    1 |   0 |  0 |    0 |   0 |       0 | i_system_wrapper/system_i/sys_ps8/inst/pl_clk1                                                                                         |
| g4        | 3     | BUFGCE_DIV/O    | None       |         138 |               0 |  134 |           0 |    0 |   0 |  0 |    0 |   0 |       0 | i_system_wrapper/system_i/axi_adrv9001/inst/i_if/i_tx_2_phy/div_clk                                                                    |
| g6        | 4     | BUFGCE_DIV/O    | None       |        1700 |               0 | 1520 |         173 |    1 |   0 |  0 |    0 |   0 |       0 | i_system_wrapper/system_i/axi_adrv9001/inst/i_if/i_rx_1_phy/CLK                                                                        |
| g8        | 5     | BUFGCE_DIV/O    | None       |         394 |               0 |  388 |           0 |    0 |   0 |  0 |    0 |   0 |       0 | i_system_wrapper/system_i/axi_adrv9001/inst/i_if/i_rx_2_phy/CLK                                                                        |
| g1        | 6     | BUFGCE/O        | None       |          14 |               0 |   10 |           0 |    0 |   0 |  0 |    0 |   0 |       0 | i_system_wrapper/system_i/axi_adrv9001/inst/i_if/i_tx_1_phy/dac_fast_clk                                                               |
| g5        | 2     | BUFGCE/O        | None       |          14 |               0 |   10 |           0 |    0 |   0 |  0 |    0 |   0 |       0 | i_system_wrapper/system_i/axi_adrv9001/inst/i_if/i_tx_2_phy/dac_fast_clk                                                               |
| g11       | 14    | BUFG_PS/O       | None       |           7 |               0 |    5 |           0 |    0 |   0 |  0 |    0 |   0 |       0 | i_system_wrapper/system_i/sys_ps8/inst/pl_clk2                                                                                         |
| g7        | 1     | BUFGCE/O        | None       |           3 |               0 |    0 |           0 |    0 |   0 |  0 |    0 |   0 |       0 | i_system_wrapper/system_i/axi_adrv9001/inst/i_if/i_rx_1_phy/adc_1_clk                                                                  |
| g9        | 9     | BUFGCE/O        | None       |           3 |               0 |    0 |           0 |    0 |   0 |  0 |    0 |   0 |       0 | i_system_wrapper/system_i/axi_adrv9001/inst/i_if/i_rx_2_phy/adc_2_clk                                                                  |
| g12       | 8     | BUFGCE/O        | None       |           0 |            3597 | 3316 |         274 |    0 |   7 |  0 |    0 |   0 |       0 | i_system_wrapper/system_i/Receiver_ip_0/inst/u_Receiver_ip_axi_lite_inst/u_Receiver_ip_addr_decoder_inst/data_reg_axi_enable_1_1_reg_1 |
| g13       | 20    | BUFGCE/O        | None       |           0 |            3193 | 3193 |           0 |    0 |   0 |  0 |    0 |   0 |       0 | i_system_wrapper/system_i/Receiver_ip_0/inst/u_Receiver_ip_reset_sync_inst/reset                                                       |
+-----------+-------+-----------------+------------+-------------+-----------------+------+-------------+------+-----+----+------+-----+---------+----------------------------------------------------------------------------------------------------------------------------------------+
* Clock Loads column represents cell count of net connects that connect to a clock pin. Internal cell leaf pins are not considered
** Non-Clock Loads column represents cell count of non-clock pin loads
*** Columns FF, LUTRAM, RAMB through 'Hard IP' represents load cell counts


27. Clock Region Cell Placement per Global Clock: Region X0Y2
-------------------------------------------------------------

+-----------+-------+-----------------+------------+-------------+-----------------+------+-------------+------+-----+----+------+-----+---------+---------------------------------------------------------------------+
| Global Id | Track | Driver Type/Pin | Constraint | Clock Loads | Non-Clock Loads | FF   | Memory LUTs | RAMB | DSP | GT | MMCM | PLL | Hard IP | Net                                                                 |
+-----------+-------+-----------------+------------+-------------+-----------------+------+-------------+------+-----+----+------+-----+---------+---------------------------------------------------------------------+
| g0        | 0     | BUFGCE_DIV/O    | None       |        1044 |               0 | 1039 |           1 |    0 |   4 |  0 |    0 |   0 |       0 | i_system_wrapper/system_i/axi_adrv9001/inst/i_if/i_tx_1_phy/CLK     |
| g2        | 12    | BUFG_PS/O       | None       |        2365 |               0 | 2363 |           2 |    0 |   0 |  0 |    0 |   0 |       0 | i_system_wrapper/system_i/sys_ps8/inst/pl_clk0                      |
| g3+       | 19    | BUFG_PS/O       | None       |           0 |               0 |    0 |           0 |    0 |   0 |  0 |    0 |   0 |       0 | i_system_wrapper/system_i/sys_ps8/inst/pl_clk1                      |
| g4        | 3     | BUFGCE_DIV/O    | None       |        4653 |               0 | 4619 |          30 |    0 |   4 |  0 |    0 |   0 |       0 | i_system_wrapper/system_i/axi_adrv9001/inst/i_if/i_tx_2_phy/div_clk |
| g8        | 5     | BUFGCE_DIV/O    | None       |          38 |               0 |   38 |           0 |    0 |   0 |  0 |    0 |   0 |       0 | i_system_wrapper/system_i/axi_adrv9001/inst/i_if/i_rx_2_phy/CLK     |
| g10       | 22    | BUFGCE/O        | None       |           9 |               0 |    9 |           0 |    0 |   0 |  0 |    0 |   0 |       0 | fpga_ref_clk_BUFGCE                                                 |
| g11+      | 14    | BUFG_PS/O       | None       |           0 |               0 |    0 |           0 |    0 |   0 |  0 |    0 |   0 |       0 | i_system_wrapper/system_i/sys_ps8/inst/pl_clk2                      |
+-----------+-------+-----------------+------------+-------------+-----------------+------+-------------+------+-----+----+------+-----+---------+---------------------------------------------------------------------+
* Clock Loads column represents cell count of net connects that connect to a clock pin. Internal cell leaf pins are not considered
** Non-Clock Loads column represents cell count of non-clock pin loads
*** Columns FF, LUTRAM, RAMB through 'Hard IP' represents load cell counts
**** In Global Id column, sympbol '+' indicates that global clock was used only to route through the clock region.


28. Clock Region Cell Placement per Global Clock: Region X1Y2
-------------------------------------------------------------

+-----------+-------+-----------------+------------+-------------+-----------------+------+-------------+------+-----+----+------+-----+---------+----------------------------------------------------------------------------------------------------------------------------------------+
| Global Id | Track | Driver Type/Pin | Constraint | Clock Loads | Non-Clock Loads | FF   | Memory LUTs | RAMB | DSP | GT | MMCM | PLL | Hard IP | Net                                                                                                                                    |
+-----------+-------+-----------------+------------+-------------+-----------------+------+-------------+------+-----+----+------+-----+---------+----------------------------------------------------------------------------------------------------------------------------------------+
| g0        | 0     | BUFGCE_DIV/O    | None       |        5827 |               0 | 5763 |          60 |    0 |   4 |  0 |    0 |   0 |       0 | i_system_wrapper/system_i/axi_adrv9001/inst/i_if/i_tx_1_phy/CLK                                                                        |
| g2        | 12    | BUFG_PS/O       | None       |        1826 |               0 | 1825 |           0 |    0 |   0 |  0 |    0 |   0 |       0 | i_system_wrapper/system_i/sys_ps8/inst/pl_clk0                                                                                         |
| g4        | 3     | BUFGCE_DIV/O    | None       |          66 |               0 |   66 |           0 |    0 |   0 |  0 |    0 |   0 |       0 | i_system_wrapper/system_i/axi_adrv9001/inst/i_if/i_tx_2_phy/div_clk                                                                    |
| g11+      | 14    | BUFG_PS/O       | None       |           0 |               0 |    0 |           0 |    0 |   0 |  0 |    0 |   0 |       0 | i_system_wrapper/system_i/sys_ps8/inst/pl_clk2                                                                                         |
| g12       | 8     | BUFGCE/O        | None       |           0 |              10 |   10 |           0 |    0 |   0 |  0 |    0 |   0 |       0 | i_system_wrapper/system_i/Receiver_ip_0/inst/u_Receiver_ip_axi_lite_inst/u_Receiver_ip_addr_decoder_inst/data_reg_axi_enable_1_1_reg_1 |
| g13       | 20    | BUFGCE/O        | None       |           0 |              10 |   10 |           0 |    0 |   0 |  0 |    0 |   0 |       0 | i_system_wrapper/system_i/Receiver_ip_0/inst/u_Receiver_ip_reset_sync_inst/reset                                                       |
+-----------+-------+-----------------+------------+-------------+-----------------+------+-------------+------+-----+----+------+-----+---------+----------------------------------------------------------------------------------------------------------------------------------------+
* Clock Loads column represents cell count of net connects that connect to a clock pin. Internal cell leaf pins are not considered
** Non-Clock Loads column represents cell count of non-clock pin loads
*** Columns FF, LUTRAM, RAMB through 'Hard IP' represents load cell counts
**** In Global Id column, sympbol '+' indicates that global clock was used only to route through the clock region.


