=== composite-α BOOT.BIN ===
-rw-rw-r-- 1 tcollins tcollins 7203552 May 28 00:31 /home/tcollins/dev/qpsk_ai/TransceiverToolbox/hdl_prj_jupiter_composite/vivado_ip_prj/boot/BOOT.BIN
fcbb6ac5d96054337261de49e2a72d02  /home/tcollins/dev/qpsk_ai/TransceiverToolbox/hdl_prj_jupiter_composite/vivado_ip_prj/boot/BOOT.BIN

=== scp BOOT.BIN ===

=== sync + reboot ===
fcbb6ac5d96054337261de49e2a72d02  /boot/BOOT.BIN
(board down)
ping up @ 17s
ssh ready @ 1 polls

=== FPGA state + BOOT.BIN md5 on board ===
operating
fcbb6ac5d96054337261de49e2a72d02  /boot/BOOT.BIN

=== AXI register defaults at boot ===
count=131 packets=73498 bit_errors=638955
iq_debug_mux=0 rstCS=0 rx_input_select=0

=== TEST 1: BIST over 20s with default rx_input_select ===
  t= 0s packets=78128      (+78128) bit_errors=682409     (+682409) BER=0.390%
  t= 5s packets=94892      (+16764) bit_errors=826692     (+144283) BER=0.389%
  t=10s packets=111656     (+16764) bit_errors=976536     (+149844) BER=0.390%
  t=15s packets=128417     (+16761) bit_errors=1120603    (+144067) BER=0.390%
  t=20s packets=145185     (+16768) bit_errors=1268980    (+148377) BER=0.390%

=== TEST 2: set rx_input_select=1 (external ADC, cable loopback) ===
rx_input_select=0
(settle 3s)
  t= 0s packets+=0        bit_errors+=0        delta-BER=N/A%
  t= 5s packets+=0        bit_errors+=0        delta-BER=N/A%
  t=10s packets+=0        bit_errors+=0        delta-BER=N/A%
  t=15s packets+=0        bit_errors+=0        delta-BER=N/A%
  t=20s packets+=0        bit_errors+=0        delta-BER=N/A%

=== TEST 3: set rx_input_select=0 (internal Tx-loopback regression) ===
rx_input_select=0
(settle 3s)
  t= 0s packets+=25       bit_errors+=0        delta-BER=0.000%
  t= 5s packets+=16762    bit_errors+=150000   delta-BER=0.400%
  t=10s packets+=16764    bit_errors+=143928   delta-BER=0.383%
  t=15s packets+=16770    bit_errors+=149848   delta-BER=0.399%
  t=20s packets+=16762    bit_errors+=144447   delta-BER=0.385%

=== composite-α deploy + BIST snapshot complete ===
