
                            < M A T L A B (R) >
                  Copyright 1984-2025 The MathWorks, Inc.
             R2025b Update 5 (25.2.0.3177638) 64-bit (glnxa64)
                             February 24, 2026

 
To get started, type doc.
For product information, visit www.mathworks.com.
 

	Trial License -- for use to evaluate programs for possible purchase as an end-user only.

rebooting...
SSH_ASKPASS=/tmp/BistRegisters_askpass_2402973.sh SSH_ASKPASS_REQUIRE=force DISPLAY=:0 setsid -w ssh -o StrictHostKeyChecking=accept-new -o ConnectTimeout=8 -o NumberOfPasswordPrompts=1 root@10.0.0.146 "true" 2>/dev/null: Signal 127
SSH_ASKPASS=/tmp/BistRegisters_askpass_2402973.sh SSH_ASKPASS_REQUIRE=force DISPLAY=:0 setsid -w ssh -o StrictHostKeyChecking=accept-new -o ConnectTimeout=8 -o NumberOfPasswordPrompts=1 root@10.0.0.146 "true" 2>/dev/null: Signal 127
SSH_ASKPASS=/tmp/BistRegisters_askpass_2402973.sh SSH_ASKPASS_REQUIRE=force DISPLAY=:0 setsid -w ssh -o StrictHostKeyChecking=accept-new -o ConnectTimeout=8 -o NumberOfPasswordPrompts=1 root@10.0.0.146 "true" 2>/dev/null: Signal 127
SSH_ASKPASS=/tmp/BistRegisters_askpass_2402973.sh SSH_ASKPASS_REQUIRE=force DISPLAY=:0 setsid -w ssh -o StrictHostKeyChecking=accept-new -o ConnectTimeout=8 -o NumberOfPasswordPrompts=1 root@10.0.0.146 "true" 2>/dev/null: Signal 127
board back up at 53s
Tx armed @ 2.4 GHz atten=0 dB.
Rx setup.
  tx.SamplingRate = 1.536e+07, Atten readback = 0 dB
  rx.SamplingRate = 1.536e+07

--- baseline 5s @ rx_input_select=0 ---
  packets+=26182 errors+=231250 BER=0.394%

--- rx_input_select=1, settle 5s, measure 60s ---
  t=10s packets+=42804   errors+=1310808 BER=1.3671%
  t=20s packets+=42802   errors+=1316524 BER=1.3731%
  t=30s packets+=43097   errors+=1313356 BER=1.3605%
  t=40s packets+=42920   errors+=1316158 BER=1.3690%
  t=50s packets+=43039   errors+=1315000 BER=1.3640%
  t=60s packets+=42747   errors+=1318204 BER=1.3767%

=== done ===
