
*** Running vivado
    with args -log system_util_adc_1_pack_0.vds -m64 -product Vivado -mode batch -messageDb vivado.pb -notrace -source system_util_adc_1_pack_0.tcl


****** Vivado v2025.1 (64-bit)
  **** SW Build 6140274 on Wed May 21 22:58:25 MDT 2025
  **** IP Build 6138677 on Thu May 22 03:10:11 MDT 2025
  **** SharedData Build 6139179 on Tue May 20 17:58:58 MDT 2025
  **** Start of session at: Tue May 26 19:17:05 2026
    ** Copyright 1986-2022 Xilinx, Inc. All Rights Reserved.
    ** Copyright 2022-2025 Advanced Micro Devices, Inc. All Rights Reserved.

source system_util_adc_1_pack_0.tcl -notrace
INFO: [IP_Flow 19-234] Refreshing IP repositories
INFO: [IP_Flow 19-1700] Loaded user IP repository '/home/tcollins/dev/qpsk_ai/TransceiverToolbox/trx_examples/targeting/QPSKTxRxHDLExample/hdl_prj_jupiter_txrx/vivado_ip_prj/ipcore'.
INFO: [IP_Flow 19-1700] Loaded user IP repository '/home/tcollins/dev/qpsk_ai/TransceiverToolbox/trx_examples/targeting/QPSKTxRxHDLExample/hdl_prj_jupiter_txrx/vivado_ip_prj/library'.
INFO: [IP_Flow 19-2313] Loaded Vivado IP repository '/tools/Xilinx/2025.1/Vivado/data/ip'.
Command: synth_design -top system_util_adc_1_pack_0 -part xczu3eg-sfva625-2-e -incremental_mode off -mode out_of_context
Starting synth_design
Attempting to get a license for feature 'Synthesis' and/or device 'xczu3eg'
INFO: [Common 17-349] Got license for feature 'Synthesis' and/or device 'xczu3eg'
INFO: [Device 21-403] Loading part xczu3eg-sfva625-2-e
INFO: [Synth 8-7079] Multithreading enabled for synth_design using a maximum of 7 processes.
INFO: [Synth 8-7078] Launching helper process for spawning children vivado processes
INFO: [Synth 8-7075] Helper process launched with PID 3493479
---------------------------------------------------------------------------------
Starting RTL Elaboration : Time (s): cpu = 00:00:07 ; elapsed = 00:00:07 . Memory (MB): peak = 2575.871 ; gain = 143.688 ; free physical = 7935 ; free virtual = 43647
---------------------------------------------------------------------------------
INFO: [Synth 8-6157] synthesizing module 'system_util_adc_1_pack_0' [/home/tcollins/dev/qpsk_ai/TransceiverToolbox/trx_examples/targeting/QPSKTxRxHDLExample/hdl_prj_jupiter_txrx/vivado_ip_prj/vivado_prj.gen/sources_1/bd/system/ip/system_util_adc_1_pack_0/synth/system_util_adc_1_pack_0.v:53]
INFO: [Synth 8-6157] synthesizing module 'util_cpack2' [/home/tcollins/dev/qpsk_ai/TransceiverToolbox/trx_examples/targeting/QPSKTxRxHDLExample/hdl_prj_jupiter_txrx/vivado_ip_prj/vivado_prj.gen/sources_1/bd/system/ipshared/f348/util_cpack2.v:38]
INFO: [Synth 8-6157] synthesizing module 'util_cpack2_impl' [/home/tcollins/dev/qpsk_ai/TransceiverToolbox/trx_examples/targeting/QPSKTxRxHDLExample/hdl_prj_jupiter_txrx/vivado_ip_prj/vivado_prj.gen/sources_1/bd/system/ipshared/f348/util_cpack2_impl.v:38]
INFO: [Synth 8-6157] synthesizing module 'ad_perfect_shuffle' [/home/tcollins/dev/qpsk_ai/TransceiverToolbox/trx_examples/targeting/QPSKTxRxHDLExample/hdl_prj_jupiter_txrx/vivado_ip_prj/vivado_prj.gen/sources_1/bd/system/ipshared/f348/1ab2/ad_perfect_shuffle.v:26]
INFO: [Synth 8-6155] done synthesizing module 'ad_perfect_shuffle' (0#1) [/home/tcollins/dev/qpsk_ai/TransceiverToolbox/trx_examples/targeting/QPSKTxRxHDLExample/hdl_prj_jupiter_txrx/vivado_ip_prj/vivado_prj.gen/sources_1/bd/system/ipshared/f348/1ab2/ad_perfect_shuffle.v:26]
INFO: [Synth 8-6157] synthesizing module 'pack_shell' [/home/tcollins/dev/qpsk_ai/TransceiverToolbox/trx_examples/targeting/QPSKTxRxHDLExample/hdl_prj_jupiter_txrx/vivado_ip_prj/vivado_prj.gen/sources_1/bd/system/ipshared/f348/564b/pack_shell.v:38]
INFO: [Synth 8-6157] synthesizing module 'pack_network' [/home/tcollins/dev/qpsk_ai/TransceiverToolbox/trx_examples/targeting/QPSKTxRxHDLExample/hdl_prj_jupiter_txrx/vivado_ip_prj/vivado_prj.gen/sources_1/bd/system/ipshared/f348/564b/pack_network.v:38]
INFO: [Synth 8-6157] synthesizing module 'pack_ctrl' [/home/tcollins/dev/qpsk_ai/TransceiverToolbox/trx_examples/targeting/QPSKTxRxHDLExample/hdl_prj_jupiter_txrx/vivado_ip_prj/vivado_prj.gen/sources_1/bd/system/ipshared/f348/564b/pack_ctrl.v:38]
INFO: [Synth 8-6155] done synthesizing module 'pack_ctrl' (0#1) [/home/tcollins/dev/qpsk_ai/TransceiverToolbox/trx_examples/targeting/QPSKTxRxHDLExample/hdl_prj_jupiter_txrx/vivado_ip_prj/vivado_prj.gen/sources_1/bd/system/ipshared/f348/564b/pack_ctrl.v:38]
INFO: [Synth 8-6157] synthesizing module 'pack_interconnect' [/home/tcollins/dev/qpsk_ai/TransceiverToolbox/trx_examples/targeting/QPSKTxRxHDLExample/hdl_prj_jupiter_txrx/vivado_ip_prj/vivado_prj.gen/sources_1/bd/system/ipshared/f348/564b/pack_interconnect.v:38]
INFO: [Synth 8-6157] synthesizing module 'ad_perfect_shuffle__parameterized0' [/home/tcollins/dev/qpsk_ai/TransceiverToolbox/trx_examples/targeting/QPSKTxRxHDLExample/hdl_prj_jupiter_txrx/vivado_ip_prj/vivado_prj.gen/sources_1/bd/system/ipshared/f348/1ab2/ad_perfect_shuffle.v:26]
INFO: [Synth 8-6155] done synthesizing module 'ad_perfect_shuffle__parameterized0' (0#1) [/home/tcollins/dev/qpsk_ai/TransceiverToolbox/trx_examples/targeting/QPSKTxRxHDLExample/hdl_prj_jupiter_txrx/vivado_ip_prj/vivado_prj.gen/sources_1/bd/system/ipshared/f348/1ab2/ad_perfect_shuffle.v:26]
INFO: [Synth 8-6155] done synthesizing module 'pack_interconnect' (0#1) [/home/tcollins/dev/qpsk_ai/TransceiverToolbox/trx_examples/targeting/QPSKTxRxHDLExample/hdl_prj_jupiter_txrx/vivado_ip_prj/vivado_prj.gen/sources_1/bd/system/ipshared/f348/564b/pack_interconnect.v:38]
INFO: [Synth 8-6155] done synthesizing module 'pack_network' (0#1) [/home/tcollins/dev/qpsk_ai/TransceiverToolbox/trx_examples/targeting/QPSKTxRxHDLExample/hdl_prj_jupiter_txrx/vivado_ip_prj/vivado_prj.gen/sources_1/bd/system/ipshared/f348/564b/pack_network.v:38]
INFO: [Synth 8-6155] done synthesizing module 'pack_shell' (0#1) [/home/tcollins/dev/qpsk_ai/TransceiverToolbox/trx_examples/targeting/QPSKTxRxHDLExample/hdl_prj_jupiter_txrx/vivado_ip_prj/vivado_prj.gen/sources_1/bd/system/ipshared/f348/564b/pack_shell.v:38]
INFO: [Synth 8-6155] done synthesizing module 'util_cpack2_impl' (0#1) [/home/tcollins/dev/qpsk_ai/TransceiverToolbox/trx_examples/targeting/QPSKTxRxHDLExample/hdl_prj_jupiter_txrx/vivado_ip_prj/vivado_prj.gen/sources_1/bd/system/ipshared/f348/util_cpack2_impl.v:38]
INFO: [Synth 8-6155] done synthesizing module 'util_cpack2' (0#1) [/home/tcollins/dev/qpsk_ai/TransceiverToolbox/trx_examples/targeting/QPSKTxRxHDLExample/hdl_prj_jupiter_txrx/vivado_ip_prj/vivado_prj.gen/sources_1/bd/system/ipshared/f348/util_cpack2.v:38]
INFO: [Synth 8-6155] done synthesizing module 'system_util_adc_1_pack_0' (0#1) [/home/tcollins/dev/qpsk_ai/TransceiverToolbox/trx_examples/targeting/QPSKTxRxHDLExample/hdl_prj_jupiter_txrx/vivado_ip_prj/vivado_prj.gen/sources_1/bd/system/ip/system_util_adc_1_pack_0/synth/system_util_adc_1_pack_0.v:53]
WARNING: [Synth 8-3301] Unused top level parameter/generic USE_RX_CLK_FOR_TX1
WARNING: [Synth 8-3301] Unused top level parameter/generic USE_RX_CLK_FOR_TX2
WARNING: [Synth 8-7129] Port fifo_wr_en[3] in module util_cpack2_impl is either unconnected or has no load
WARNING: [Synth 8-7129] Port fifo_wr_en[2] in module util_cpack2_impl is either unconnected or has no load
WARNING: [Synth 8-7129] Port fifo_wr_en[1] in module util_cpack2_impl is either unconnected or has no load
WARNING: [Synth 8-7129] Port enable_4 in module util_cpack2 is either unconnected or has no load
WARNING: [Synth 8-7129] Port enable_5 in module util_cpack2 is either unconnected or has no load
WARNING: [Synth 8-7129] Port enable_6 in module util_cpack2 is either unconnected or has no load
WARNING: [Synth 8-7129] Port enable_7 in module util_cpack2 is either unconnected or has no load
WARNING: [Synth 8-7129] Port enable_8 in module util_cpack2 is either unconnected or has no load
WARNING: [Synth 8-7129] Port enable_9 in module util_cpack2 is either unconnected or has no load
WARNING: [Synth 8-7129] Port enable_10 in module util_cpack2 is either unconnected or has no load
WARNING: [Synth 8-7129] Port enable_11 in module util_cpack2 is either unconnected or has no load
WARNING: [Synth 8-7129] Port enable_12 in module util_cpack2 is either unconnected or has no load
WARNING: [Synth 8-7129] Port enable_13 in module util_cpack2 is either unconnected or has no load
WARNING: [Synth 8-7129] Port enable_14 in module util_cpack2 is either unconnected or has no load
WARNING: [Synth 8-7129] Port enable_15 in module util_cpack2 is either unconnected or has no load
WARNING: [Synth 8-7129] Port enable_16 in module util_cpack2 is either unconnected or has no load
WARNING: [Synth 8-7129] Port enable_17 in module util_cpack2 is either unconnected or has no load
WARNING: [Synth 8-7129] Port enable_18 in module util_cpack2 is either unconnected or has no load
WARNING: [Synth 8-7129] Port enable_19 in module util_cpack2 is either unconnected or has no load
WARNING: [Synth 8-7129] Port enable_20 in module util_cpack2 is either unconnected or has no load
WARNING: [Synth 8-7129] Port enable_21 in module util_cpack2 is either unconnected or has no load
WARNING: [Synth 8-7129] Port enable_22 in module util_cpack2 is either unconnected or has no load
WARNING: [Synth 8-7129] Port enable_23 in module util_cpack2 is either unconnected or has no load
WARNING: [Synth 8-7129] Port enable_24 in module util_cpack2 is either unconnected or has no load
WARNING: [Synth 8-7129] Port enable_25 in module util_cpack2 is either unconnected or has no load
WARNING: [Synth 8-7129] Port enable_26 in module util_cpack2 is either unconnected or has no load
WARNING: [Synth 8-7129] Port enable_27 in module util_cpack2 is either unconnected or has no load
WARNING: [Synth 8-7129] Port enable_28 in module util_cpack2 is either unconnected or has no load
WARNING: [Synth 8-7129] Port enable_29 in module util_cpack2 is either unconnected or has no load
WARNING: [Synth 8-7129] Port enable_30 in module util_cpack2 is either unconnected or has no load
WARNING: [Synth 8-7129] Port enable_31 in module util_cpack2 is either unconnected or has no load
WARNING: [Synth 8-7129] Port enable_32 in module util_cpack2 is either unconnected or has no load
WARNING: [Synth 8-7129] Port enable_33 in module util_cpack2 is either unconnected or has no load
WARNING: [Synth 8-7129] Port enable_34 in module util_cpack2 is either unconnected or has no load
WARNING: [Synth 8-7129] Port enable_35 in module util_cpack2 is either unconnected or has no load
WARNING: [Synth 8-7129] Port enable_36 in module util_cpack2 is either unconnected or has no load
WARNING: [Synth 8-7129] Port enable_37 in module util_cpack2 is either unconnected or has no load
WARNING: [Synth 8-7129] Port enable_38 in module util_cpack2 is either unconnected or has no load
WARNING: [Synth 8-7129] Port enable_39 in module util_cpack2 is either unconnected or has no load
WARNING: [Synth 8-7129] Port enable_40 in module util_cpack2 is either unconnected or has no load
WARNING: [Synth 8-7129] Port enable_41 in module util_cpack2 is either unconnected or has no load
WARNING: [Synth 8-7129] Port enable_42 in module util_cpack2 is either unconnected or has no load
WARNING: [Synth 8-7129] Port enable_43 in module util_cpack2 is either unconnected or has no load
WARNING: [Synth 8-7129] Port enable_44 in module util_cpack2 is either unconnected or has no load
WARNING: [Synth 8-7129] Port enable_45 in module util_cpack2 is either unconnected or has no load
WARNING: [Synth 8-7129] Port enable_46 in module util_cpack2 is either unconnected or has no load
WARNING: [Synth 8-7129] Port enable_47 in module util_cpack2 is either unconnected or has no load
WARNING: [Synth 8-7129] Port enable_48 in module util_cpack2 is either unconnected or has no load
WARNING: [Synth 8-7129] Port enable_49 in module util_cpack2 is either unconnected or has no load
WARNING: [Synth 8-7129] Port enable_50 in module util_cpack2 is either unconnected or has no load
WARNING: [Synth 8-7129] Port enable_51 in module util_cpack2 is either unconnected or has no load
WARNING: [Synth 8-7129] Port enable_52 in module util_cpack2 is either unconnected or has no load
WARNING: [Synth 8-7129] Port enable_53 in module util_cpack2 is either unconnected or has no load
WARNING: [Synth 8-7129] Port enable_54 in module util_cpack2 is either unconnected or has no load
WARNING: [Synth 8-7129] Port enable_55 in module util_cpack2 is either unconnected or has no load
WARNING: [Synth 8-7129] Port enable_56 in module util_cpack2 is either unconnected or has no load
WARNING: [Synth 8-7129] Port enable_57 in module util_cpack2 is either unconnected or has no load
WARNING: [Synth 8-7129] Port enable_58 in module util_cpack2 is either unconnected or has no load
WARNING: [Synth 8-7129] Port enable_59 in module util_cpack2 is either unconnected or has no load
WARNING: [Synth 8-7129] Port enable_60 in module util_cpack2 is either unconnected or has no load
WARNING: [Synth 8-7129] Port enable_61 in module util_cpack2 is either unconnected or has no load
WARNING: [Synth 8-7129] Port enable_62 in module util_cpack2 is either unconnected or has no load
WARNING: [Synth 8-7129] Port enable_63 in module util_cpack2 is either unconnected or has no load
WARNING: [Synth 8-7129] Port fifo_wr_data_4[15] in module util_cpack2 is either unconnected or has no load
WARNING: [Synth 8-7129] Port fifo_wr_data_4[14] in module util_cpack2 is either unconnected or has no load
WARNING: [Synth 8-7129] Port fifo_wr_data_4[13] in module util_cpack2 is either unconnected or has no load
WARNING: [Synth 8-7129] Port fifo_wr_data_4[12] in module util_cpack2 is either unconnected or has no load
WARNING: [Synth 8-7129] Port fifo_wr_data_4[11] in module util_cpack2 is either unconnected or has no load
WARNING: [Synth 8-7129] Port fifo_wr_data_4[10] in module util_cpack2 is either unconnected or has no load
WARNING: [Synth 8-7129] Port fifo_wr_data_4[9] in module util_cpack2 is either unconnected or has no load
WARNING: [Synth 8-7129] Port fifo_wr_data_4[8] in module util_cpack2 is either unconnected or has no load
WARNING: [Synth 8-7129] Port fifo_wr_data_4[7] in module util_cpack2 is either unconnected or has no load
WARNING: [Synth 8-7129] Port fifo_wr_data_4[6] in module util_cpack2 is either unconnected or has no load
WARNING: [Synth 8-7129] Port fifo_wr_data_4[5] in module util_cpack2 is either unconnected or has no load
WARNING: [Synth 8-7129] Port fifo_wr_data_4[4] in module util_cpack2 is either unconnected or has no load
WARNING: [Synth 8-7129] Port fifo_wr_data_4[3] in module util_cpack2 is either unconnected or has no load
WARNING: [Synth 8-7129] Port fifo_wr_data_4[2] in module util_cpack2 is either unconnected or has no load
WARNING: [Synth 8-7129] Port fifo_wr_data_4[1] in module util_cpack2 is either unconnected or has no load
WARNING: [Synth 8-7129] Port fifo_wr_data_4[0] in module util_cpack2 is either unconnected or has no load
WARNING: [Synth 8-7129] Port fifo_wr_data_5[15] in module util_cpack2 is either unconnected or has no load
WARNING: [Synth 8-7129] Port fifo_wr_data_5[14] in module util_cpack2 is either unconnected or has no load
WARNING: [Synth 8-7129] Port fifo_wr_data_5[13] in module util_cpack2 is either unconnected or has no load
WARNING: [Synth 8-7129] Port fifo_wr_data_5[12] in module util_cpack2 is either unconnected or has no load
WARNING: [Synth 8-7129] Port fifo_wr_data_5[11] in module util_cpack2 is either unconnected or has no load
WARNING: [Synth 8-7129] Port fifo_wr_data_5[10] in module util_cpack2 is either unconnected or has no load
WARNING: [Synth 8-7129] Port fifo_wr_data_5[9] in module util_cpack2 is either unconnected or has no load
WARNING: [Synth 8-7129] Port fifo_wr_data_5[8] in module util_cpack2 is either unconnected or has no load
WARNING: [Synth 8-7129] Port fifo_wr_data_5[7] in module util_cpack2 is either unconnected or has no load
WARNING: [Synth 8-7129] Port fifo_wr_data_5[6] in module util_cpack2 is either unconnected or has no load
WARNING: [Synth 8-7129] Port fifo_wr_data_5[5] in module util_cpack2 is either unconnected or has no load
WARNING: [Synth 8-7129] Port fifo_wr_data_5[4] in module util_cpack2 is either unconnected or has no load
WARNING: [Synth 8-7129] Port fifo_wr_data_5[3] in module util_cpack2 is either unconnected or has no load
WARNING: [Synth 8-7129] Port fifo_wr_data_5[2] in module util_cpack2 is either unconnected or has no load
WARNING: [Synth 8-7129] Port fifo_wr_data_5[1] in module util_cpack2 is either unconnected or has no load
WARNING: [Synth 8-7129] Port fifo_wr_data_5[0] in module util_cpack2 is either unconnected or has no load
WARNING: [Synth 8-7129] Port fifo_wr_data_6[15] in module util_cpack2 is either unconnected or has no load
WARNING: [Synth 8-7129] Port fifo_wr_data_6[14] in module util_cpack2 is either unconnected or has no load
WARNING: [Synth 8-7129] Port fifo_wr_data_6[13] in module util_cpack2 is either unconnected or has no load
WARNING: [Synth 8-7129] Port fifo_wr_data_6[12] in module util_cpack2 is either unconnected or has no load
WARNING: [Synth 8-7129] Port fifo_wr_data_6[11] in module util_cpack2 is either unconnected or has no load
INFO: [Common 17-14] Message 'Synth 8-7129' appears 100 times and further instances of the messages will be disabled. Use the Tcl command set_msg_config to change the current settings.
---------------------------------------------------------------------------------
Finished RTL Elaboration : Time (s): cpu = 00:00:10 ; elapsed = 00:00:10 . Memory (MB): peak = 2655.809 ; gain = 223.625 ; free physical = 7884 ; free virtual = 43597
---------------------------------------------------------------------------------
---------------------------------------------------------------------------------
Start Handling Custom Attributes
---------------------------------------------------------------------------------
---------------------------------------------------------------------------------
Finished Handling Custom Attributes : Time (s): cpu = 00:00:10 ; elapsed = 00:00:10 . Memory (MB): peak = 2655.809 ; gain = 223.625 ; free physical = 7886 ; free virtual = 43599
---------------------------------------------------------------------------------
---------------------------------------------------------------------------------
Finished RTL Optimization Phase 1 : Time (s): cpu = 00:00:10 ; elapsed = 00:00:10 . Memory (MB): peak = 2655.809 ; gain = 223.625 ; free physical = 7886 ; free virtual = 43599
---------------------------------------------------------------------------------
Netlist sorting complete. Time (s): cpu = 00:00:00.01 ; elapsed = 00:00:00.01 . Memory (MB): peak = 2655.809 ; gain = 0.000 ; free physical = 7879 ; free virtual = 43592
INFO: [Project 1-570] Preparing netlist for logic optimization

Processing XDC Constraints
Initializing timing engine
Completed Processing XDC Constraints

Netlist sorting complete. Time (s): cpu = 00:00:00 ; elapsed = 00:00:00 . Memory (MB): peak = 2783.043 ; gain = 0.000 ; free physical = 7900 ; free virtual = 43613
INFO: [Project 1-111] Unisim Transformation Summary:
No Unisim elements were transformed.

Constraint Validation Runtime : Time (s): cpu = 00:00:00.03 ; elapsed = 00:00:00.02 . Memory (MB): peak = 2804.855 ; gain = 21.777 ; free physical = 7900 ; free virtual = 43613
INFO: [Designutils 20-5008] Incremental synthesis strategy off
---------------------------------------------------------------------------------
Finished Constraint Validation : Time (s): cpu = 00:00:20 ; elapsed = 00:00:21 . Memory (MB): peak = 2804.855 ; gain = 372.672 ; free physical = 7964 ; free virtual = 43677
---------------------------------------------------------------------------------
---------------------------------------------------------------------------------
Start Loading Part and Timing Information
---------------------------------------------------------------------------------
Loading part: xczu3eg-sfva625-2-e
INFO: [Synth 8-6742] Reading net delay rules and data
---------------------------------------------------------------------------------
Finished Loading Part and Timing Information : Time (s): cpu = 00:00:20 ; elapsed = 00:00:21 . Memory (MB): peak = 2817.066 ; gain = 384.883 ; free physical = 7964 ; free virtual = 43677
---------------------------------------------------------------------------------
---------------------------------------------------------------------------------
Start Applying 'set_property' XDC Constraints
---------------------------------------------------------------------------------
---------------------------------------------------------------------------------
Finished applying 'set_property' XDC Constraints : Time (s): cpu = 00:00:20 ; elapsed = 00:00:21 . Memory (MB): peak = 2817.066 ; gain = 384.883 ; free physical = 7964 ; free virtual = 43677
---------------------------------------------------------------------------------
---------------------------------------------------------------------------------
Finished RTL Optimization Phase 2 : Time (s): cpu = 00:00:20 ; elapsed = 00:00:21 . Memory (MB): peak = 2817.066 ; gain = 384.883 ; free physical = 7963 ; free virtual = 43677
---------------------------------------------------------------------------------
---------------------------------------------------------------------------------
Start RTL Component Statistics 
---------------------------------------------------------------------------------
Detailed RTL Component Info : 
+---Adders : 
	   3 Input    3 Bit       Adders := 1     
	   3 Input    2 Bit       Adders := 5     
	   4 Input    2 Bit       Adders := 1     
	   2 Input    2 Bit       Adders := 1     
+---Registers : 
	               64 Bit    Registers := 1     
	               32 Bit    Registers := 1     
	                8 Bit    Registers := 1     
	                4 Bit    Registers := 2     
	                2 Bit    Registers := 6     
	                1 Bit    Registers := 8     
+---Muxes : 
	   2 Input   64 Bit        Muxes := 1     
	   4 Input   16 Bit        Muxes := 4     
	   2 Input   16 Bit        Muxes := 2     
	   5 Input    2 Bit        Muxes := 4     
	   2 Input    1 Bit        Muxes := 7     
---------------------------------------------------------------------------------
Finished RTL Component Statistics 
---------------------------------------------------------------------------------
---------------------------------------------------------------------------------
Start Part Resource Summary
---------------------------------------------------------------------------------
Part Resources:
DSPs: 360 (col length:72)
BRAMs: 432 (col length: RAMB18 72 RAMB36 36)
---------------------------------------------------------------------------------
Finished Part Resource Summary
---------------------------------------------------------------------------------
---------------------------------------------------------------------------------
Start Cross Boundary and Area Optimization
---------------------------------------------------------------------------------
WARNING: [Synth 8-7080] Parallel synthesis criteria is not met
---------------------------------------------------------------------------------
Finished Cross Boundary and Area Optimization : Time (s): cpu = 00:00:23 ; elapsed = 00:00:24 . Memory (MB): peak = 2817.066 ; gain = 384.883 ; free physical = 7943 ; free virtual = 43656
---------------------------------------------------------------------------------
---------------------------------------------------------------------------------
Start Applying XDC Timing Constraints
---------------------------------------------------------------------------------
---------------------------------------------------------------------------------
Finished Applying XDC Timing Constraints : Time (s): cpu = 00:00:35 ; elapsed = 00:00:37 . Memory (MB): peak = 3407.926 ; gain = 975.742 ; free physical = 7383 ; free virtual = 43097
---------------------------------------------------------------------------------
---------------------------------------------------------------------------------
Start Timing Optimization
---------------------------------------------------------------------------------
---------------------------------------------------------------------------------
Finished Timing Optimization : Time (s): cpu = 00:00:35 ; elapsed = 00:00:37 . Memory (MB): peak = 3407.926 ; gain = 975.742 ; free physical = 7383 ; free virtual = 43097
---------------------------------------------------------------------------------
---------------------------------------------------------------------------------
Start Technology Mapping
---------------------------------------------------------------------------------
---------------------------------------------------------------------------------
Finished Technology Mapping : Time (s): cpu = 00:00:35 ; elapsed = 00:00:37 . Memory (MB): peak = 3436.973 ; gain = 1004.789 ; free physical = 7360 ; free virtual = 43074
---------------------------------------------------------------------------------
---------------------------------------------------------------------------------
Start IO Insertion
---------------------------------------------------------------------------------
---------------------------------------------------------------------------------
Start Flattening Before IO Insertion
---------------------------------------------------------------------------------
---------------------------------------------------------------------------------
Finished Flattening Before IO Insertion
---------------------------------------------------------------------------------
---------------------------------------------------------------------------------
Start Final Netlist Cleanup
---------------------------------------------------------------------------------
---------------------------------------------------------------------------------
Finished Final Netlist Cleanup
---------------------------------------------------------------------------------
---------------------------------------------------------------------------------
Finished IO Insertion : Time (s): cpu = 00:00:40 ; elapsed = 00:00:43 . Memory (MB): peak = 3593.785 ; gain = 1161.602 ; free physical = 7193 ; free virtual = 42907
---------------------------------------------------------------------------------
---------------------------------------------------------------------------------
Start Renaming Generated Instances
---------------------------------------------------------------------------------
---------------------------------------------------------------------------------
Finished Renaming Generated Instances : Time (s): cpu = 00:00:40 ; elapsed = 00:00:43 . Memory (MB): peak = 3593.785 ; gain = 1161.602 ; free physical = 7193 ; free virtual = 42907
---------------------------------------------------------------------------------
---------------------------------------------------------------------------------
Start Rebuilding User Hierarchy
---------------------------------------------------------------------------------
---------------------------------------------------------------------------------
Finished Rebuilding User Hierarchy : Time (s): cpu = 00:00:40 ; elapsed = 00:00:43 . Memory (MB): peak = 3593.785 ; gain = 1161.602 ; free physical = 7193 ; free virtual = 42907
---------------------------------------------------------------------------------
---------------------------------------------------------------------------------
Start Renaming Generated Ports
---------------------------------------------------------------------------------
---------------------------------------------------------------------------------
Finished Renaming Generated Ports : Time (s): cpu = 00:00:40 ; elapsed = 00:00:43 . Memory (MB): peak = 3593.785 ; gain = 1161.602 ; free physical = 7193 ; free virtual = 42907
---------------------------------------------------------------------------------
---------------------------------------------------------------------------------
Start Handling Custom Attributes
---------------------------------------------------------------------------------
---------------------------------------------------------------------------------
Finished Handling Custom Attributes : Time (s): cpu = 00:00:40 ; elapsed = 00:00:43 . Memory (MB): peak = 3593.785 ; gain = 1161.602 ; free physical = 7193 ; free virtual = 42907
---------------------------------------------------------------------------------
---------------------------------------------------------------------------------
Start Renaming Generated Nets
---------------------------------------------------------------------------------
---------------------------------------------------------------------------------
Finished Renaming Generated Nets : Time (s): cpu = 00:00:40 ; elapsed = 00:00:43 . Memory (MB): peak = 3593.785 ; gain = 1161.602 ; free physical = 7193 ; free virtual = 42907
---------------------------------------------------------------------------------
---------------------------------------------------------------------------------
Start Writing Synthesis Report
---------------------------------------------------------------------------------

Report BlackBoxes: 
+-+--------------+----------+
| |BlackBox name |Instances |
+-+--------------+----------+
+-+--------------+----------+

Report Cell Usage: 
+------+-----+------+
|      |Cell |Count |
+------+-----+------+
|1     |LUT2 |     9|
|2     |LUT3 |    36|
|3     |LUT4 |    16|
|4     |LUT5 |     3|
|5     |LUT6 |    73|
|6     |FDRE |   131|
|7     |FDSE |     1|
+------+-----+------+
---------------------------------------------------------------------------------
Finished Writing Synthesis Report : Time (s): cpu = 00:00:40 ; elapsed = 00:00:43 . Memory (MB): peak = 3593.785 ; gain = 1161.602 ; free physical = 7193 ; free virtual = 42907
---------------------------------------------------------------------------------
Synthesis finished with 0 errors, 0 critical warnings and 1 warnings.
Synthesis Optimization Runtime : Time (s): cpu = 00:00:39 ; elapsed = 00:00:41 . Memory (MB): peak = 3593.785 ; gain = 1012.555 ; free physical = 7187 ; free virtual = 42901
Synthesis Optimization Complete : Time (s): cpu = 00:00:41 ; elapsed = 00:00:43 . Memory (MB): peak = 3593.785 ; gain = 1161.602 ; free physical = 7187 ; free virtual = 42901
INFO: [Project 1-571] Translating synthesized netlist
Netlist sorting complete. Time (s): cpu = 00:00:00.01 ; elapsed = 00:00:00 . Memory (MB): peak = 3593.785 ; gain = 0.000 ; free physical = 7347 ; free virtual = 43061
INFO: [Project 1-570] Preparing netlist for logic optimization
INFO: [Opt 31-138] Pushed 0 inverter(s) to 0 load pin(s).
Netlist sorting complete. Time (s): cpu = 00:00:00 ; elapsed = 00:00:00 . Memory (MB): peak = 3605.574 ; gain = 0.000 ; free physical = 7371 ; free virtual = 43085
INFO: [Project 1-111] Unisim Transformation Summary:
No Unisim elements were transformed.

Synth Design complete | Checksum: 752f9483
INFO: [Common 17-83] Releasing license: Synthesis
37 Infos, 103 Warnings, 0 Critical Warnings and 0 Errors encountered.
synth_design completed successfully
synth_design: Time (s): cpu = 00:00:52 ; elapsed = 00:00:51 . Memory (MB): peak = 3605.609 ; gain = 2021.840 ; free physical = 7369 ; free virtual = 43084
INFO: [Common 17-2834] synth_design peak Physical Memory [PSS] (MB): overall = 2813.000; main = 2635.396; forked = 273.271
INFO: [Common 17-2834] synth_design peak Virtual Memory [VSS] (MB): overall = 4513.684; main = 3605.578; forked = 997.707
Write ShapeDB Complete: Time (s): cpu = 00:00:00 ; elapsed = 00:00:00 . Memory (MB): peak = 3642.207 ; gain = 0.000 ; free physical = 7368 ; free virtual = 43082
INFO: [Common 17-1381] The checkpoint '/home/tcollins/dev/qpsk_ai/TransceiverToolbox/trx_examples/targeting/QPSKTxRxHDLExample/hdl_prj_jupiter_txrx/vivado_ip_prj/vivado_prj.runs/system_util_adc_1_pack_0_synth_1/system_util_adc_1_pack_0.dcp' has been generated.
INFO: [Coretcl 2-1648] Added synthesis output to IP cache for IP system_util_adc_1_pack_0, cache-ID = 54483382e3238263
INFO: [Coretcl 2-1174] Renamed 4 cell refs.
Write ShapeDB Complete: Time (s): cpu = 00:00:00.01 ; elapsed = 00:00:00 . Memory (MB): peak = 3642.207 ; gain = 0.000 ; free physical = 7360 ; free virtual = 43074
INFO: [Common 17-1381] The checkpoint '/home/tcollins/dev/qpsk_ai/TransceiverToolbox/trx_examples/targeting/QPSKTxRxHDLExample/hdl_prj_jupiter_txrx/vivado_ip_prj/vivado_prj.runs/system_util_adc_1_pack_0_synth_1/system_util_adc_1_pack_0.dcp' has been generated.
INFO: [Vivado 12-24828] Executing command : report_utilization -file system_util_adc_1_pack_0_utilization_synth.rpt -pb system_util_adc_1_pack_0_utilization_synth.pb
INFO: [Common 17-206] Exiting Vivado at Tue May 26 19:18:08 2026...
