#-----------------------------------------------------------
# Vivado v2025.1 (64-bit)
# SW Build 6140274 on Wed May 21 22:58:25 MDT 2025
# IP Build 6138677 on Thu May 22 03:10:11 MDT 2025
# SharedData Build 6139179 on Tue May 20 17:58:58 MDT 2025
# Start of session at: Tue May 26 18:59:37 2026
# Process ID         : 3465203
# Current directory  : /home/tcollins/dev/qpsk_ai/TransceiverToolbox/trx_examples/targeting/QPSKTxRxHDLExample/hdl_prj_jupiter_txrx/vivado_ip_prj
# Command line       : vivado -mode batch -notrace -source vivado_insert_ip.tcl
# Log file           : /home/tcollins/dev/qpsk_ai/TransceiverToolbox/trx_examples/targeting/QPSKTxRxHDLExample/hdl_prj_jupiter_txrx/vivado_ip_prj/vivado.log
# Journal file       : /home/tcollins/dev/qpsk_ai/TransceiverToolbox/trx_examples/targeting/QPSKTxRxHDLExample/hdl_prj_jupiter_txrx/vivado_ip_prj/vivado.jou
# Running On         : nemo
# Platform           : Ubuntu
# Operating System   : Ubuntu 24.04.4 LTS
# Processor Detail   : Intel(R) Xeon(R) CPU E5-1650 0 @ 3.20GHz
# CPU Frequency      : 3192.579 MHz
# CPU Physical cores : 6
# CPU Logical cores  : 12
# Host memory        : 67381 MB
# Swap memory        : 8589 MB
# Total Virtual      : 75970 MB
# Available Virtual  : 48380 MB
#-----------------------------------------------------------
source vivado_insert_ip.tcl -notrace
WARNING: [filemgmt 56-3] Board Part Repository Path: Could not find the directory '/home/tcollins/.Xilinx/Vivado/2025.1/xhub/board_store/xilinx_board_store'.
Scanning sources...
Finished scanning sources
WARNING: [Board 49-26] cannot add Board Part xilinx.com:ac701:part0:1.4 available at /tools/Xilinx/2025.1/data/xhub/boards/XilinxBoardStore/boards/Xilinx/ac701/1.4/board.xml as part xc7a200tfbg676-2 specified in board_part file is either invalid or not available
WARNING: [Board 49-26] cannot add Board Part xilinx.com:emb-plus-vpr-4616:part0:1.0 available at /tools/Xilinx/2025.1/data/xhub/boards/XilinxBoardStore/boards/Xilinx/emb-plus-vpr-4616/1.0/board.xml as part xcve2302-sfva784-2mp-e-s specified in board_part file is either invalid or not available
WARNING: [Board 49-26] cannot add Board Part xilinx.com:emb-plus-vpr-4616:part0:1.1 available at /tools/Xilinx/2025.1/data/xhub/boards/XilinxBoardStore/boards/Xilinx/emb-plus-vpr-4616/1.1/board.xml as part xcve2302-sfva784-2mp-e-s specified in board_part file is either invalid or not available
WARNING: [Board 49-26] cannot add Board Part xilinx.com:kc705:part0:1.6 available at /tools/Xilinx/2025.1/data/xhub/boards/XilinxBoardStore/boards/Xilinx/kc705/1.6/board.xml as part xc7k325tffg900-2 specified in board_part file is either invalid or not available
WARNING: [Board 49-26] cannot add Board Part xilinx.com:kc705:part0:1.7 available at /tools/Xilinx/2025.1/data/xhub/boards/XilinxBoardStore/boards/Xilinx/kc705/1.7/board.xml as part xc7k325tffg900-2 specified in board_part file is either invalid or not available
WARNING: [Board 49-26] cannot add Board Part xilinx.com:kcu105:part0:1.6 available at /tools/Xilinx/2025.1/data/xhub/boards/XilinxBoardStore/boards/Xilinx/kcu105/1.6/board.xml as part xcku040-ffva1156-2-e specified in board_part file is either invalid or not available
WARNING: [Board 49-26] cannot add Board Part xilinx.com:kcu105:part0:1.7 available at /tools/Xilinx/2025.1/data/xhub/boards/XilinxBoardStore/boards/Xilinx/kcu105/1.7/board.xml as part xcku040-ffva1156-2-e specified in board_part file is either invalid or not available
WARNING: [Board 49-26] cannot add Board Part xilinx.com:kcu1500:part0:1.2 available at /tools/Xilinx/2025.1/data/xhub/boards/XilinxBoardStore/boards/Xilinx/kcu1500/1.2/board.xml as part xcku115-flvb2104-2-e specified in board_part file is either invalid or not available
WARNING: [Board 49-26] cannot add Board Part xilinx.com:sp701:part0:1.0 available at /tools/Xilinx/2025.1/data/xhub/boards/XilinxBoardStore/boards/Xilinx/sp701/1.0/board.xml as part xc7s100fgga676-2 specified in board_part file is either invalid or not available
WARNING: [Board 49-26] cannot add Board Part xilinx.com:sp701:part0:1.1 available at /tools/Xilinx/2025.1/data/xhub/boards/XilinxBoardStore/boards/Xilinx/sp701/1.1/board.xml as part xc7s100fgga676-2 specified in board_part file is either invalid or not available
WARNING: [Board 49-26] cannot add Board Part xilinx.com:v80:part0:1.0 available at /tools/Xilinx/2025.1/data/xhub/boards/XilinxBoardStore/boards/Xilinx/v80/1.0/board.xml as part xcv80-lsva4737-2mhp-e-s specified in board_part file is either invalid or not available
WARNING: [Board 49-26] cannot add Board Part xilinx.com:vc707:part0:1.4 available at /tools/Xilinx/2025.1/data/xhub/boards/XilinxBoardStore/boards/Xilinx/vc707/1.4/board.xml as part xc7vx485tffg1761-2 specified in board_part file is either invalid or not available
WARNING: [Board 49-26] cannot add Board Part xilinx.com:vc707:part0:1.5 available at /tools/Xilinx/2025.1/data/xhub/boards/XilinxBoardStore/boards/Xilinx/vc707/1.5/board.xml as part xc7vx485tffg1761-2 specified in board_part file is either invalid or not available
WARNING: [Board 49-26] cannot add Board Part xilinx.com:vc709:part0:1.8 available at /tools/Xilinx/2025.1/data/xhub/boards/XilinxBoardStore/boards/Xilinx/vc709/1.8/board.xml as part xc7vx690tffg1761-2 specified in board_part file is either invalid or not available
WARNING: [Board 49-26] cannot add Board Part xilinx.com:vck190:part0:2.2 available at /tools/Xilinx/2025.1/data/xhub/boards/XilinxBoardStore/boards/Xilinx/vck190/production/2.2/board.xml as part xcvc1902-vsva2197-2mp-e-s specified in board_part file is either invalid or not available
WARNING: [Board 49-26] cannot add Board Part xilinx.com:vck190:part0:3.0 available at /tools/Xilinx/2025.1/data/xhub/boards/XilinxBoardStore/boards/Xilinx/vck190/production/3.0/board.xml as part xcvc1902-vsva2197-2mp-e-s specified in board_part file is either invalid or not available
WARNING: [Board 49-26] cannot add Board Part xilinx.com:vck190:part0:3.1 available at /tools/Xilinx/2025.1/data/xhub/boards/XilinxBoardStore/boards/Xilinx/vck190/production/3.1/board.xml as part xcvc1902-vsva2197-2mp-e-s specified in board_part file is either invalid or not available
WARNING: [Board 49-26] cannot add Board Part xilinx.com:vck190:part0:3.2 available at /tools/Xilinx/2025.1/data/xhub/boards/XilinxBoardStore/boards/Xilinx/vck190/production/3.2/board.xml as part xcvc1902-vsva2197-2mp-e-s specified in board_part file is either invalid or not available
WARNING: [Board 49-26] cannot add Board Part xilinx.com:vck190:part0:3.3 available at /tools/Xilinx/2025.1/data/xhub/boards/XilinxBoardStore/boards/Xilinx/vck190/production/3.3/board.xml as part xcvc1902-vsva2197-2mp-e-s specified in board_part file is either invalid or not available
WARNING: [Board 49-26] cannot add Board Part xilinx.com:vck190:part0:3.4 available at /tools/Xilinx/2025.1/data/xhub/boards/XilinxBoardStore/boards/Xilinx/vck190/production/3.4/board.xml as part xcvc1902-vsva2197-2mp-e-s specified in board_part file is either invalid or not available
WARNING: [Board 49-26] cannot add Board Part xilinx.com:vck190_newl:part0:1.0 available at /tools/Xilinx/2025.1/data/xhub/boards/XilinxBoardStore/boards/Xilinx/vck190_newl/production/1.0/board.xml as part xcvc1902-vsva2197-2mp-e-s specified in board_part file is either invalid or not available
WARNING: [Board 49-26] cannot add Board Part xilinx.com:vck190_newl:part0:1.1 available at /tools/Xilinx/2025.1/data/xhub/boards/XilinxBoardStore/boards/Xilinx/vck190_newl/production/1.1/board.xml as part xcvc1902-vsva2197-2mp-e-s specified in board_part file is either invalid or not available
WARNING: [Board 49-26] cannot add Board Part xilinx.com:vck190_newl:part0:1.2 available at /tools/Xilinx/2025.1/data/xhub/boards/XilinxBoardStore/boards/Xilinx/vck190_newl/production/1.2/board.xml as part xcvc1902-vsva2197-2mp-e-s specified in board_part file is either invalid or not available
WARNING: [Board 49-26] cannot add Board Part xilinx.com:vck190_newl:part0:1.3 available at /tools/Xilinx/2025.1/data/xhub/boards/XilinxBoardStore/boards/Xilinx/vck190_newl/production/1.3/board.xml as part xcvc1902-vsva2197-2mp-e-s specified in board_part file is either invalid or not available
WARNING: [Board 49-26] cannot add Board Part xilinx.com:vcu108:part0:1.6 available at /tools/Xilinx/2025.1/data/xhub/boards/XilinxBoardStore/boards/Xilinx/vcu108/1.6/board.xml as part xcvu095-ffva2104-2-e specified in board_part file is either invalid or not available
WARNING: [Board 49-26] cannot add Board Part xilinx.com:vcu108:part0:1.7 available at /tools/Xilinx/2025.1/data/xhub/boards/XilinxBoardStore/boards/Xilinx/vcu108/1.7/board.xml as part xcvu095-ffva2104-2-e specified in board_part file is either invalid or not available
WARNING: [Board 49-26] cannot add Board Part xilinx.com:vcu110:part0:1.4 available at /tools/Xilinx/2025.1/data/xhub/boards/XilinxBoardStore/boards/Xilinx/vcu110/1.4/board.xml as part xcvu190-flgc2104-2-e specified in board_part file is either invalid or not available
WARNING: [Board 49-26] cannot add Board Part xilinx.com:vek280:part0:1.0 available at /tools/Xilinx/2025.1/data/xhub/boards/XilinxBoardStore/boards/Xilinx/vek280/production/1.0/board.xml as part xcve2802-vsvh1760-2mp-e-s specified in board_part file is either invalid or not available
WARNING: [Board 49-26] cannot add Board Part xilinx.com:vek280:part0:1.1 available at /tools/Xilinx/2025.1/data/xhub/boards/XilinxBoardStore/boards/Xilinx/vek280/production/1.1/board.xml as part xcve2802-vsvh1760-2mp-e-s specified in board_part file is either invalid or not available
WARNING: [Board 49-26] cannot add Board Part xilinx.com:vek280:part0:1.2 available at /tools/Xilinx/2025.1/data/xhub/boards/XilinxBoardStore/boards/Xilinx/vek280/production/1.2/board.xml as part xcve2802-vsvh1760-2mp-e-s specified in board_part file is either invalid or not available
WARNING: [Board 49-26] cannot add Board Part xilinx.com:vek385:part0:1.0 available at /tools/Xilinx/2025.1/data/xhub/boards/XilinxBoardStore/boards/Xilinx/vek385/1.0/board.xml as part xc2ve3858-ssva2112-2mp-e-s specified in board_part file is either invalid or not available
WARNING: [Board 49-26] cannot add Board Part xilinx.com:vermeo_t1_rfsoc:part0:1.0 available at /tools/Xilinx/2025.1/data/xhub/boards/XilinxBoardStore/boards/Xilinx/vermeo_t1_rfsoc/1.0/board.xml as part xczu21dr-ffvd1156-2l-e specified in board_part file is either invalid or not available
WARNING: [Board 49-26] cannot add Board Part xilinx.com:vhk158:part0:1.0 available at /tools/Xilinx/2025.1/data/xhub/boards/XilinxBoardStore/boards/Xilinx/vhk158/production/1.0/board.xml as part xcvh1582-vsva3697-2mp-e-s specified in board_part file is either invalid or not available
WARNING: [Board 49-26] cannot add Board Part xilinx.com:vhk158:part0:1.1 available at /tools/Xilinx/2025.1/data/xhub/boards/XilinxBoardStore/boards/Xilinx/vhk158/production/1.1/board.xml as part xcvh1582-vsva3697-2mp-e-s specified in board_part file is either invalid or not available
WARNING: [Board 49-26] cannot add Board Part xilinx.com:vhk158:part0:1.2 available at /tools/Xilinx/2025.1/data/xhub/boards/XilinxBoardStore/boards/Xilinx/vhk158/production/1.2/board.xml as part xcvh1582-vsva3697-2mp-e-s specified in board_part file is either invalid or not available
WARNING: [Board 49-26] cannot add Board Part xilinx.com:vmk180:part0:2.2 available at /tools/Xilinx/2025.1/data/xhub/boards/XilinxBoardStore/boards/Xilinx/vmk180/production/2.2/board.xml as part xcvm1802-vsva2197-2mp-e-s specified in board_part file is either invalid or not available
WARNING: [Board 49-26] cannot add Board Part xilinx.com:vmk180:part0:3.0 available at /tools/Xilinx/2025.1/data/xhub/boards/XilinxBoardStore/boards/Xilinx/vmk180/production/3.0/board.xml as part xcvm1802-vsva2197-2mp-e-s specified in board_part file is either invalid or not available
WARNING: [Board 49-26] cannot add Board Part xilinx.com:vmk180:part0:3.1 available at /tools/Xilinx/2025.1/data/xhub/boards/XilinxBoardStore/boards/Xilinx/vmk180/production/3.1/board.xml as part xcvm1802-vsva2197-2mp-e-s specified in board_part file is either invalid or not available
WARNING: [Board 49-26] cannot add Board Part xilinx.com:vmk180:part0:3.2 available at /tools/Xilinx/2025.1/data/xhub/boards/XilinxBoardStore/boards/Xilinx/vmk180/production/3.2/board.xml as part xcvm1802-vsva2197-2mp-e-s specified in board_part file is either invalid or not available
WARNING: [Board 49-26] cannot add Board Part xilinx.com:vmk180:part0:3.3 available at /tools/Xilinx/2025.1/data/xhub/boards/XilinxBoardStore/boards/Xilinx/vmk180/production/3.3/board.xml as part xcvm1802-vsva2197-2mp-e-s specified in board_part file is either invalid or not available
WARNING: [Board 49-26] cannot add Board Part xilinx.com:vmk180_newl:part0:1.0 available at /tools/Xilinx/2025.1/data/xhub/boards/XilinxBoardStore/boards/Xilinx/vmk180_newl/production/1.0/board.xml as part xcvm1802-vsva2197-2mp-e-s specified in board_part file is either invalid or not available
WARNING: [Board 49-26] cannot add Board Part xilinx.com:vmk180_newl:part0:1.1 available at /tools/Xilinx/2025.1/data/xhub/boards/XilinxBoardStore/boards/Xilinx/vmk180_newl/production/1.1/board.xml as part xcvm1802-vsva2197-2mp-e-s specified in board_part file is either invalid or not available
WARNING: [Board 49-26] cannot add Board Part xilinx.com:vpk120:part0:1.0 available at /tools/Xilinx/2025.1/data/xhub/boards/XilinxBoardStore/boards/Xilinx/vpk120/production/1.0/board.xml as part xcvp1202-vsva2785-2mp-e-s specified in board_part file is either invalid or not available
WARNING: [Board 49-26] cannot add Board Part xilinx.com:vpk120:part0:1.1 available at /tools/Xilinx/2025.1/data/xhub/boards/XilinxBoardStore/boards/Xilinx/vpk120/production/1.1/board.xml as part xcvp1202-vsva2785-2mp-e-s specified in board_part file is either invalid or not available
WARNING: [Board 49-26] cannot add Board Part xilinx.com:vpk120:part0:1.2 available at /tools/Xilinx/2025.1/data/xhub/boards/XilinxBoardStore/boards/Xilinx/vpk120/production/1.2/board.xml as part xcvp1202-vsva2785-2mp-e-s specified in board_part file is either invalid or not available
WARNING: [Board 49-26] cannot add Board Part xilinx.com:vpk180:part0:1.0 available at /tools/Xilinx/2025.1/data/xhub/boards/XilinxBoardStore/boards/Xilinx/vpk180/production/1.0/board.xml as part xcvp1802-lsvc4072-2mp-e-s specified in board_part file is either invalid or not available
WARNING: [Board 49-26] cannot add Board Part xilinx.com:vpk180:part0:1.1 available at /tools/Xilinx/2025.1/data/xhub/boards/XilinxBoardStore/boards/Xilinx/vpk180/production/1.1/board.xml as part xcvp1802-lsvc4072-2mp-e-s specified in board_part file is either invalid or not available
WARNING: [Board 49-26] cannot add Board Part xilinx.com:vpk180:part0:1.2 available at /tools/Xilinx/2025.1/data/xhub/boards/XilinxBoardStore/boards/Xilinx/vpk180/production/1.2/board.xml as part xcvp1802-lsvc4072-2mp-e-s specified in board_part file is either invalid or not available
WARNING: [Board 49-26] cannot add Board Part xilinx.com:zcu111:part0:1.2 available at /tools/Xilinx/2025.1/data/xhub/boards/XilinxBoardStore/boards/Xilinx/zcu111/1.2/board.xml as part xczu28dr-ffvg1517-2-e specified in board_part file is either invalid or not available
WARNING: [Board 49-26] cannot add Board Part xilinx.com:zcu111:part0:1.3 available at /tools/Xilinx/2025.1/data/xhub/boards/XilinxBoardStore/boards/Xilinx/zcu111/1.3/board.xml as part xczu28dr-ffvg1517-2-e specified in board_part file is either invalid or not available
WARNING: [Board 49-26] cannot add Board Part xilinx.com:zcu111:part0:1.4 available at /tools/Xilinx/2025.1/data/xhub/boards/XilinxBoardStore/boards/Xilinx/zcu111/1.4/board.xml as part xczu28dr-ffvg1517-2-e specified in board_part file is either invalid or not available
WARNING: [Board 49-26] cannot add Board Part xilinx.com:zcu1275:part0:1.0 available at /tools/Xilinx/2025.1/data/xhub/boards/XilinxBoardStore/boards/Xilinx/zcu1275/1.0/board.xml as part xczu29dr-ffvf1760-2-e specified in board_part file is either invalid or not available
WARNING: [Board 49-26] cannot add Board Part xilinx.com:zcu1285:part0:1.0 available at /tools/Xilinx/2025.1/data/xhub/boards/XilinxBoardStore/boards/Xilinx/zcu1285/1.0/board.xml as part xczu39dr-ffvf1760-2-i specified in board_part file is either invalid or not available
WARNING: [Board 49-26] cannot add Board Part xilinx.com:zcu208:part0:2.0 available at /tools/Xilinx/2025.1/data/xhub/boards/XilinxBoardStore/boards/Xilinx/zcu208/production/2.0/board.xml as part xczu48dr-fsvg1517-2-e specified in board_part file is either invalid or not available
WARNING: [Board 49-26] cannot add Board Part xilinx.com:zcu208ld:part0:2.0 available at /tools/Xilinx/2025.1/data/xhub/boards/XilinxBoardStore/boards/Xilinx/zcu208ld/production/2.0/board.xml as part xczu58dr-fsvg1517-2-i specified in board_part file is either invalid or not available
WARNING: [Board 49-26] cannot add Board Part xilinx.com:zcu216:part0:2.0 available at /tools/Xilinx/2025.1/data/xhub/boards/XilinxBoardStore/boards/Xilinx/zcu216/production/2.0/board.xml as part xczu49dr-ffvf1760-2-e specified in board_part file is either invalid or not available
WARNING: [Board 49-26] cannot add Board Part xilinx.com:zcu216ld:part0:2.0 available at /tools/Xilinx/2025.1/data/xhub/boards/XilinxBoardStore/boards/Xilinx/zcu216ld/production/2.0/board.xml as part xczu59dr-ffvf1760-2-i specified in board_part file is either invalid or not available
WARNING: [Board 49-26] cannot add Board Part xilinx.com:zcu670:part0:2.0 available at /tools/Xilinx/2025.1/data/xhub/boards/XilinxBoardStore/boards/Xilinx/zcu670/2.0/board.xml as part xczu67dr-fsve1156-2-i specified in board_part file is either invalid or not available
WARNING: [Board 49-26] cannot add Board Part xilinx.com:zcu670ld:part0:1.0 available at /tools/Xilinx/2025.1/data/xhub/boards/XilinxBoardStore/boards/Xilinx/zcu670ld/1.0/board.xml as part xczu57dr-fsve1156-2-i specified in board_part file is either invalid or not available
WARNING: [Project 1-5713] Board part '' set for the project  is not found. BoardPart property will be unset. Please select board from latest repo build 
INFO: [IP_Flow 19-234] Refreshing IP repositories
INFO: [IP_Flow 19-1700] Loaded user IP repository '/home/tcollins/dev/qpsk_ai/TransceiverToolbox/trx_examples/targeting/QPSKTxRxHDLExample/hdl_prj_jupiter_txrx/vivado_ip_prj/ipcore'.
INFO: [IP_Flow 19-1700] Loaded user IP repository '/home/tcollins/dev/qpsk_ai/TransceiverToolbox/trx_examples/targeting/QPSKTxRxHDLExample/hdl_prj_jupiter_txrx/vivado_ip_prj/library'.
INFO: [IP_Flow 19-2313] Loaded Vivado IP repository '/tools/Xilinx/2025.1/Vivado/data/ip'.
INFO: [Project 1-5698] Found the below utility IPs instantiated in block design /home/tcollins/dev/qpsk_ai/TransceiverToolbox/trx_examples/targeting/QPSKTxRxHDLExample/hdl_prj_jupiter_txrx/vivado_ip_prj/vivado_prj.srcs/sources_1/bd/system/system.bd which have equivalent inline hdl with improved performance and reduced diskspace.
It is recommended to migrate these utility IPs to inline hdl  using the command upgrade_project -migrate_to_inline_hdl.  The utility IPs may be deprecated in future releases.
More information on inline hdl is available in UG994.
Utility IP Component Instances:
 system_bit_concatenator_sync_0
system_bit_concatenator_shifter_0
system_bit_slicer_rx_0_0
system_bit_slicer_tx_0_0
system_bit_slicer_rx_1_0
system_bit_slicer_tx_1_0
system_bit_slicer_rx_2_0
system_bit_slicer_tx_2_0
system_bit_slicer_rx_3_0
system_bit_slicer_tx_3_0
system_bit_slicer_valid_rx_0_0
system_bit_slicer_valid_tx_0_0
system_bit_concatenator_sync_1
system_bit_concatenator_shifter_1
system_bit_slicer_rx_0_1
system_bit_slicer_tx_0_1
system_bit_slicer_rx_1_1
system_bit_slicer_tx_1_1
system_bit_slicer_rx_2_1
system_bit_slicer_tx_2_1
system_bit_slicer_rx_3_1
system_bit_slicer_tx_3_1
system_bit_slicer_valid_rx_0_1
system_bit_slicer_valid_tx_0_1
system_rx_rstn_inverter_0
system_tx_rstn_inverter_0
open_project: Time (s): cpu = 00:00:25 ; elapsed = 00:00:12 . Memory (MB): peak = 1602.957 ; gain = 97.715 ; free physical = 10016 ; free virtual = 45667
INFO: [IP_Flow 19-949] Unzipped './ipcore/Receiver_ip_v1_0.zip' into repository '/home/tcollins/dev/qpsk_ai/TransceiverToolbox/trx_examples/targeting/QPSKTxRxHDLExample/hdl_prj_jupiter_txrx/vivado_ip_prj/ipcore'.
INFO: [IP_Flow 19-725] Reloaded user IP repository '/home/tcollins/dev/qpsk_ai/TransceiverToolbox/trx_examples/targeting/QPSKTxRxHDLExample/hdl_prj_jupiter_txrx/vivado_ip_prj/ipcore'
INFO: [IP_Flow 19-1839] IP Catalog is up to date.
Reading block design file </home/tcollins/dev/qpsk_ai/TransceiverToolbox/trx_examples/targeting/QPSKTxRxHDLExample/hdl_prj_jupiter_txrx/vivado_ip_prj/vivado_prj.srcs/sources_1/bd/system/system.bd>...
Adding component instance block -- xilinx.com:ip:zynq_ultra_ps_e:3.5 - sys_ps8
Adding component instance block -- xilinx.com:ip:proc_sys_reset:5.0 - sys_rstgen
Adding component instance block -- xilinx.com:ip:proc_sys_reset:5.0 - sys_250m_rstgen
Adding component instance block -- xilinx.com:ip:proc_sys_reset:5.0 - sys_500m_rstgen
Adding component instance block -- xilinx.com:inline_hdl:ilconstant:1.0 - VCC_1
Adding component instance block -- xilinx.com:inline_hdl:ilconstant:1.0 - GND_1
Adding component instance block -- analog.com:user:axi_sysid:1.0 - axi_sysid_0
Adding component instance block -- analog.com:user:sysid_rom:1.0 - rom_sys_0
Adding component instance block -- xilinx.com:inline_hdl:ilconcat:1.0 - sys_concat_intc_0
Adding component instance block -- xilinx.com:inline_hdl:ilconcat:1.0 - sys_concat_intc_1
Adding component instance block -- analog.com:user:axi_adrv9001:1.0 - axi_adrv9001
Adding component instance block -- analog.com:user:axi_dmac:1.0 - axi_adrv9001_rx1_dma
Adding component instance block -- analog.com:user:util_cpack2:1.0 - util_adc_1_pack
Adding component instance block -- analog.com:user:axi_dmac:1.0 - axi_adrv9001_rx2_dma
Adding component instance block -- analog.com:user:util_cpack2:1.0 - util_adc_2_pack
Adding component instance block -- analog.com:user:axi_dmac:1.0 - axi_adrv9001_tx1_dma
Adding component instance block -- analog.com:user:util_upack2:1.0 - util_dac_1_upack
Adding component instance block -- analog.com:user:axi_dmac:1.0 - axi_adrv9001_tx2_dma
Adding component instance block -- analog.com:user:util_upack2:1.0 - util_dac_2_upack
Adding component instance block -- xilinx.com:inline_hdl:ilconstant:1.0 - GND_16
Adding component instance block -- xilinx.com:ip:system_management_wiz:1.3 - pl_sysmon
Adding component instance block -- xilinx.com:ip:smartconnect:1.0 - axi_hpm0_lpd_interconnect
Adding component instance block -- xilinx.com:ip:smartconnect:1.0 - axi_hpc0_interconnect
Adding component instance block -- analog.com:user:sync_slow_to_fast:1.0 - sync_slow_to_fast
Adding component instance block -- analog.com:user:util_delay:1.0 - util_delay
Adding component instance block -- xilinx.com:ip:xlconcat:2.1 - bit_concatenator_sync
Adding component instance block -- xilinx.com:ip:xlconcat:2.1 - bit_concatenator_shifter
Adding component instance block -- xilinx.com:ip:xlslice:1.0 - bit_slicer_rx_0
Adding component instance block -- xilinx.com:ip:xlslice:1.0 - bit_slicer_tx_0
Adding component instance block -- xilinx.com:ip:xlslice:1.0 - bit_slicer_rx_1
Adding component instance block -- xilinx.com:ip:xlslice:1.0 - bit_slicer_tx_1
Adding component instance block -- xilinx.com:ip:xlslice:1.0 - bit_slicer_rx_2
Adding component instance block -- xilinx.com:ip:xlslice:1.0 - bit_slicer_tx_2
Adding component instance block -- xilinx.com:ip:xlslice:1.0 - bit_slicer_rx_3
Adding component instance block -- xilinx.com:ip:xlslice:1.0 - bit_slicer_tx_3
Adding component instance block -- xilinx.com:ip:xlslice:1.0 - bit_slicer_valid_rx_0
Adding component instance block -- xilinx.com:ip:xlslice:1.0 - bit_slicer_valid_tx_0
Adding component instance block -- analog.com:user:sync_slow_to_fast:1.0 - sync_slow_to_fast
Adding component instance block -- analog.com:user:util_delay:1.0 - util_delay
Adding component instance block -- xilinx.com:ip:xlconcat:2.1 - bit_concatenator_sync
Adding component instance block -- xilinx.com:ip:xlconcat:2.1 - bit_concatenator_shifter
Adding component instance block -- xilinx.com:ip:xlslice:1.0 - bit_slicer_rx_0
Adding component instance block -- xilinx.com:ip:xlslice:1.0 - bit_slicer_tx_0
Adding component instance block -- xilinx.com:ip:xlslice:1.0 - bit_slicer_rx_1
Adding component instance block -- xilinx.com:ip:xlslice:1.0 - bit_slicer_tx_1
Adding component instance block -- xilinx.com:ip:xlslice:1.0 - bit_slicer_rx_2
Adding component instance block -- xilinx.com:ip:xlslice:1.0 - bit_slicer_tx_2
Adding component instance block -- xilinx.com:ip:xlslice:1.0 - bit_slicer_rx_3
Adding component instance block -- xilinx.com:ip:xlslice:1.0 - bit_slicer_tx_3
Adding component instance block -- xilinx.com:ip:xlslice:1.0 - bit_slicer_valid_rx_0
Adding component instance block -- xilinx.com:ip:xlslice:1.0 - bit_slicer_valid_tx_0
Adding component instance block -- xilinx.com:ip:util_vector_logic:2.0 - rx_rstn_inverter
Adding component instance block -- xilinx.com:ip:util_vector_logic:2.0 - tx_rstn_inverter
Successfully read diagram <system> from block design file </home/tcollins/dev/qpsk_ai/TransceiverToolbox/trx_examples/targeting/QPSKTxRxHDLExample/hdl_prj_jupiter_txrx/vivado_ip_prj/vivado_prj.srcs/sources_1/bd/system/system.bd>
WARNING: [BD 5-234] No nets matched 'get_bd_nets -of_objects /sync_output/data_valid_in_rx_0'
WARNING: [BD 5-234] No nets matched 'get_bd_nets -of_objects /sync_input/data_valid_out_rx_0'
WARNING: [BD 5-234] No nets matched 'get_bd_nets -of_objects /sync_output/data_in_rx_0'
WARNING: [BD 5-234] No nets matched 'get_bd_nets -of_objects /sync_output/data_in_rx_1'
WARNING: [BD 5-234] No nets matched 'get_bd_nets -of_objects /sync_output/data_in_rx_2'
WARNING: [BD 5-234] No nets matched 'get_bd_nets -of_objects /sync_output/data_in_rx_3'
WARNING: [BD 5-234] No nets matched 'get_bd_nets -of_objects /sync_input/data_out_rx_0'
WARNING: [BD 5-234] No nets matched 'get_bd_nets -of_objects /sync_input/data_out_rx_1'
WARNING: [filemgmt 56-12] File '/home/tcollins/dev/qpsk_ai/TransceiverToolbox/trx_examples/targeting/QPSKTxRxHDLExample/hdl_prj_jupiter_txrx/vivado_ip_prj/projects/jupiter_sdr/system_top.v' cannot be added to the project because it already exists in the project, skipping this file
WARNING: [BD 41-3281] Instance '/sys_ps8' is connected on both sides by SmartConnects and cannot automatically configure itself to match the endpoints. Please manually configure its AXI interfaces as required for the design.
WARNING: [BD 41-3281] Instance '/axi_adrv9001_rx1_dma' is connected on both sides by SmartConnects and cannot automatically configure itself to match the endpoints. Please manually configure its AXI interfaces as required for the design.
WARNING: [BD 41-3281] Instance '/axi_adrv9001_rx2_dma' is connected on both sides by SmartConnects and cannot automatically configure itself to match the endpoints. Please manually configure its AXI interfaces as required for the design.
WARNING: [BD 41-3281] Instance '/axi_adrv9001_tx1_dma' is connected on both sides by SmartConnects and cannot automatically configure itself to match the endpoints. Please manually configure its AXI interfaces as required for the design.
WARNING: [BD 41-3281] Instance '/axi_adrv9001_tx2_dma' is connected on both sides by SmartConnects and cannot automatically configure itself to match the endpoints. Please manually configure its AXI interfaces as required for the design.
WARNING: [BD 41-702] Propagation TCL tries to overwrite USER strength parameter AXI_AXCACHE(0b1111) on '/axi_adrv9001_rx1_dma' with propagated value(15). Command ignored
WARNING: [BD 41-702] Propagation TCL tries to overwrite USER strength parameter AXI_AXPROT(0b010) on '/axi_adrv9001_rx1_dma' with propagated value(2). Command ignored
WARNING: [BD 41-702] Propagation TCL tries to overwrite USER strength parameter AXI_AXCACHE(0b1111) on '/axi_adrv9001_rx2_dma' with propagated value(15). Command ignored
WARNING: [BD 41-702] Propagation TCL tries to overwrite USER strength parameter AXI_AXPROT(0b010) on '/axi_adrv9001_rx2_dma' with propagated value(2). Command ignored
WARNING: [BD 41-702] Propagation TCL tries to overwrite USER strength parameter AXI_AXCACHE(0b1111) on '/axi_adrv9001_tx1_dma' with propagated value(15). Command ignored
WARNING: [BD 41-702] Propagation TCL tries to overwrite USER strength parameter AXI_AXPROT(0b010) on '/axi_adrv9001_tx1_dma' with propagated value(2). Command ignored
WARNING: [BD 41-702] Propagation TCL tries to overwrite USER strength parameter AXI_AXCACHE(0b1111) on '/axi_adrv9001_tx2_dma' with propagated value(15). Command ignored
WARNING: [BD 41-702] Propagation TCL tries to overwrite USER strength parameter AXI_AXPROT(0b010) on '/axi_adrv9001_tx2_dma' with propagated value(2). Command ignored
INFO: [BD 5-943] Reserving offset range <0x84A0_0000 [ 64K ]> from slave interface '/axi_hpm0_lpd_interconnect/S00_AXI' to master interface '/axi_hpm0_lpd_interconnect/M00_AXI'. This will be used by smartconnect on path for routing.
INFO: [BD 5-943] Reserving offset range <0x84A3_0000 [ 4K ]> from slave interface '/axi_hpm0_lpd_interconnect/S00_AXI' to master interface '/axi_hpm0_lpd_interconnect/M01_AXI'. This will be used by smartconnect on path for routing.
INFO: [BD 5-943] Reserving offset range <0x84A4_0000 [ 4K ]> from slave interface '/axi_hpm0_lpd_interconnect/S00_AXI' to master interface '/axi_hpm0_lpd_interconnect/M02_AXI'. This will be used by smartconnect on path for routing.
INFO: [BD 5-943] Reserving offset range <0x84A5_0000 [ 4K ]> from slave interface '/axi_hpm0_lpd_interconnect/S00_AXI' to master interface '/axi_hpm0_lpd_interconnect/M03_AXI'. This will be used by smartconnect on path for routing.
INFO: [BD 5-943] Reserving offset range <0x84A6_0000 [ 4K ]> from slave interface '/axi_hpm0_lpd_interconnect/S00_AXI' to master interface '/axi_hpm0_lpd_interconnect/M04_AXI'. This will be used by smartconnect on path for routing.
INFO: [BD 5-943] Reserving offset range <0x8500_0000 [ 64K ]> from slave interface '/axi_hpm0_lpd_interconnect/S00_AXI' to master interface '/axi_hpm0_lpd_interconnect/M05_AXI'. This will be used by smartconnect on path for routing.
INFO: [BD 5-943] Reserving offset range <0x84A7_0000 [ 8K ]> from slave interface '/axi_hpm0_lpd_interconnect/S00_AXI' to master interface '/axi_hpm0_lpd_interconnect/M06_AXI'. This will be used by smartconnect on path for routing.
INFO: [BD 5-943] Reserving offset range <0x9D00_0000 [ 64K ]> from slave interface '/axi_hpm0_lpd_interconnect/S00_AXI' to master interface '/axi_hpm0_lpd_interconnect/M07_AXI'. This will be used by smartconnect on path for routing.
INFO: [xilinx.com:ip:smartconnect:1.0-1] system_axi_hpm0_lpd_interconnect_0: SmartConnect system_axi_hpm0_lpd_interconnect_0 is in Low-Area Mode.
xit::source_ipfile: Time (s): cpu = 00:00:06 ; elapsed = 00:00:06 . Memory (MB): peak = 2584.730 ; gain = 0.000 ; free physical = 9828 ; free virtual = 45469
INFO: [BD 5-943] Reserving offset range <0x0000_0000 [ 2G ]> from slave interface '/axi_hpc0_interconnect/S00_AXI' to master interface '/axi_hpc0_interconnect/M00_AXI'. This will be used by smartconnect on path for routing.
INFO: [BD 5-943] Reserving offset range <0x0000_0000 [ 2G ]> from slave interface '/axi_hpc0_interconnect/S01_AXI' to master interface '/axi_hpc0_interconnect/M00_AXI'. This will be used by smartconnect on path for routing.
INFO: [BD 5-943] Reserving offset range <0x0000_0000 [ 2G ]> from slave interface '/axi_hpc0_interconnect/S02_AXI' to master interface '/axi_hpc0_interconnect/M00_AXI'. This will be used by smartconnect on path for routing.
INFO: [BD 5-943] Reserving offset range <0x0000_0000 [ 2G ]> from slave interface '/axi_hpc0_interconnect/S03_AXI' to master interface '/axi_hpc0_interconnect/M00_AXI'. This will be used by smartconnect on path for routing.
INFO: [xilinx.com:ip:smartconnect:1.0-1] system_axi_hpc0_interconnect_0: SmartConnect system_axi_hpc0_interconnect_0 is in High-performance Mode.
WARNING: [BD 41-237] Bus Interface property AWUSER_WIDTH does not match between /sys_ps8/S_AXI_HPC0_FPD(1) and /axi_hpc0_interconnect/M00_AXI(0)
WARNING: [BD 41-237] Bus Interface property ARUSER_WIDTH does not match between /sys_ps8/S_AXI_HPC0_FPD(1) and /axi_hpc0_interconnect/M00_AXI(0)
validate_bd_design: Time (s): cpu = 00:00:19 ; elapsed = 00:00:20 . Memory (MB): peak = 2584.730 ; gain = 0.000 ; free physical = 9822 ; free virtual = 45450
Wrote  : </home/tcollins/dev/qpsk_ai/TransceiverToolbox/trx_examples/targeting/QPSKTxRxHDLExample/hdl_prj_jupiter_txrx/vivado_ip_prj/vivado_prj.srcs/sources_1/bd/system/system.bd> 
WARNING: [filemgmt 56-12] File '/home/tcollins/dev/qpsk_ai/TransceiverToolbox/trx_examples/targeting/QPSKTxRxHDLExample/hdl_prj_jupiter_txrx/vivado_ip_prj/projects/jupiter_sdr/system_constr.xdc' cannot be added to the project because it already exists in the project, skipping this file
INFO: [Common 17-206] Exiting Vivado at Tue May 26 19:00:26 2026...
