
*** Running vivado
    with args -log system_axi_sysid_0_0.vds -m64 -product Vivado -mode batch -messageDb vivado.pb -notrace -source system_axi_sysid_0_0.tcl


****** Vivado v2025.1 (64-bit)
  **** SW Build 6140274 on Wed May 21 22:58:25 MDT 2025
  **** IP Build 6138677 on Thu May 22 03:10:11 MDT 2025
  **** SharedData Build 6139179 on Tue May 20 17:58:58 MDT 2025
  **** Start of session at: Tue May 26 19:07:47 2026
    ** Copyright 1986-2022 Xilinx, Inc. All Rights Reserved.
    ** Copyright 2022-2025 Advanced Micro Devices, Inc. All Rights Reserved.

source system_axi_sysid_0_0.tcl -notrace
INFO: [IP_Flow 19-234] Refreshing IP repositories
INFO: [IP_Flow 19-1700] Loaded user IP repository '/home/tcollins/dev/qpsk_ai/TransceiverToolbox/trx_examples/targeting/QPSKTxRxHDLExample/hdl_prj_jupiter_txrx/vivado_ip_prj/ipcore'.
INFO: [IP_Flow 19-1700] Loaded user IP repository '/home/tcollins/dev/qpsk_ai/TransceiverToolbox/trx_examples/targeting/QPSKTxRxHDLExample/hdl_prj_jupiter_txrx/vivado_ip_prj/library'.
INFO: [IP_Flow 19-2313] Loaded Vivado IP repository '/tools/Xilinx/2025.1/Vivado/data/ip'.
Command: synth_design -top system_axi_sysid_0_0 -part xczu3eg-sfva625-2-e -incremental_mode off -mode out_of_context
Starting synth_design
Attempting to get a license for feature 'Synthesis' and/or device 'xczu3eg'
INFO: [Common 17-349] Got license for feature 'Synthesis' and/or device 'xczu3eg'
INFO: [Device 21-403] Loading part xczu3eg-sfva625-2-e
INFO: [Synth 8-7079] Multithreading enabled for synth_design using a maximum of 7 processes.
INFO: [Synth 8-7078] Launching helper process for spawning children vivado processes
INFO: [Synth 8-7075] Helper process launched with PID 3479208
---------------------------------------------------------------------------------
Starting RTL Elaboration : Time (s): cpu = 00:00:07 ; elapsed = 00:00:08 . Memory (MB): peak = 2575.426 ; gain = 142.688 ; free physical = 7993 ; free virtual = 43683
---------------------------------------------------------------------------------
INFO: [Synth 8-6157] synthesizing module 'system_axi_sysid_0_0' [/home/tcollins/dev/qpsk_ai/TransceiverToolbox/trx_examples/targeting/QPSKTxRxHDLExample/hdl_prj_jupiter_txrx/vivado_ip_prj/vivado_prj.gen/sources_1/bd/system/ip/system_axi_sysid_0_0/synth/system_axi_sysid_0_0.v:53]
INFO: [Synth 8-6157] synthesizing module 'axi_sysid' [/home/tcollins/dev/qpsk_ai/TransceiverToolbox/trx_examples/targeting/QPSKTxRxHDLExample/hdl_prj_jupiter_txrx/vivado_ip_prj/vivado_prj.gen/sources_1/bd/system/ipshared/7689/axi_sysid.v:37]
INFO: [Synth 8-6157] synthesizing module 'up_axi' [/home/tcollins/dev/qpsk_ai/TransceiverToolbox/trx_examples/targeting/QPSKTxRxHDLExample/hdl_prj_jupiter_txrx/vivado_ip_prj/vivado_prj.gen/sources_1/bd/system/ipshared/7689/0074/up_axi.v:38]
INFO: [Synth 8-6155] done synthesizing module 'up_axi' (0#1) [/home/tcollins/dev/qpsk_ai/TransceiverToolbox/trx_examples/targeting/QPSKTxRxHDLExample/hdl_prj_jupiter_txrx/vivado_ip_prj/vivado_prj.gen/sources_1/bd/system/ipshared/7689/0074/up_axi.v:38]
INFO: [Synth 8-6155] done synthesizing module 'axi_sysid' (0#1) [/home/tcollins/dev/qpsk_ai/TransceiverToolbox/trx_examples/targeting/QPSKTxRxHDLExample/hdl_prj_jupiter_txrx/vivado_ip_prj/vivado_prj.gen/sources_1/bd/system/ipshared/7689/axi_sysid.v:37]
INFO: [Synth 8-6155] done synthesizing module 'system_axi_sysid_0_0' (0#1) [/home/tcollins/dev/qpsk_ai/TransceiverToolbox/trx_examples/targeting/QPSKTxRxHDLExample/hdl_prj_jupiter_txrx/vivado_ip_prj/vivado_prj.gen/sources_1/bd/system/ip/system_axi_sysid_0_0/synth/system_axi_sysid_0_0.v:53]
WARNING: [Synth 8-3301] Unused top level parameter/generic USE_RX_CLK_FOR_TX1
WARNING: [Synth 8-3301] Unused top level parameter/generic USE_RX_CLK_FOR_TX2
WARNING: [Synth 8-7129] Port up_axi_awaddr[1] in module up_axi is either unconnected or has no load
WARNING: [Synth 8-7129] Port up_axi_awaddr[0] in module up_axi is either unconnected or has no load
WARNING: [Synth 8-7129] Port up_axi_wstrb[3] in module up_axi is either unconnected or has no load
WARNING: [Synth 8-7129] Port up_axi_wstrb[2] in module up_axi is either unconnected or has no load
WARNING: [Synth 8-7129] Port up_axi_wstrb[1] in module up_axi is either unconnected or has no load
WARNING: [Synth 8-7129] Port up_axi_wstrb[0] in module up_axi is either unconnected or has no load
WARNING: [Synth 8-7129] Port up_axi_araddr[1] in module up_axi is either unconnected or has no load
WARNING: [Synth 8-7129] Port up_axi_araddr[0] in module up_axi is either unconnected or has no load
WARNING: [Synth 8-7129] Port s_axi_awaddr[15] in module axi_sysid is either unconnected or has no load
WARNING: [Synth 8-7129] Port s_axi_awaddr[14] in module axi_sysid is either unconnected or has no load
WARNING: [Synth 8-7129] Port s_axi_awaddr[13] in module axi_sysid is either unconnected or has no load
WARNING: [Synth 8-7129] Port s_axi_awprot[2] in module axi_sysid is either unconnected or has no load
WARNING: [Synth 8-7129] Port s_axi_awprot[1] in module axi_sysid is either unconnected or has no load
WARNING: [Synth 8-7129] Port s_axi_awprot[0] in module axi_sysid is either unconnected or has no load
WARNING: [Synth 8-7129] Port s_axi_araddr[15] in module axi_sysid is either unconnected or has no load
WARNING: [Synth 8-7129] Port s_axi_araddr[14] in module axi_sysid is either unconnected or has no load
WARNING: [Synth 8-7129] Port s_axi_araddr[13] in module axi_sysid is either unconnected or has no load
WARNING: [Synth 8-7129] Port s_axi_arprot[2] in module axi_sysid is either unconnected or has no load
WARNING: [Synth 8-7129] Port s_axi_arprot[1] in module axi_sysid is either unconnected or has no load
WARNING: [Synth 8-7129] Port s_axi_arprot[0] in module axi_sysid is either unconnected or has no load
---------------------------------------------------------------------------------
Finished RTL Elaboration : Time (s): cpu = 00:00:09 ; elapsed = 00:00:10 . Memory (MB): peak = 2655.363 ; gain = 222.625 ; free physical = 7947 ; free virtual = 43638
---------------------------------------------------------------------------------
---------------------------------------------------------------------------------
Start Handling Custom Attributes
---------------------------------------------------------------------------------
---------------------------------------------------------------------------------
Finished Handling Custom Attributes : Time (s): cpu = 00:00:10 ; elapsed = 00:00:10 . Memory (MB): peak = 2655.363 ; gain = 222.625 ; free physical = 7945 ; free virtual = 43636
---------------------------------------------------------------------------------
---------------------------------------------------------------------------------
Finished RTL Optimization Phase 1 : Time (s): cpu = 00:00:10 ; elapsed = 00:00:10 . Memory (MB): peak = 2655.363 ; gain = 222.625 ; free physical = 7945 ; free virtual = 43636
---------------------------------------------------------------------------------
Netlist sorting complete. Time (s): cpu = 00:00:00.01 ; elapsed = 00:00:00 . Memory (MB): peak = 2655.363 ; gain = 0.000 ; free physical = 7945 ; free virtual = 43635
INFO: [Project 1-570] Preparing netlist for logic optimization

Processing XDC Constraints
Initializing timing engine
Completed Processing XDC Constraints

Netlist sorting complete. Time (s): cpu = 00:00:00 ; elapsed = 00:00:00 . Memory (MB): peak = 2767.262 ; gain = 0.000 ; free physical = 7948 ; free virtual = 43639
INFO: [Project 1-111] Unisim Transformation Summary:
No Unisim elements were transformed.

Constraint Validation Runtime : Time (s): cpu = 00:00:00.03 ; elapsed = 00:00:00.03 . Memory (MB): peak = 2790.074 ; gain = 22.777 ; free physical = 7951 ; free virtual = 43642
INFO: [Designutils 20-5008] Incremental synthesis strategy off
---------------------------------------------------------------------------------
Finished Constraint Validation : Time (s): cpu = 00:00:19 ; elapsed = 00:00:20 . Memory (MB): peak = 2790.074 ; gain = 357.336 ; free physical = 8007 ; free virtual = 43698
---------------------------------------------------------------------------------
---------------------------------------------------------------------------------
Start Loading Part and Timing Information
---------------------------------------------------------------------------------
Loading part: xczu3eg-sfva625-2-e
INFO: [Synth 8-6742] Reading net delay rules and data
---------------------------------------------------------------------------------
Finished Loading Part and Timing Information : Time (s): cpu = 00:00:19 ; elapsed = 00:00:20 . Memory (MB): peak = 2802.285 ; gain = 369.547 ; free physical = 8007 ; free virtual = 43698
---------------------------------------------------------------------------------
---------------------------------------------------------------------------------
Start Applying 'set_property' XDC Constraints
---------------------------------------------------------------------------------
---------------------------------------------------------------------------------
Finished applying 'set_property' XDC Constraints : Time (s): cpu = 00:00:19 ; elapsed = 00:00:21 . Memory (MB): peak = 2802.285 ; gain = 369.547 ; free physical = 8007 ; free virtual = 43698
---------------------------------------------------------------------------------
---------------------------------------------------------------------------------
Finished RTL Optimization Phase 2 : Time (s): cpu = 00:00:20 ; elapsed = 00:00:21 . Memory (MB): peak = 2802.285 ; gain = 369.547 ; free physical = 8002 ; free virtual = 43694
---------------------------------------------------------------------------------
---------------------------------------------------------------------------------
Start RTL Component Statistics 
---------------------------------------------------------------------------------
Detailed RTL Component Info : 
+---Adders : 
	   2 Input    5 Bit       Adders := 2     
+---Registers : 
	               32 Bit    Registers := 5     
	               11 Bit    Registers := 2     
	                5 Bit    Registers := 2     
	                1 Bit    Registers := 14    
+---Muxes : 
	   2 Input   32 Bit        Muxes := 3     
	   3 Input   32 Bit        Muxes := 1     
	   2 Input    5 Bit        Muxes := 4     
	   2 Input    1 Bit        Muxes := 19    
---------------------------------------------------------------------------------
Finished RTL Component Statistics 
---------------------------------------------------------------------------------
---------------------------------------------------------------------------------
Start Part Resource Summary
---------------------------------------------------------------------------------
Part Resources:
DSPs: 360 (col length:72)
BRAMs: 432 (col length: RAMB18 72 RAMB36 36)
---------------------------------------------------------------------------------
Finished Part Resource Summary
---------------------------------------------------------------------------------
---------------------------------------------------------------------------------
Start Cross Boundary and Area Optimization
---------------------------------------------------------------------------------
WARNING: [Synth 8-7080] Parallel synthesis criteria is not met
INFO: [Synth 8-3917] design system_axi_sysid_0_0 has port s_axi_bresp[1] driven by constant 0
INFO: [Synth 8-3917] design system_axi_sysid_0_0 has port s_axi_bresp[0] driven by constant 0
INFO: [Synth 8-3917] design system_axi_sysid_0_0 has port s_axi_rresp[1] driven by constant 0
INFO: [Synth 8-3917] design system_axi_sysid_0_0 has port s_axi_rresp[0] driven by constant 0
WARNING: [Synth 8-7129] Port s_axi_awaddr[15] in module system_axi_sysid_0_0 is either unconnected or has no load
WARNING: [Synth 8-7129] Port s_axi_awaddr[14] in module system_axi_sysid_0_0 is either unconnected or has no load
WARNING: [Synth 8-7129] Port s_axi_awaddr[13] in module system_axi_sysid_0_0 is either unconnected or has no load
WARNING: [Synth 8-7129] Port s_axi_awaddr[1] in module system_axi_sysid_0_0 is either unconnected or has no load
WARNING: [Synth 8-7129] Port s_axi_awaddr[0] in module system_axi_sysid_0_0 is either unconnected or has no load
WARNING: [Synth 8-7129] Port s_axi_awprot[2] in module system_axi_sysid_0_0 is either unconnected or has no load
WARNING: [Synth 8-7129] Port s_axi_awprot[1] in module system_axi_sysid_0_0 is either unconnected or has no load
WARNING: [Synth 8-7129] Port s_axi_awprot[0] in module system_axi_sysid_0_0 is either unconnected or has no load
WARNING: [Synth 8-7129] Port s_axi_wstrb[3] in module system_axi_sysid_0_0 is either unconnected or has no load
WARNING: [Synth 8-7129] Port s_axi_wstrb[2] in module system_axi_sysid_0_0 is either unconnected or has no load
WARNING: [Synth 8-7129] Port s_axi_wstrb[1] in module system_axi_sysid_0_0 is either unconnected or has no load
WARNING: [Synth 8-7129] Port s_axi_wstrb[0] in module system_axi_sysid_0_0 is either unconnected or has no load
WARNING: [Synth 8-7129] Port s_axi_araddr[15] in module system_axi_sysid_0_0 is either unconnected or has no load
WARNING: [Synth 8-7129] Port s_axi_araddr[14] in module system_axi_sysid_0_0 is either unconnected or has no load
WARNING: [Synth 8-7129] Port s_axi_araddr[13] in module system_axi_sysid_0_0 is either unconnected or has no load
WARNING: [Synth 8-7129] Port s_axi_araddr[1] in module system_axi_sysid_0_0 is either unconnected or has no load
WARNING: [Synth 8-7129] Port s_axi_araddr[0] in module system_axi_sysid_0_0 is either unconnected or has no load
WARNING: [Synth 8-7129] Port s_axi_arprot[2] in module system_axi_sysid_0_0 is either unconnected or has no load
WARNING: [Synth 8-7129] Port s_axi_arprot[1] in module system_axi_sysid_0_0 is either unconnected or has no load
WARNING: [Synth 8-7129] Port s_axi_arprot[0] in module system_axi_sysid_0_0 is either unconnected or has no load
---------------------------------------------------------------------------------
Finished Cross Boundary and Area Optimization : Time (s): cpu = 00:00:23 ; elapsed = 00:00:24 . Memory (MB): peak = 2802.285 ; gain = 369.547 ; free physical = 8012 ; free virtual = 43703
---------------------------------------------------------------------------------
---------------------------------------------------------------------------------
Start Applying XDC Timing Constraints
---------------------------------------------------------------------------------
---------------------------------------------------------------------------------
Finished Applying XDC Timing Constraints : Time (s): cpu = 00:00:35 ; elapsed = 00:00:37 . Memory (MB): peak = 3407.145 ; gain = 974.406 ; free physical = 7442 ; free virtual = 43134
---------------------------------------------------------------------------------
---------------------------------------------------------------------------------
Start Timing Optimization
---------------------------------------------------------------------------------
---------------------------------------------------------------------------------
Finished Timing Optimization : Time (s): cpu = 00:00:35 ; elapsed = 00:00:37 . Memory (MB): peak = 3407.145 ; gain = 974.406 ; free physical = 7441 ; free virtual = 43132
---------------------------------------------------------------------------------
---------------------------------------------------------------------------------
Start Technology Mapping
---------------------------------------------------------------------------------
---------------------------------------------------------------------------------
Finished Technology Mapping : Time (s): cpu = 00:00:35 ; elapsed = 00:00:38 . Memory (MB): peak = 3426.176 ; gain = 993.438 ; free physical = 7422 ; free virtual = 43113
---------------------------------------------------------------------------------
---------------------------------------------------------------------------------
Start IO Insertion
---------------------------------------------------------------------------------
---------------------------------------------------------------------------------
Start Flattening Before IO Insertion
---------------------------------------------------------------------------------
---------------------------------------------------------------------------------
Finished Flattening Before IO Insertion
---------------------------------------------------------------------------------
---------------------------------------------------------------------------------
Start Final Netlist Cleanup
---------------------------------------------------------------------------------
---------------------------------------------------------------------------------
Finished Final Netlist Cleanup
---------------------------------------------------------------------------------
---------------------------------------------------------------------------------
Finished IO Insertion : Time (s): cpu = 00:00:41 ; elapsed = 00:00:43 . Memory (MB): peak = 3592.988 ; gain = 1160.250 ; free physical = 7284 ; free virtual = 42976
---------------------------------------------------------------------------------
---------------------------------------------------------------------------------
Start Renaming Generated Instances
---------------------------------------------------------------------------------
---------------------------------------------------------------------------------
Finished Renaming Generated Instances : Time (s): cpu = 00:00:41 ; elapsed = 00:00:43 . Memory (MB): peak = 3592.988 ; gain = 1160.250 ; free physical = 7284 ; free virtual = 42976
---------------------------------------------------------------------------------
---------------------------------------------------------------------------------
Start Rebuilding User Hierarchy
---------------------------------------------------------------------------------
---------------------------------------------------------------------------------
Finished Rebuilding User Hierarchy : Time (s): cpu = 00:00:41 ; elapsed = 00:00:43 . Memory (MB): peak = 3592.988 ; gain = 1160.250 ; free physical = 7284 ; free virtual = 42976
---------------------------------------------------------------------------------
---------------------------------------------------------------------------------
Start Renaming Generated Ports
---------------------------------------------------------------------------------
---------------------------------------------------------------------------------
Finished Renaming Generated Ports : Time (s): cpu = 00:00:41 ; elapsed = 00:00:43 . Memory (MB): peak = 3592.988 ; gain = 1160.250 ; free physical = 7284 ; free virtual = 42976
---------------------------------------------------------------------------------
---------------------------------------------------------------------------------
Start Handling Custom Attributes
---------------------------------------------------------------------------------
---------------------------------------------------------------------------------
Finished Handling Custom Attributes : Time (s): cpu = 00:00:41 ; elapsed = 00:00:43 . Memory (MB): peak = 3592.988 ; gain = 1160.250 ; free physical = 7284 ; free virtual = 42976
---------------------------------------------------------------------------------
---------------------------------------------------------------------------------
Start Renaming Generated Nets
---------------------------------------------------------------------------------
---------------------------------------------------------------------------------
Finished Renaming Generated Nets : Time (s): cpu = 00:00:41 ; elapsed = 00:00:43 . Memory (MB): peak = 3592.988 ; gain = 1160.250 ; free physical = 7284 ; free virtual = 42976
---------------------------------------------------------------------------------
---------------------------------------------------------------------------------
Start Writing Synthesis Report
---------------------------------------------------------------------------------

Report BlackBoxes: 
+-+--------------+----------+
| |BlackBox name |Instances |
+-+--------------+----------+
+-+--------------+----------+

Report Cell Usage: 
+------+-----+------+
|      |Cell |Count |
+------+-----+------+
|1     |LUT1 |     1|
|2     |LUT2 |     5|
|3     |LUT3 |     5|
|4     |LUT4 |    42|
|5     |LUT5 |     5|
|6     |LUT6 |    63|
|7     |FDRE |   204|
|8     |FDSE |     2|
+------+-----+------+
---------------------------------------------------------------------------------
Finished Writing Synthesis Report : Time (s): cpu = 00:00:41 ; elapsed = 00:00:43 . Memory (MB): peak = 3592.988 ; gain = 1160.250 ; free physical = 7280 ; free virtual = 42972
---------------------------------------------------------------------------------
Synthesis finished with 0 errors, 0 critical warnings and 21 warnings.
Synthesis Optimization Runtime : Time (s): cpu = 00:00:39 ; elapsed = 00:00:42 . Memory (MB): peak = 3592.988 ; gain = 1025.539 ; free physical = 7278 ; free virtual = 42970
Synthesis Optimization Complete : Time (s): cpu = 00:00:41 ; elapsed = 00:00:44 . Memory (MB): peak = 3592.988 ; gain = 1160.250 ; free physical = 7278 ; free virtual = 42970
INFO: [Project 1-571] Translating synthesized netlist
Netlist sorting complete. Time (s): cpu = 00:00:00.01 ; elapsed = 00:00:00.01 . Memory (MB): peak = 3592.988 ; gain = 0.000 ; free physical = 7405 ; free virtual = 43097
INFO: [Project 1-570] Preparing netlist for logic optimization
INFO: [Opt 31-138] Pushed 0 inverter(s) to 0 load pin(s).
Netlist sorting complete. Time (s): cpu = 00:00:00 ; elapsed = 00:00:00 . Memory (MB): peak = 3604.777 ; gain = 0.000 ; free physical = 7404 ; free virtual = 43096
INFO: [Project 1-111] Unisim Transformation Summary:
No Unisim elements were transformed.

Synth Design complete | Checksum: 2ccc5c9a
INFO: [Common 17-83] Releasing license: Synthesis
28 Infos, 43 Warnings, 0 Critical Warnings and 0 Errors encountered.
synth_design completed successfully
synth_design: Time (s): cpu = 00:00:53 ; elapsed = 00:00:52 . Memory (MB): peak = 3604.812 ; gain = 1999.879 ; free physical = 7406 ; free virtual = 43098
INFO: [Common 17-2834] synth_design peak Physical Memory [PSS] (MB): overall = 2789.177; main = 2634.456; forked = 273.302
INFO: [Common 17-2834] synth_design peak Virtual Memory [VSS] (MB): overall = 4490.887; main = 3604.781; forked = 997.707
Write ShapeDB Complete: Time (s): cpu = 00:00:00 ; elapsed = 00:00:00 . Memory (MB): peak = 3641.410 ; gain = 0.000 ; free physical = 7404 ; free virtual = 43096
INFO: [Common 17-1381] The checkpoint '/home/tcollins/dev/qpsk_ai/TransceiverToolbox/trx_examples/targeting/QPSKTxRxHDLExample/hdl_prj_jupiter_txrx/vivado_ip_prj/vivado_prj.runs/system_axi_sysid_0_0_synth_1/system_axi_sysid_0_0.dcp' has been generated.
INFO: [Coretcl 2-1648] Added synthesis output to IP cache for IP system_axi_sysid_0_0, cache-ID = 133a92c85c62fa60
INFO: [Coretcl 2-1174] Renamed 2 cell refs.
Write ShapeDB Complete: Time (s): cpu = 00:00:00 ; elapsed = 00:00:00 . Memory (MB): peak = 3641.410 ; gain = 0.000 ; free physical = 7377 ; free virtual = 43069
INFO: [Common 17-1381] The checkpoint '/home/tcollins/dev/qpsk_ai/TransceiverToolbox/trx_examples/targeting/QPSKTxRxHDLExample/hdl_prj_jupiter_txrx/vivado_ip_prj/vivado_prj.runs/system_axi_sysid_0_0_synth_1/system_axi_sysid_0_0.dcp' has been generated.
INFO: [Vivado 12-24828] Executing command : report_utilization -file system_axi_sysid_0_0_utilization_synth.rpt -pb system_axi_sysid_0_0_utilization_synth.pb
INFO: [Common 17-206] Exiting Vivado at Tue May 26 19:08:50 2026...
