
*** Running vivado
    with args -log system_axi_adrv9001_rx1_dma_0.vds -m64 -product Vivado -mode batch -messageDb vivado.pb -notrace -source system_axi_adrv9001_rx1_dma_0.tcl


****** Vivado v2025.1 (64-bit)
  **** SW Build 6140274 on Wed May 21 22:58:25 MDT 2025
  **** IP Build 6138677 on Thu May 22 03:10:11 MDT 2025
  **** SharedData Build 6139179 on Tue May 20 17:58:58 MDT 2025
  **** Start of session at: Tue May 26 19:15:30 2026
    ** Copyright 1986-2022 Xilinx, Inc. All Rights Reserved.
    ** Copyright 2022-2025 Advanced Micro Devices, Inc. All Rights Reserved.

source system_axi_adrv9001_rx1_dma_0.tcl -notrace
INFO: [IP_Flow 19-234] Refreshing IP repositories
INFO: [IP_Flow 19-1700] Loaded user IP repository '/home/tcollins/dev/qpsk_ai/TransceiverToolbox/trx_examples/targeting/QPSKTxRxHDLExample/hdl_prj_jupiter_txrx/vivado_ip_prj/ipcore'.
INFO: [IP_Flow 19-1700] Loaded user IP repository '/home/tcollins/dev/qpsk_ai/TransceiverToolbox/trx_examples/targeting/QPSKTxRxHDLExample/hdl_prj_jupiter_txrx/vivado_ip_prj/library'.
INFO: [IP_Flow 19-2313] Loaded Vivado IP repository '/tools/Xilinx/2025.1/Vivado/data/ip'.
Command: synth_design -top system_axi_adrv9001_rx1_dma_0 -part xczu3eg-sfva625-2-e -incremental_mode off -mode out_of_context
Starting synth_design
Attempting to get a license for feature 'Synthesis' and/or device 'xczu3eg'
INFO: [Common 17-349] Got license for feature 'Synthesis' and/or device 'xczu3eg'
INFO: [Device 21-403] Loading part xczu3eg-sfva625-2-e
INFO: [Synth 8-7079] Multithreading enabled for synth_design using a maximum of 7 processes.
INFO: [Synth 8-7078] Launching helper process for spawning children vivado processes
INFO: [Synth 8-7075] Helper process launched with PID 3490891
---------------------------------------------------------------------------------
Starting RTL Elaboration : Time (s): cpu = 00:00:07 ; elapsed = 00:00:07 . Memory (MB): peak = 2576.453 ; gain = 142.688 ; free physical = 8009 ; free virtual = 43714
---------------------------------------------------------------------------------
INFO: [Synth 8-11241] undeclared symbol 'response_dest_partial', assumed default net type 'wire' [/home/tcollins/dev/qpsk_ai/TransceiverToolbox/trx_examples/targeting/QPSKTxRxHDLExample/hdl_prj_jupiter_txrx/vivado_ip_prj/vivado_prj.gen/sources_1/bd/system/ipshared/f64b/axi_dmac_response_manager.v:135]
INFO: [Synth 8-11241] undeclared symbol 'dma_req_ready_s', assumed default net type 'wire' [/home/tcollins/dev/qpsk_ai/TransceiverToolbox/trx_examples/targeting/QPSKTxRxHDLExample/hdl_prj_jupiter_txrx/vivado_ip_prj/vivado_prj.gen/sources_1/bd/system/ipshared/f64b/axi_dmac_transfer.v:565]
INFO: [Synth 8-11241] undeclared symbol 'src_req_spltr_valid', assumed default net type 'wire' [/home/tcollins/dev/qpsk_ai/TransceiverToolbox/trx_examples/targeting/QPSKTxRxHDLExample/hdl_prj_jupiter_txrx/vivado_ip_prj/vivado_prj.gen/sources_1/bd/system/ipshared/f64b/request_arb.v:1084]
INFO: [Synth 8-11241] undeclared symbol 'src_req_spltr_ready', assumed default net type 'wire' [/home/tcollins/dev/qpsk_ai/TransceiverToolbox/trx_examples/targeting/QPSKTxRxHDLExample/hdl_prj_jupiter_txrx/vivado_ip_prj/vivado_prj.gen/sources_1/bd/system/ipshared/f64b/request_arb.v:1085]
WARNING: [Synth 8-10507] attribute 'X_INTERFACE_MODE' is already specified; last one will take precedence [/home/tcollins/dev/qpsk_ai/TransceiverToolbox/trx_examples/targeting/QPSKTxRxHDLExample/hdl_prj_jupiter_txrx/vivado_ip_prj/vivado_prj.gen/sources_1/bd/system/ip/system_axi_adrv9001_rx1_dma_0/synth/system_axi_adrv9001_rx1_dma_0.v:206]
WARNING: [Synth 8-10507] attribute 'X_INTERFACE_PARAMETER' is already specified; last one will take precedence [/home/tcollins/dev/qpsk_ai/TransceiverToolbox/trx_examples/targeting/QPSKTxRxHDLExample/hdl_prj_jupiter_txrx/vivado_ip_prj/vivado_prj.gen/sources_1/bd/system/ip/system_axi_adrv9001_rx1_dma_0/synth/system_axi_adrv9001_rx1_dma_0.v:207]
INFO: [Synth 8-6157] synthesizing module 'system_axi_adrv9001_rx1_dma_0' [/home/tcollins/dev/qpsk_ai/TransceiverToolbox/trx_examples/targeting/QPSKTxRxHDLExample/hdl_prj_jupiter_txrx/vivado_ip_prj/vivado_prj.gen/sources_1/bd/system/ip/system_axi_adrv9001_rx1_dma_0/synth/system_axi_adrv9001_rx1_dma_0.v:53]
INFO: [Synth 8-6157] synthesizing module 'axi_dmac' [/home/tcollins/dev/qpsk_ai/TransceiverToolbox/trx_examples/targeting/QPSKTxRxHDLExample/hdl_prj_jupiter_txrx/vivado_ip_prj/vivado_prj.gen/sources_1/bd/system/ipshared/f64b/axi_dmac.v:38]
INFO: [Synth 8-6157] synthesizing module 'axi_dmac_regmap' [/home/tcollins/dev/qpsk_ai/TransceiverToolbox/trx_examples/targeting/QPSKTxRxHDLExample/hdl_prj_jupiter_txrx/vivado_ip_prj/vivado_prj.gen/sources_1/bd/system/ipshared/f64b/axi_dmac_regmap.v:38]
INFO: [Synth 8-155] case statement is not full and has no default [/home/tcollins/dev/qpsk_ai/TransceiverToolbox/trx_examples/targeting/QPSKTxRxHDLExample/hdl_prj_jupiter_txrx/vivado_ip_prj/vivado_prj.gen/sources_1/bd/system/ipshared/f64b/axi_dmac_regmap.v:219]
INFO: [Synth 8-6157] synthesizing module 'axi_dmac_regmap_request' [/home/tcollins/dev/qpsk_ai/TransceiverToolbox/trx_examples/targeting/QPSKTxRxHDLExample/hdl_prj_jupiter_txrx/vivado_ip_prj/vivado_prj.gen/sources_1/bd/system/ipshared/f64b/axi_dmac_regmap_request.v:38]
INFO: [Synth 8-155] case statement is not full and has no default [/home/tcollins/dev/qpsk_ai/TransceiverToolbox/trx_examples/targeting/QPSKTxRxHDLExample/hdl_prj_jupiter_txrx/vivado_ip_prj/vivado_prj.gen/sources_1/bd/system/ipshared/f64b/axi_dmac_regmap_request.v:186]
INFO: [Synth 8-6157] synthesizing module 'util_axis_fifo' [/home/tcollins/dev/qpsk_ai/TransceiverToolbox/trx_examples/targeting/QPSKTxRxHDLExample/hdl_prj_jupiter_txrx/vivado_ip_prj/vivado_prj.gen/sources_1/bd/system/ipshared/73d6/util_axis_fifo.v:37]
INFO: [Synth 8-6157] synthesizing module 'util_axis_fifo_address_generator' [/home/tcollins/dev/qpsk_ai/TransceiverToolbox/trx_examples/targeting/QPSKTxRxHDLExample/hdl_prj_jupiter_txrx/vivado_ip_prj/vivado_prj.gen/sources_1/bd/system/ipshared/73d6/util_axis_fifo_address_generator.v:38]
INFO: [Synth 8-6155] done synthesizing module 'util_axis_fifo_address_generator' (0#1) [/home/tcollins/dev/qpsk_ai/TransceiverToolbox/trx_examples/targeting/QPSKTxRxHDLExample/hdl_prj_jupiter_txrx/vivado_ip_prj/vivado_prj.gen/sources_1/bd/system/ipshared/73d6/util_axis_fifo_address_generator.v:38]
INFO: [Synth 8-6155] done synthesizing module 'util_axis_fifo' (0#1) [/home/tcollins/dev/qpsk_ai/TransceiverToolbox/trx_examples/targeting/QPSKTxRxHDLExample/hdl_prj_jupiter_txrx/vivado_ip_prj/vivado_prj.gen/sources_1/bd/system/ipshared/73d6/util_axis_fifo.v:37]
WARNING: [Synth 8-7071] port 'm_axis_tkeep' of module 'util_axis_fifo' is unconnected for instance 'i_transfer_lenghts_fifo' [/home/tcollins/dev/qpsk_ai/TransceiverToolbox/trx_examples/targeting/QPSKTxRxHDLExample/hdl_prj_jupiter_txrx/vivado_ip_prj/vivado_prj.gen/sources_1/bd/system/ipshared/f64b/axi_dmac_regmap_request.v:440]
WARNING: [Synth 8-7071] port 'm_axis_tlast' of module 'util_axis_fifo' is unconnected for instance 'i_transfer_lenghts_fifo' [/home/tcollins/dev/qpsk_ai/TransceiverToolbox/trx_examples/targeting/QPSKTxRxHDLExample/hdl_prj_jupiter_txrx/vivado_ip_prj/vivado_prj.gen/sources_1/bd/system/ipshared/f64b/axi_dmac_regmap_request.v:440]
WARNING: [Synth 8-7071] port 'm_axis_almost_empty' of module 'util_axis_fifo' is unconnected for instance 'i_transfer_lenghts_fifo' [/home/tcollins/dev/qpsk_ai/TransceiverToolbox/trx_examples/targeting/QPSKTxRxHDLExample/hdl_prj_jupiter_txrx/vivado_ip_prj/vivado_prj.gen/sources_1/bd/system/ipshared/f64b/axi_dmac_regmap_request.v:440]
WARNING: [Synth 8-7071] port 's_axis_tkeep' of module 'util_axis_fifo' is unconnected for instance 'i_transfer_lenghts_fifo' [/home/tcollins/dev/qpsk_ai/TransceiverToolbox/trx_examples/targeting/QPSKTxRxHDLExample/hdl_prj_jupiter_txrx/vivado_ip_prj/vivado_prj.gen/sources_1/bd/system/ipshared/f64b/axi_dmac_regmap_request.v:440]
WARNING: [Synth 8-7071] port 's_axis_tlast' of module 'util_axis_fifo' is unconnected for instance 'i_transfer_lenghts_fifo' [/home/tcollins/dev/qpsk_ai/TransceiverToolbox/trx_examples/targeting/QPSKTxRxHDLExample/hdl_prj_jupiter_txrx/vivado_ip_prj/vivado_prj.gen/sources_1/bd/system/ipshared/f64b/axi_dmac_regmap_request.v:440]
WARNING: [Synth 8-7071] port 's_axis_almost_full' of module 'util_axis_fifo' is unconnected for instance 'i_transfer_lenghts_fifo' [/home/tcollins/dev/qpsk_ai/TransceiverToolbox/trx_examples/targeting/QPSKTxRxHDLExample/hdl_prj_jupiter_txrx/vivado_ip_prj/vivado_prj.gen/sources_1/bd/system/ipshared/f64b/axi_dmac_regmap_request.v:440]
WARNING: [Synth 8-7023] instance 'i_transfer_lenghts_fifo' of module 'util_axis_fifo' has 20 connections declared, but only 14 given [/home/tcollins/dev/qpsk_ai/TransceiverToolbox/trx_examples/targeting/QPSKTxRxHDLExample/hdl_prj_jupiter_txrx/vivado_ip_prj/vivado_prj.gen/sources_1/bd/system/ipshared/f64b/axi_dmac_regmap_request.v:440]
INFO: [Synth 8-6155] done synthesizing module 'axi_dmac_regmap_request' (0#1) [/home/tcollins/dev/qpsk_ai/TransceiverToolbox/trx_examples/targeting/QPSKTxRxHDLExample/hdl_prj_jupiter_txrx/vivado_ip_prj/vivado_prj.gen/sources_1/bd/system/ipshared/f64b/axi_dmac_regmap_request.v:38]
INFO: [Synth 8-6157] synthesizing module 'up_axi' [/home/tcollins/dev/qpsk_ai/TransceiverToolbox/trx_examples/targeting/QPSKTxRxHDLExample/hdl_prj_jupiter_txrx/vivado_ip_prj/vivado_prj.gen/sources_1/bd/system/ipshared/f64b/0074/up_axi.v:38]
INFO: [Synth 8-6155] done synthesizing module 'up_axi' (0#1) [/home/tcollins/dev/qpsk_ai/TransceiverToolbox/trx_examples/targeting/QPSKTxRxHDLExample/hdl_prj_jupiter_txrx/vivado_ip_prj/vivado_prj.gen/sources_1/bd/system/ipshared/f64b/0074/up_axi.v:38]
INFO: [Synth 8-6155] done synthesizing module 'axi_dmac_regmap' (0#1) [/home/tcollins/dev/qpsk_ai/TransceiverToolbox/trx_examples/targeting/QPSKTxRxHDLExample/hdl_prj_jupiter_txrx/vivado_ip_prj/vivado_prj.gen/sources_1/bd/system/ipshared/f64b/axi_dmac_regmap.v:38]
INFO: [Synth 8-6157] synthesizing module 'axi_dmac_transfer' [/home/tcollins/dev/qpsk_ai/TransceiverToolbox/trx_examples/targeting/QPSKTxRxHDLExample/hdl_prj_jupiter_txrx/vivado_ip_prj/vivado_prj.gen/sources_1/bd/system/ipshared/f64b/axi_dmac_transfer.v:38]
INFO: [Synth 8-6157] synthesizing module 'axi_dmac_reset_manager' [/home/tcollins/dev/qpsk_ai/TransceiverToolbox/trx_examples/targeting/QPSKTxRxHDLExample/hdl_prj_jupiter_txrx/vivado_ip_prj/vivado_prj.gen/sources_1/bd/system/ipshared/f64b/axi_dmac_reset_manager.v:38]
INFO: [Synth 8-155] case statement is not full and has no default [/home/tcollins/dev/qpsk_ai/TransceiverToolbox/trx_examples/targeting/QPSKTxRxHDLExample/hdl_prj_jupiter_txrx/vivado_ip_prj/vivado_prj.gen/sources_1/bd/system/ipshared/f64b/axi_dmac_reset_manager.v:171]
INFO: [Synth 8-6157] synthesizing module 'sync_bits' [/home/tcollins/dev/qpsk_ai/TransceiverToolbox/trx_examples/targeting/QPSKTxRxHDLExample/hdl_prj_jupiter_txrx/vivado_ip_prj/vivado_prj.gen/sources_1/bd/system/ipshared/2c96/sync_bits.v:46]
INFO: [Synth 8-6155] done synthesizing module 'sync_bits' (0#1) [/home/tcollins/dev/qpsk_ai/TransceiverToolbox/trx_examples/targeting/QPSKTxRxHDLExample/hdl_prj_jupiter_txrx/vivado_ip_prj/vivado_prj.gen/sources_1/bd/system/ipshared/2c96/sync_bits.v:46]
INFO: [Synth 8-6155] done synthesizing module 'axi_dmac_reset_manager' (0#1) [/home/tcollins/dev/qpsk_ai/TransceiverToolbox/trx_examples/targeting/QPSKTxRxHDLExample/hdl_prj_jupiter_txrx/vivado_ip_prj/vivado_prj.gen/sources_1/bd/system/ipshared/f64b/axi_dmac_reset_manager.v:38]
INFO: [Synth 8-6157] synthesizing module 'request_arb' [/home/tcollins/dev/qpsk_ai/TransceiverToolbox/trx_examples/targeting/QPSKTxRxHDLExample/hdl_prj_jupiter_txrx/vivado_ip_prj/vivado_prj.gen/sources_1/bd/system/ipshared/f64b/request_arb.v:38]
INFO: [Synth 8-6157] synthesizing module 'dest_axi_mm' [/home/tcollins/dev/qpsk_ai/TransceiverToolbox/trx_examples/targeting/QPSKTxRxHDLExample/hdl_prj_jupiter_txrx/vivado_ip_prj/vivado_prj.gen/sources_1/bd/system/ipshared/f64b/dest_axi_mm.v:38]
INFO: [Synth 8-6157] synthesizing module 'address_generator' [/home/tcollins/dev/qpsk_ai/TransceiverToolbox/trx_examples/targeting/QPSKTxRxHDLExample/hdl_prj_jupiter_txrx/vivado_ip_prj/vivado_prj.gen/sources_1/bd/system/ipshared/f64b/address_generator.v:38]
INFO: [Synth 8-6155] done synthesizing module 'address_generator' (0#1) [/home/tcollins/dev/qpsk_ai/TransceiverToolbox/trx_examples/targeting/QPSKTxRxHDLExample/hdl_prj_jupiter_txrx/vivado_ip_prj/vivado_prj.gen/sources_1/bd/system/ipshared/f64b/address_generator.v:38]
INFO: [Synth 8-6157] synthesizing module 'response_handler' [/home/tcollins/dev/qpsk_ai/TransceiverToolbox/trx_examples/targeting/QPSKTxRxHDLExample/hdl_prj_jupiter_txrx/vivado_ip_prj/vivado_prj.gen/sources_1/bd/system/ipshared/f64b/response_handler.v:38]
INFO: [Synth 8-6155] done synthesizing module 'response_handler' (0#1) [/home/tcollins/dev/qpsk_ai/TransceiverToolbox/trx_examples/targeting/QPSKTxRxHDLExample/hdl_prj_jupiter_txrx/vivado_ip_prj/vivado_prj.gen/sources_1/bd/system/ipshared/f64b/response_handler.v:38]
INFO: [Synth 8-6155] done synthesizing module 'dest_axi_mm' (0#1) [/home/tcollins/dev/qpsk_ai/TransceiverToolbox/trx_examples/targeting/QPSKTxRxHDLExample/hdl_prj_jupiter_txrx/vivado_ip_prj/vivado_prj.gen/sources_1/bd/system/ipshared/f64b/dest_axi_mm.v:38]
INFO: [Synth 8-6157] synthesizing module 'util_axis_fifo__parameterized0' [/home/tcollins/dev/qpsk_ai/TransceiverToolbox/trx_examples/targeting/QPSKTxRxHDLExample/hdl_prj_jupiter_txrx/vivado_ip_prj/vivado_prj.gen/sources_1/bd/system/ipshared/73d6/util_axis_fifo.v:37]
INFO: [Synth 8-6155] done synthesizing module 'util_axis_fifo__parameterized0' (0#1) [/home/tcollins/dev/qpsk_ai/TransceiverToolbox/trx_examples/targeting/QPSKTxRxHDLExample/hdl_prj_jupiter_txrx/vivado_ip_prj/vivado_prj.gen/sources_1/bd/system/ipshared/73d6/util_axis_fifo.v:37]
WARNING: [Synth 8-7071] port 'm_axis_tkeep' of module 'util_axis_fifo' is unconnected for instance 'i_src_dest_bl_fifo' [/home/tcollins/dev/qpsk_ai/TransceiverToolbox/trx_examples/targeting/QPSKTxRxHDLExample/hdl_prj_jupiter_txrx/vivado_ip_prj/vivado_prj.gen/sources_1/bd/system/ipshared/f64b/request_arb.v:445]
WARNING: [Synth 8-7071] port 'm_axis_tlast' of module 'util_axis_fifo' is unconnected for instance 'i_src_dest_bl_fifo' [/home/tcollins/dev/qpsk_ai/TransceiverToolbox/trx_examples/targeting/QPSKTxRxHDLExample/hdl_prj_jupiter_txrx/vivado_ip_prj/vivado_prj.gen/sources_1/bd/system/ipshared/f64b/request_arb.v:445]
WARNING: [Synth 8-7071] port 'm_axis_almost_empty' of module 'util_axis_fifo' is unconnected for instance 'i_src_dest_bl_fifo' [/home/tcollins/dev/qpsk_ai/TransceiverToolbox/trx_examples/targeting/QPSKTxRxHDLExample/hdl_prj_jupiter_txrx/vivado_ip_prj/vivado_prj.gen/sources_1/bd/system/ipshared/f64b/request_arb.v:445]
WARNING: [Synth 8-7071] port 's_axis_tkeep' of module 'util_axis_fifo' is unconnected for instance 'i_src_dest_bl_fifo' [/home/tcollins/dev/qpsk_ai/TransceiverToolbox/trx_examples/targeting/QPSKTxRxHDLExample/hdl_prj_jupiter_txrx/vivado_ip_prj/vivado_prj.gen/sources_1/bd/system/ipshared/f64b/request_arb.v:445]
WARNING: [Synth 8-7071] port 's_axis_tlast' of module 'util_axis_fifo' is unconnected for instance 'i_src_dest_bl_fifo' [/home/tcollins/dev/qpsk_ai/TransceiverToolbox/trx_examples/targeting/QPSKTxRxHDLExample/hdl_prj_jupiter_txrx/vivado_ip_prj/vivado_prj.gen/sources_1/bd/system/ipshared/f64b/request_arb.v:445]
WARNING: [Synth 8-7071] port 's_axis_almost_full' of module 'util_axis_fifo' is unconnected for instance 'i_src_dest_bl_fifo' [/home/tcollins/dev/qpsk_ai/TransceiverToolbox/trx_examples/targeting/QPSKTxRxHDLExample/hdl_prj_jupiter_txrx/vivado_ip_prj/vivado_prj.gen/sources_1/bd/system/ipshared/f64b/request_arb.v:445]
WARNING: [Synth 8-7023] instance 'i_src_dest_bl_fifo' of module 'util_axis_fifo' has 20 connections declared, but only 14 given [/home/tcollins/dev/qpsk_ai/TransceiverToolbox/trx_examples/targeting/QPSKTxRxHDLExample/hdl_prj_jupiter_txrx/vivado_ip_prj/vivado_prj.gen/sources_1/bd/system/ipshared/f64b/request_arb.v:445]
INFO: [Synth 8-6157] synthesizing module 'src_fifo_inf' [/home/tcollins/dev/qpsk_ai/TransceiverToolbox/trx_examples/targeting/QPSKTxRxHDLExample/hdl_prj_jupiter_txrx/vivado_ip_prj/vivado_prj.gen/sources_1/bd/system/ipshared/f64b/src_fifo_inf.v:38]
INFO: [Synth 8-6157] synthesizing module 'data_mover' [/home/tcollins/dev/qpsk_ai/TransceiverToolbox/trx_examples/targeting/QPSKTxRxHDLExample/hdl_prj_jupiter_txrx/vivado_ip_prj/vivado_prj.gen/sources_1/bd/system/ipshared/f64b/data_mover.v:38]
INFO: [Synth 8-6155] done synthesizing module 'data_mover' (0#1) [/home/tcollins/dev/qpsk_ai/TransceiverToolbox/trx_examples/targeting/QPSKTxRxHDLExample/hdl_prj_jupiter_txrx/vivado_ip_prj/vivado_prj.gen/sources_1/bd/system/ipshared/f64b/data_mover.v:38]
INFO: [Synth 8-6155] done synthesizing module 'src_fifo_inf' (0#1) [/home/tcollins/dev/qpsk_ai/TransceiverToolbox/trx_examples/targeting/QPSKTxRxHDLExample/hdl_prj_jupiter_txrx/vivado_ip_prj/vivado_prj.gen/sources_1/bd/system/ipshared/f64b/src_fifo_inf.v:38]
INFO: [Synth 8-6157] synthesizing module 'sync_bits__parameterized0' [/home/tcollins/dev/qpsk_ai/TransceiverToolbox/trx_examples/targeting/QPSKTxRxHDLExample/hdl_prj_jupiter_txrx/vivado_ip_prj/vivado_prj.gen/sources_1/bd/system/ipshared/2c96/sync_bits.v:46]
INFO: [Synth 8-6155] done synthesizing module 'sync_bits__parameterized0' (0#1) [/home/tcollins/dev/qpsk_ai/TransceiverToolbox/trx_examples/targeting/QPSKTxRxHDLExample/hdl_prj_jupiter_txrx/vivado_ip_prj/vivado_prj.gen/sources_1/bd/system/ipshared/2c96/sync_bits.v:46]
INFO: [Synth 8-6157] synthesizing module 'axi_register_slice' [/home/tcollins/dev/qpsk_ai/TransceiverToolbox/trx_examples/targeting/QPSKTxRxHDLExample/hdl_prj_jupiter_txrx/vivado_ip_prj/vivado_prj.gen/sources_1/bd/system/ipshared/f64b/axi_register_slice.v:38]
INFO: [Synth 8-6155] done synthesizing module 'axi_register_slice' (0#1) [/home/tcollins/dev/qpsk_ai/TransceiverToolbox/trx_examples/targeting/QPSKTxRxHDLExample/hdl_prj_jupiter_txrx/vivado_ip_prj/vivado_prj.gen/sources_1/bd/system/ipshared/f64b/axi_register_slice.v:38]
INFO: [Synth 8-6157] synthesizing module 'axi_dmac_burst_memory' [/home/tcollins/dev/qpsk_ai/TransceiverToolbox/trx_examples/targeting/QPSKTxRxHDLExample/hdl_prj_jupiter_txrx/vivado_ip_prj/vivado_prj.gen/sources_1/bd/system/ipshared/f64b/axi_dmac_burst_memory.v:38]
INFO: [Synth 8-6157] synthesizing module 'axi_dmac_resize_src' [/home/tcollins/dev/qpsk_ai/TransceiverToolbox/trx_examples/targeting/QPSKTxRxHDLExample/hdl_prj_jupiter_txrx/vivado_ip_prj/vivado_prj.gen/sources_1/bd/system/ipshared/f64b/axi_dmac_resize_src.v:43]
INFO: [Synth 8-6155] done synthesizing module 'axi_dmac_resize_src' (0#1) [/home/tcollins/dev/qpsk_ai/TransceiverToolbox/trx_examples/targeting/QPSKTxRxHDLExample/hdl_prj_jupiter_txrx/vivado_ip_prj/vivado_prj.gen/sources_1/bd/system/ipshared/f64b/axi_dmac_resize_src.v:43]
INFO: [Synth 8-6157] synthesizing module 'ad_mem_asym' [/home/tcollins/dev/qpsk_ai/TransceiverToolbox/trx_examples/targeting/QPSKTxRxHDLExample/hdl_prj_jupiter_txrx/vivado_ip_prj/vivado_prj.gen/sources_1/bd/system/ipshared/f64b/0074/ad_mem_asym.v:41]
INFO: [Synth 8-6155] done synthesizing module 'ad_mem_asym' (0#1) [/home/tcollins/dev/qpsk_ai/TransceiverToolbox/trx_examples/targeting/QPSKTxRxHDLExample/hdl_prj_jupiter_txrx/vivado_ip_prj/vivado_prj.gen/sources_1/bd/system/ipshared/f64b/0074/ad_mem_asym.v:41]
INFO: [Synth 8-6157] synthesizing module 'axi_dmac_resize_dest' [/home/tcollins/dev/qpsk_ai/TransceiverToolbox/trx_examples/targeting/QPSKTxRxHDLExample/hdl_prj_jupiter_txrx/vivado_ip_prj/vivado_prj.gen/sources_1/bd/system/ipshared/f64b/axi_dmac_resize_dest.v:38]
INFO: [Synth 8-6155] done synthesizing module 'axi_dmac_resize_dest' (0#1) [/home/tcollins/dev/qpsk_ai/TransceiverToolbox/trx_examples/targeting/QPSKTxRxHDLExample/hdl_prj_jupiter_txrx/vivado_ip_prj/vivado_prj.gen/sources_1/bd/system/ipshared/f64b/axi_dmac_resize_dest.v:38]
INFO: [Synth 8-6155] done synthesizing module 'axi_dmac_burst_memory' (0#1) [/home/tcollins/dev/qpsk_ai/TransceiverToolbox/trx_examples/targeting/QPSKTxRxHDLExample/hdl_prj_jupiter_txrx/vivado_ip_prj/vivado_prj.gen/sources_1/bd/system/ipshared/f64b/axi_dmac_burst_memory.v:38]
INFO: [Synth 8-6157] synthesizing module 'axi_register_slice__parameterized0' [/home/tcollins/dev/qpsk_ai/TransceiverToolbox/trx_examples/targeting/QPSKTxRxHDLExample/hdl_prj_jupiter_txrx/vivado_ip_prj/vivado_prj.gen/sources_1/bd/system/ipshared/f64b/axi_register_slice.v:38]
INFO: [Synth 8-6155] done synthesizing module 'axi_register_slice__parameterized0' (0#1) [/home/tcollins/dev/qpsk_ai/TransceiverToolbox/trx_examples/targeting/QPSKTxRxHDLExample/hdl_prj_jupiter_txrx/vivado_ip_prj/vivado_prj.gen/sources_1/bd/system/ipshared/f64b/axi_register_slice.v:38]
INFO: [Synth 8-6157] synthesizing module 'util_axis_fifo__parameterized1' [/home/tcollins/dev/qpsk_ai/TransceiverToolbox/trx_examples/targeting/QPSKTxRxHDLExample/hdl_prj_jupiter_txrx/vivado_ip_prj/vivado_prj.gen/sources_1/bd/system/ipshared/73d6/util_axis_fifo.v:37]
INFO: [Synth 8-6155] done synthesizing module 'util_axis_fifo__parameterized1' (0#1) [/home/tcollins/dev/qpsk_ai/TransceiverToolbox/trx_examples/targeting/QPSKTxRxHDLExample/hdl_prj_jupiter_txrx/vivado_ip_prj/vivado_prj.gen/sources_1/bd/system/ipshared/73d6/util_axis_fifo.v:37]
WARNING: [Synth 8-7071] port 'm_axis_tkeep' of module 'util_axis_fifo' is unconnected for instance 'i_dest_req_fifo' [/home/tcollins/dev/qpsk_ai/TransceiverToolbox/trx_examples/targeting/QPSKTxRxHDLExample/hdl_prj_jupiter_txrx/vivado_ip_prj/vivado_prj.gen/sources_1/bd/system/ipshared/f64b/request_arb.v:1040]
WARNING: [Synth 8-7071] port 'm_axis_tlast' of module 'util_axis_fifo' is unconnected for instance 'i_dest_req_fifo' [/home/tcollins/dev/qpsk_ai/TransceiverToolbox/trx_examples/targeting/QPSKTxRxHDLExample/hdl_prj_jupiter_txrx/vivado_ip_prj/vivado_prj.gen/sources_1/bd/system/ipshared/f64b/request_arb.v:1040]
WARNING: [Synth 8-7071] port 'm_axis_almost_empty' of module 'util_axis_fifo' is unconnected for instance 'i_dest_req_fifo' [/home/tcollins/dev/qpsk_ai/TransceiverToolbox/trx_examples/targeting/QPSKTxRxHDLExample/hdl_prj_jupiter_txrx/vivado_ip_prj/vivado_prj.gen/sources_1/bd/system/ipshared/f64b/request_arb.v:1040]
WARNING: [Synth 8-7071] port 's_axis_tkeep' of module 'util_axis_fifo' is unconnected for instance 'i_dest_req_fifo' [/home/tcollins/dev/qpsk_ai/TransceiverToolbox/trx_examples/targeting/QPSKTxRxHDLExample/hdl_prj_jupiter_txrx/vivado_ip_prj/vivado_prj.gen/sources_1/bd/system/ipshared/f64b/request_arb.v:1040]
WARNING: [Synth 8-7071] port 's_axis_tlast' of module 'util_axis_fifo' is unconnected for instance 'i_dest_req_fifo' [/home/tcollins/dev/qpsk_ai/TransceiverToolbox/trx_examples/targeting/QPSKTxRxHDLExample/hdl_prj_jupiter_txrx/vivado_ip_prj/vivado_prj.gen/sources_1/bd/system/ipshared/f64b/request_arb.v:1040]
WARNING: [Synth 8-7071] port 's_axis_almost_full' of module 'util_axis_fifo' is unconnected for instance 'i_dest_req_fifo' [/home/tcollins/dev/qpsk_ai/TransceiverToolbox/trx_examples/targeting/QPSKTxRxHDLExample/hdl_prj_jupiter_txrx/vivado_ip_prj/vivado_prj.gen/sources_1/bd/system/ipshared/f64b/request_arb.v:1040]
WARNING: [Synth 8-7023] instance 'i_dest_req_fifo' of module 'util_axis_fifo' has 20 connections declared, but only 14 given [/home/tcollins/dev/qpsk_ai/TransceiverToolbox/trx_examples/targeting/QPSKTxRxHDLExample/hdl_prj_jupiter_txrx/vivado_ip_prj/vivado_prj.gen/sources_1/bd/system/ipshared/f64b/request_arb.v:1040]
INFO: [Synth 8-6157] synthesizing module 'util_axis_fifo__parameterized2' [/home/tcollins/dev/qpsk_ai/TransceiverToolbox/trx_examples/targeting/QPSKTxRxHDLExample/hdl_prj_jupiter_txrx/vivado_ip_prj/vivado_prj.gen/sources_1/bd/system/ipshared/73d6/util_axis_fifo.v:37]
INFO: [Synth 8-6155] done synthesizing module 'util_axis_fifo__parameterized2' (0#1) [/home/tcollins/dev/qpsk_ai/TransceiverToolbox/trx_examples/targeting/QPSKTxRxHDLExample/hdl_prj_jupiter_txrx/vivado_ip_prj/vivado_prj.gen/sources_1/bd/system/ipshared/73d6/util_axis_fifo.v:37]
WARNING: [Synth 8-7071] port 'm_axis_tkeep' of module 'util_axis_fifo' is unconnected for instance 'i_src_req_fifo' [/home/tcollins/dev/qpsk_ai/TransceiverToolbox/trx_examples/targeting/QPSKTxRxHDLExample/hdl_prj_jupiter_txrx/vivado_ip_prj/vivado_prj.gen/sources_1/bd/system/ipshared/f64b/request_arb.v:1067]
WARNING: [Synth 8-7071] port 'm_axis_tlast' of module 'util_axis_fifo' is unconnected for instance 'i_src_req_fifo' [/home/tcollins/dev/qpsk_ai/TransceiverToolbox/trx_examples/targeting/QPSKTxRxHDLExample/hdl_prj_jupiter_txrx/vivado_ip_prj/vivado_prj.gen/sources_1/bd/system/ipshared/f64b/request_arb.v:1067]
WARNING: [Synth 8-7071] port 'm_axis_almost_empty' of module 'util_axis_fifo' is unconnected for instance 'i_src_req_fifo' [/home/tcollins/dev/qpsk_ai/TransceiverToolbox/trx_examples/targeting/QPSKTxRxHDLExample/hdl_prj_jupiter_txrx/vivado_ip_prj/vivado_prj.gen/sources_1/bd/system/ipshared/f64b/request_arb.v:1067]
WARNING: [Synth 8-7071] port 's_axis_tkeep' of module 'util_axis_fifo' is unconnected for instance 'i_src_req_fifo' [/home/tcollins/dev/qpsk_ai/TransceiverToolbox/trx_examples/targeting/QPSKTxRxHDLExample/hdl_prj_jupiter_txrx/vivado_ip_prj/vivado_prj.gen/sources_1/bd/system/ipshared/f64b/request_arb.v:1067]
WARNING: [Synth 8-7071] port 's_axis_tlast' of module 'util_axis_fifo' is unconnected for instance 'i_src_req_fifo' [/home/tcollins/dev/qpsk_ai/TransceiverToolbox/trx_examples/targeting/QPSKTxRxHDLExample/hdl_prj_jupiter_txrx/vivado_ip_prj/vivado_prj.gen/sources_1/bd/system/ipshared/f64b/request_arb.v:1067]
WARNING: [Synth 8-7071] port 's_axis_almost_full' of module 'util_axis_fifo' is unconnected for instance 'i_src_req_fifo' [/home/tcollins/dev/qpsk_ai/TransceiverToolbox/trx_examples/targeting/QPSKTxRxHDLExample/hdl_prj_jupiter_txrx/vivado_ip_prj/vivado_prj.gen/sources_1/bd/system/ipshared/f64b/request_arb.v:1067]
WARNING: [Synth 8-7023] instance 'i_src_req_fifo' of module 'util_axis_fifo' has 20 connections declared, but only 14 given [/home/tcollins/dev/qpsk_ai/TransceiverToolbox/trx_examples/targeting/QPSKTxRxHDLExample/hdl_prj_jupiter_txrx/vivado_ip_prj/vivado_prj.gen/sources_1/bd/system/ipshared/f64b/request_arb.v:1067]
INFO: [Synth 8-6157] synthesizing module 'request_generator' [/home/tcollins/dev/qpsk_ai/TransceiverToolbox/trx_examples/targeting/QPSKTxRxHDLExample/hdl_prj_jupiter_txrx/vivado_ip_prj/vivado_prj.gen/sources_1/bd/system/ipshared/f64b/request_generator.v:38]
INFO: [Synth 8-6155] done synthesizing module 'request_generator' (0#1) [/home/tcollins/dev/qpsk_ai/TransceiverToolbox/trx_examples/targeting/QPSKTxRxHDLExample/hdl_prj_jupiter_txrx/vivado_ip_prj/vivado_prj.gen/sources_1/bd/system/ipshared/f64b/request_generator.v:38]
INFO: [Synth 8-6157] synthesizing module 'axi_dmac_response_manager' [/home/tcollins/dev/qpsk_ai/TransceiverToolbox/trx_examples/targeting/QPSKTxRxHDLExample/hdl_prj_jupiter_txrx/vivado_ip_prj/vivado_prj.gen/sources_1/bd/system/ipshared/f64b/axi_dmac_response_manager.v:38]
INFO: [Synth 8-6157] synthesizing module 'util_axis_fifo__parameterized3' [/home/tcollins/dev/qpsk_ai/TransceiverToolbox/trx_examples/targeting/QPSKTxRxHDLExample/hdl_prj_jupiter_txrx/vivado_ip_prj/vivado_prj.gen/sources_1/bd/system/ipshared/73d6/util_axis_fifo.v:37]
INFO: [Synth 8-6155] done synthesizing module 'util_axis_fifo__parameterized3' (0#1) [/home/tcollins/dev/qpsk_ai/TransceiverToolbox/trx_examples/targeting/QPSKTxRxHDLExample/hdl_prj_jupiter_txrx/vivado_ip_prj/vivado_prj.gen/sources_1/bd/system/ipshared/73d6/util_axis_fifo.v:37]
WARNING: [Synth 8-7071] port 'm_axis_tkeep' of module 'util_axis_fifo' is unconnected for instance 'i_dest_response_fifo' [/home/tcollins/dev/qpsk_ai/TransceiverToolbox/trx_examples/targeting/QPSKTxRxHDLExample/hdl_prj_jupiter_txrx/vivado_ip_prj/vivado_prj.gen/sources_1/bd/system/ipshared/f64b/axi_dmac_response_manager.v:119]
WARNING: [Synth 8-7071] port 'm_axis_tlast' of module 'util_axis_fifo' is unconnected for instance 'i_dest_response_fifo' [/home/tcollins/dev/qpsk_ai/TransceiverToolbox/trx_examples/targeting/QPSKTxRxHDLExample/hdl_prj_jupiter_txrx/vivado_ip_prj/vivado_prj.gen/sources_1/bd/system/ipshared/f64b/axi_dmac_response_manager.v:119]
WARNING: [Synth 8-7071] port 'm_axis_almost_empty' of module 'util_axis_fifo' is unconnected for instance 'i_dest_response_fifo' [/home/tcollins/dev/qpsk_ai/TransceiverToolbox/trx_examples/targeting/QPSKTxRxHDLExample/hdl_prj_jupiter_txrx/vivado_ip_prj/vivado_prj.gen/sources_1/bd/system/ipshared/f64b/axi_dmac_response_manager.v:119]
WARNING: [Synth 8-7071] port 's_axis_tkeep' of module 'util_axis_fifo' is unconnected for instance 'i_dest_response_fifo' [/home/tcollins/dev/qpsk_ai/TransceiverToolbox/trx_examples/targeting/QPSKTxRxHDLExample/hdl_prj_jupiter_txrx/vivado_ip_prj/vivado_prj.gen/sources_1/bd/system/ipshared/f64b/axi_dmac_response_manager.v:119]
WARNING: [Synth 8-7071] port 's_axis_tlast' of module 'util_axis_fifo' is unconnected for instance 'i_dest_response_fifo' [/home/tcollins/dev/qpsk_ai/TransceiverToolbox/trx_examples/targeting/QPSKTxRxHDLExample/hdl_prj_jupiter_txrx/vivado_ip_prj/vivado_prj.gen/sources_1/bd/system/ipshared/f64b/axi_dmac_response_manager.v:119]
WARNING: [Synth 8-7071] port 's_axis_almost_full' of module 'util_axis_fifo' is unconnected for instance 'i_dest_response_fifo' [/home/tcollins/dev/qpsk_ai/TransceiverToolbox/trx_examples/targeting/QPSKTxRxHDLExample/hdl_prj_jupiter_txrx/vivado_ip_prj/vivado_prj.gen/sources_1/bd/system/ipshared/f64b/axi_dmac_response_manager.v:119]
WARNING: [Synth 8-7023] instance 'i_dest_response_fifo' of module 'util_axis_fifo' has 20 connections declared, but only 14 given [/home/tcollins/dev/qpsk_ai/TransceiverToolbox/trx_examples/targeting/QPSKTxRxHDLExample/hdl_prj_jupiter_txrx/vivado_ip_prj/vivado_prj.gen/sources_1/bd/system/ipshared/f64b/axi_dmac_response_manager.v:119]
INFO: [Synth 8-6155] done synthesizing module 'axi_dmac_response_manager' (0#1) [/home/tcollins/dev/qpsk_ai/TransceiverToolbox/trx_examples/targeting/QPSKTxRxHDLExample/hdl_prj_jupiter_txrx/vivado_ip_prj/vivado_prj.gen/sources_1/bd/system/ipshared/f64b/axi_dmac_response_manager.v:38]
INFO: [Synth 8-6157] synthesizing module 'axi_dmac_ext_sync' [/home/tcollins/dev/qpsk_ai/TransceiverToolbox/trx_examples/targeting/QPSKTxRxHDLExample/hdl_prj_jupiter_txrx/vivado_ip_prj/vivado_prj.gen/sources_1/bd/system/ipshared/f64b/axi_dmac_ext_sync.v:36]
INFO: [Synth 8-6155] done synthesizing module 'axi_dmac_ext_sync' (0#1) [/home/tcollins/dev/qpsk_ai/TransceiverToolbox/trx_examples/targeting/QPSKTxRxHDLExample/hdl_prj_jupiter_txrx/vivado_ip_prj/vivado_prj.gen/sources_1/bd/system/ipshared/f64b/axi_dmac_ext_sync.v:36]
INFO: [Synth 8-6155] done synthesizing module 'request_arb' (0#1) [/home/tcollins/dev/qpsk_ai/TransceiverToolbox/trx_examples/targeting/QPSKTxRxHDLExample/hdl_prj_jupiter_txrx/vivado_ip_prj/vivado_prj.gen/sources_1/bd/system/ipshared/f64b/request_arb.v:38]
INFO: [Synth 8-6155] done synthesizing module 'axi_dmac_transfer' (0#1) [/home/tcollins/dev/qpsk_ai/TransceiverToolbox/trx_examples/targeting/QPSKTxRxHDLExample/hdl_prj_jupiter_txrx/vivado_ip_prj/vivado_prj.gen/sources_1/bd/system/ipshared/f64b/axi_dmac_transfer.v:38]
INFO: [Synth 8-6155] done synthesizing module 'axi_dmac' (0#1) [/home/tcollins/dev/qpsk_ai/TransceiverToolbox/trx_examples/targeting/QPSKTxRxHDLExample/hdl_prj_jupiter_txrx/vivado_ip_prj/vivado_prj.gen/sources_1/bd/system/ipshared/f64b/axi_dmac.v:38]
INFO: [Synth 8-6155] done synthesizing module 'system_axi_adrv9001_rx1_dma_0' (0#1) [/home/tcollins/dev/qpsk_ai/TransceiverToolbox/trx_examples/targeting/QPSKTxRxHDLExample/hdl_prj_jupiter_txrx/vivado_ip_prj/vivado_prj.gen/sources_1/bd/system/ip/system_axi_adrv9001_rx1_dma_0/synth/system_axi_adrv9001_rx1_dma_0.v:53]
WARNING: [Synth 8-3301] Unused top level parameter/generic USE_RX_CLK_FOR_TX1
WARNING: [Synth 8-3301] Unused top level parameter/generic USE_RX_CLK_FOR_TX2
WARNING: [Synth 8-3848] Net m_sg_axi_arvalid in module/entity axi_dmac_transfer does not have driver. [/home/tcollins/dev/qpsk_ai/TransceiverToolbox/trx_examples/targeting/QPSKTxRxHDLExample/hdl_prj_jupiter_txrx/vivado_ip_prj/vivado_prj.gen/sources_1/bd/system/ipshared/f64b/axi_dmac_transfer.v:160]
WARNING: [Synth 8-3848] Net m_sg_axi_araddr in module/entity axi_dmac_transfer does not have driver. [/home/tcollins/dev/qpsk_ai/TransceiverToolbox/trx_examples/targeting/QPSKTxRxHDLExample/hdl_prj_jupiter_txrx/vivado_ip_prj/vivado_prj.gen/sources_1/bd/system/ipshared/f64b/axi_dmac_transfer.v:161]
WARNING: [Synth 8-3848] Net m_sg_axi_arlen in module/entity axi_dmac_transfer does not have driver. [/home/tcollins/dev/qpsk_ai/TransceiverToolbox/trx_examples/targeting/QPSKTxRxHDLExample/hdl_prj_jupiter_txrx/vivado_ip_prj/vivado_prj.gen/sources_1/bd/system/ipshared/f64b/axi_dmac_transfer.v:162]
WARNING: [Synth 8-3848] Net m_sg_axi_arsize in module/entity axi_dmac_transfer does not have driver. [/home/tcollins/dev/qpsk_ai/TransceiverToolbox/trx_examples/targeting/QPSKTxRxHDLExample/hdl_prj_jupiter_txrx/vivado_ip_prj/vivado_prj.gen/sources_1/bd/system/ipshared/f64b/axi_dmac_transfer.v:163]
WARNING: [Synth 8-3848] Net m_sg_axi_arburst in module/entity axi_dmac_transfer does not have driver. [/home/tcollins/dev/qpsk_ai/TransceiverToolbox/trx_examples/targeting/QPSKTxRxHDLExample/hdl_prj_jupiter_txrx/vivado_ip_prj/vivado_prj.gen/sources_1/bd/system/ipshared/f64b/axi_dmac_transfer.v:164]
WARNING: [Synth 8-3848] Net m_sg_axi_arprot in module/entity axi_dmac_transfer does not have driver. [/home/tcollins/dev/qpsk_ai/TransceiverToolbox/trx_examples/targeting/QPSKTxRxHDLExample/hdl_prj_jupiter_txrx/vivado_ip_prj/vivado_prj.gen/sources_1/bd/system/ipshared/f64b/axi_dmac_transfer.v:165]
WARNING: [Synth 8-3848] Net m_sg_axi_arcache in module/entity axi_dmac_transfer does not have driver. [/home/tcollins/dev/qpsk_ai/TransceiverToolbox/trx_examples/targeting/QPSKTxRxHDLExample/hdl_prj_jupiter_txrx/vivado_ip_prj/vivado_prj.gen/sources_1/bd/system/ipshared/f64b/axi_dmac_transfer.v:166]
WARNING: [Synth 8-3848] Net m_sg_axi_rready in module/entity axi_dmac_transfer does not have driver. [/home/tcollins/dev/qpsk_ai/TransceiverToolbox/trx_examples/targeting/QPSKTxRxHDLExample/hdl_prj_jupiter_txrx/vivado_ip_prj/vivado_prj.gen/sources_1/bd/system/ipshared/f64b/axi_dmac_transfer.v:171]
WARNING: [Synth 8-3848] Net m_frame_out in module/entity axi_dmac_transfer does not have driver. [/home/tcollins/dev/qpsk_ai/TransceiverToolbox/trx_examples/targeting/QPSKTxRxHDLExample/hdl_prj_jupiter_txrx/vivado_ip_prj/vivado_prj.gen/sources_1/bd/system/ipshared/f64b/axi_dmac_transfer.v:222]
WARNING: [Synth 8-3848] Net m_frame_out_valid in module/entity axi_dmac_transfer does not have driver. [/home/tcollins/dev/qpsk_ai/TransceiverToolbox/trx_examples/targeting/QPSKTxRxHDLExample/hdl_prj_jupiter_txrx/vivado_ip_prj/vivado_prj.gen/sources_1/bd/system/ipshared/f64b/axi_dmac_transfer.v:223]
WARNING: [Synth 8-3848] Net s_frame_out in module/entity axi_dmac_transfer does not have driver. [/home/tcollins/dev/qpsk_ai/TransceiverToolbox/trx_examples/targeting/QPSKTxRxHDLExample/hdl_prj_jupiter_txrx/vivado_ip_prj/vivado_prj.gen/sources_1/bd/system/ipshared/f64b/axi_dmac_transfer.v:227]
WARNING: [Synth 8-3848] Net s_frame_out_valid in module/entity axi_dmac_transfer does not have driver. [/home/tcollins/dev/qpsk_ai/TransceiverToolbox/trx_examples/targeting/QPSKTxRxHDLExample/hdl_prj_jupiter_txrx/vivado_ip_prj/vivado_prj.gen/sources_1/bd/system/ipshared/f64b/axi_dmac_transfer.v:228]
WARNING: [Synth 8-3848] Net dma_req_islast in module/entity axi_dmac_transfer does not have driver. [/home/tcollins/dev/qpsk_ai/TransceiverToolbox/trx_examples/targeting/QPSKTxRxHDLExample/hdl_prj_jupiter_txrx/vivado_ip_prj/vivado_prj.gen/sources_1/bd/system/ipshared/f64b/axi_dmac_transfer.v:250]
WARNING: [Synth 8-7129] Port req_clk in module axi_dmac_ext_sync is either unconnected or has no load
WARNING: [Synth 8-7129] Port req_resetn in module axi_dmac_ext_sync is either unconnected or has no load
WARNING: [Synth 8-7129] Port src_clk in module axi_dmac_ext_sync is either unconnected or has no load
WARNING: [Synth 8-7129] Port src_resetn in module axi_dmac_ext_sync is either unconnected or has no load
WARNING: [Synth 8-7129] Port dest_clk in module axi_dmac_ext_sync is either unconnected or has no load
WARNING: [Synth 8-7129] Port dest_resetn in module axi_dmac_ext_sync is either unconnected or has no load
WARNING: [Synth 8-7129] Port src_ext_sync in module axi_dmac_ext_sync is either unconnected or has no load
WARNING: [Synth 8-7129] Port dest_ext_sync in module axi_dmac_ext_sync is either unconnected or has no load
WARNING: [Synth 8-7129] Port ext_sync_valid in module axi_dmac_ext_sync is either unconnected or has no load
WARNING: [Synth 8-7129] Port s_axis_tkeep[0] in module util_axis_fifo__parameterized3 is either unconnected or has no load
WARNING: [Synth 8-7129] Port s_axis_tlast in module util_axis_fifo__parameterized3 is either unconnected or has no load
WARNING: [Synth 8-7129] Port dest_response_resp[1] in module axi_dmac_response_manager is either unconnected or has no load
WARNING: [Synth 8-7129] Port dest_response_resp[0] in module axi_dmac_response_manager is either unconnected or has no load
WARNING: [Synth 8-7129] Port s_axis_tkeep[7] in module util_axis_fifo__parameterized2 is either unconnected or has no load
WARNING: [Synth 8-7129] Port s_axis_tkeep[6] in module util_axis_fifo__parameterized2 is either unconnected or has no load
WARNING: [Synth 8-7129] Port s_axis_tkeep[5] in module util_axis_fifo__parameterized2 is either unconnected or has no load
WARNING: [Synth 8-7129] Port s_axis_tkeep[4] in module util_axis_fifo__parameterized2 is either unconnected or has no load
WARNING: [Synth 8-7129] Port s_axis_tkeep[3] in module util_axis_fifo__parameterized2 is either unconnected or has no load
WARNING: [Synth 8-7129] Port s_axis_tkeep[2] in module util_axis_fifo__parameterized2 is either unconnected or has no load
WARNING: [Synth 8-7129] Port s_axis_tkeep[1] in module util_axis_fifo__parameterized2 is either unconnected or has no load
WARNING: [Synth 8-7129] Port s_axis_tkeep[0] in module util_axis_fifo__parameterized2 is either unconnected or has no load
WARNING: [Synth 8-7129] Port s_axis_tlast in module util_axis_fifo__parameterized2 is either unconnected or has no load
WARNING: [Synth 8-7129] Port s_axis_tkeep[2] in module util_axis_fifo__parameterized1 is either unconnected or has no load
WARNING: [Synth 8-7129] Port s_axis_tkeep[1] in module util_axis_fifo__parameterized1 is either unconnected or has no load
WARNING: [Synth 8-7129] Port s_axis_tkeep[0] in module util_axis_fifo__parameterized1 is either unconnected or has no load
WARNING: [Synth 8-7129] Port s_axis_tlast in module util_axis_fifo__parameterized1 is either unconnected or has no load
WARNING: [Synth 8-7129] Port clk in module axi_register_slice__parameterized0 is either unconnected or has no load
WARNING: [Synth 8-7129] Port resetn in module axi_register_slice__parameterized0 is either unconnected or has no load
WARNING: [Synth 8-7129] Port clk in module axi_dmac_resize_dest is either unconnected or has no load
WARNING: [Synth 8-7129] Port reset in module axi_dmac_resize_dest is either unconnected or has no load
WARNING: [Synth 8-7129] Port clk in module axi_dmac_resize_src is either unconnected or has no load
WARNING: [Synth 8-7129] Port reset in module axi_dmac_resize_src is either unconnected or has no load
WARNING: [Synth 8-7129] Port clk in module axi_register_slice is either unconnected or has no load
WARNING: [Synth 8-7129] Port resetn in module axi_register_slice is either unconnected or has no load
WARNING: [Synth 8-7129] Port rewind_req_ready in module data_mover is either unconnected or has no load
WARNING: [Synth 8-7129] Port s_axi_last in module data_mover is either unconnected or has no load
WARNING: [Synth 8-7129] Port req_xlast in module data_mover is either unconnected or has no load
WARNING: [Synth 8-7129] Port s_axis_tkeep[-1] in module util_axis_fifo__parameterized0 is either unconnected or has no load
WARNING: [Synth 8-7129] Port s_axis_tkeep[0] in module util_axis_fifo__parameterized0 is either unconnected or has no load
WARNING: [Synth 8-7129] Port s_axis_tlast in module util_axis_fifo__parameterized0 is either unconnected or has no load
WARNING: [Synth 8-7129] Port m_src_axi_aclk in module request_arb is either unconnected or has no load
WARNING: [Synth 8-7129] Port m_src_axi_aresetn in module request_arb is either unconnected or has no load
WARNING: [Synth 8-7129] Port m_axi_arready in module request_arb is either unconnected or has no load
WARNING: [Synth 8-7129] Port m_axi_rdata[63] in module request_arb is either unconnected or has no load
WARNING: [Synth 8-7129] Port m_axi_rdata[62] in module request_arb is either unconnected or has no load
WARNING: [Synth 8-7129] Port m_axi_rdata[61] in module request_arb is either unconnected or has no load
WARNING: [Synth 8-7129] Port m_axi_rdata[60] in module request_arb is either unconnected or has no load
WARNING: [Synth 8-7129] Port m_axi_rdata[59] in module request_arb is either unconnected or has no load
WARNING: [Synth 8-7129] Port m_axi_rdata[58] in module request_arb is either unconnected or has no load
WARNING: [Synth 8-7129] Port m_axi_rdata[57] in module request_arb is either unconnected or has no load
WARNING: [Synth 8-7129] Port m_axi_rdata[56] in module request_arb is either unconnected or has no load
WARNING: [Synth 8-7129] Port m_axi_rdata[55] in module request_arb is either unconnected or has no load
WARNING: [Synth 8-7129] Port m_axi_rdata[54] in module request_arb is either unconnected or has no load
WARNING: [Synth 8-7129] Port m_axi_rdata[53] in module request_arb is either unconnected or has no load
WARNING: [Synth 8-7129] Port m_axi_rdata[52] in module request_arb is either unconnected or has no load
WARNING: [Synth 8-7129] Port m_axi_rdata[51] in module request_arb is either unconnected or has no load
WARNING: [Synth 8-7129] Port m_axi_rdata[50] in module request_arb is either unconnected or has no load
WARNING: [Synth 8-7129] Port m_axi_rdata[49] in module request_arb is either unconnected or has no load
WARNING: [Synth 8-7129] Port m_axi_rdata[48] in module request_arb is either unconnected or has no load
WARNING: [Synth 8-7129] Port m_axi_rdata[47] in module request_arb is either unconnected or has no load
WARNING: [Synth 8-7129] Port m_axi_rdata[46] in module request_arb is either unconnected or has no load
WARNING: [Synth 8-7129] Port m_axi_rdata[45] in module request_arb is either unconnected or has no load
WARNING: [Synth 8-7129] Port m_axi_rdata[44] in module request_arb is either unconnected or has no load
WARNING: [Synth 8-7129] Port m_axi_rdata[43] in module request_arb is either unconnected or has no load
WARNING: [Synth 8-7129] Port m_axi_rdata[42] in module request_arb is either unconnected or has no load
WARNING: [Synth 8-7129] Port m_axi_rdata[41] in module request_arb is either unconnected or has no load
WARNING: [Synth 8-7129] Port m_axi_rdata[40] in module request_arb is either unconnected or has no load
WARNING: [Synth 8-7129] Port m_axi_rdata[39] in module request_arb is either unconnected or has no load
WARNING: [Synth 8-7129] Port m_axi_rdata[38] in module request_arb is either unconnected or has no load
WARNING: [Synth 8-7129] Port m_axi_rdata[37] in module request_arb is either unconnected or has no load
WARNING: [Synth 8-7129] Port m_axi_rdata[36] in module request_arb is either unconnected or has no load
WARNING: [Synth 8-7129] Port m_axi_rdata[35] in module request_arb is either unconnected or has no load
WARNING: [Synth 8-7129] Port m_axi_rdata[34] in module request_arb is either unconnected or has no load
WARNING: [Synth 8-7129] Port m_axi_rdata[33] in module request_arb is either unconnected or has no load
WARNING: [Synth 8-7129] Port m_axi_rdata[32] in module request_arb is either unconnected or has no load
WARNING: [Synth 8-7129] Port m_axi_rdata[31] in module request_arb is either unconnected or has no load
WARNING: [Synth 8-7129] Port m_axi_rdata[30] in module request_arb is either unconnected or has no load
WARNING: [Synth 8-7129] Port m_axi_rdata[29] in module request_arb is either unconnected or has no load
WARNING: [Synth 8-7129] Port m_axi_rdata[28] in module request_arb is either unconnected or has no load
WARNING: [Synth 8-7129] Port m_axi_rdata[27] in module request_arb is either unconnected or has no load
WARNING: [Synth 8-7129] Port m_axi_rdata[26] in module request_arb is either unconnected or has no load
WARNING: [Synth 8-7129] Port m_axi_rdata[25] in module request_arb is either unconnected or has no load
WARNING: [Synth 8-7129] Port m_axi_rdata[24] in module request_arb is either unconnected or has no load
WARNING: [Synth 8-7129] Port m_axi_rdata[23] in module request_arb is either unconnected or has no load
WARNING: [Synth 8-7129] Port m_axi_rdata[22] in module request_arb is either unconnected or has no load
WARNING: [Synth 8-7129] Port m_axi_rdata[21] in module request_arb is either unconnected or has no load
WARNING: [Synth 8-7129] Port m_axi_rdata[20] in module request_arb is either unconnected or has no load
WARNING: [Synth 8-7129] Port m_axi_rdata[19] in module request_arb is either unconnected or has no load
WARNING: [Synth 8-7129] Port m_axi_rdata[18] in module request_arb is either unconnected or has no load
WARNING: [Synth 8-7129] Port m_axi_rdata[17] in module request_arb is either unconnected or has no load
WARNING: [Synth 8-7129] Port m_axi_rdata[16] in module request_arb is either unconnected or has no load
WARNING: [Synth 8-7129] Port m_axi_rdata[15] in module request_arb is either unconnected or has no load
WARNING: [Synth 8-7129] Port m_axi_rdata[14] in module request_arb is either unconnected or has no load
WARNING: [Synth 8-7129] Port m_axi_rdata[13] in module request_arb is either unconnected or has no load
WARNING: [Synth 8-7129] Port m_axi_rdata[12] in module request_arb is either unconnected or has no load
WARNING: [Synth 8-7129] Port m_axi_rdata[11] in module request_arb is either unconnected or has no load
WARNING: [Synth 8-7129] Port m_axi_rdata[10] in module request_arb is either unconnected or has no load
WARNING: [Synth 8-7129] Port m_axi_rdata[9] in module request_arb is either unconnected or has no load
WARNING: [Synth 8-7129] Port m_axi_rdata[8] in module request_arb is either unconnected or has no load
WARNING: [Synth 8-7129] Port m_axi_rdata[7] in module request_arb is either unconnected or has no load
INFO: [Common 17-14] Message 'Synth 8-7129' appears 100 times and further instances of the messages will be disabled. Use the Tcl command set_msg_config to change the current settings.
---------------------------------------------------------------------------------
Finished RTL Elaboration : Time (s): cpu = 00:00:10 ; elapsed = 00:00:11 . Memory (MB): peak = 2670.391 ; gain = 236.625 ; free physical = 7917 ; free virtual = 43623
---------------------------------------------------------------------------------
---------------------------------------------------------------------------------
Start Handling Custom Attributes
---------------------------------------------------------------------------------
---------------------------------------------------------------------------------
Finished Handling Custom Attributes : Time (s): cpu = 00:00:11 ; elapsed = 00:00:11 . Memory (MB): peak = 2670.391 ; gain = 236.625 ; free physical = 7914 ; free virtual = 43621
---------------------------------------------------------------------------------
---------------------------------------------------------------------------------
Finished RTL Optimization Phase 1 : Time (s): cpu = 00:00:11 ; elapsed = 00:00:11 . Memory (MB): peak = 2670.391 ; gain = 236.625 ; free physical = 7914 ; free virtual = 43621
---------------------------------------------------------------------------------
Netlist sorting complete. Time (s): cpu = 00:00:00.04 ; elapsed = 00:00:00.03 . Memory (MB): peak = 2670.391 ; gain = 0.000 ; free physical = 7904 ; free virtual = 43610
INFO: [Project 1-570] Preparing netlist for logic optimization

Processing XDC Constraints
Initializing timing engine
Parsing XDC File [/home/tcollins/dev/qpsk_ai/TransceiverToolbox/trx_examples/targeting/QPSKTxRxHDLExample/hdl_prj_jupiter_txrx/vivado_ip_prj/vivado_prj.runs/system_axi_adrv9001_rx1_dma_0_synth_1/dont_touch.xdc]
Finished Parsing XDC File [/home/tcollins/dev/qpsk_ai/TransceiverToolbox/trx_examples/targeting/QPSKTxRxHDLExample/hdl_prj_jupiter_txrx/vivado_ip_prj/vivado_prj.runs/system_axi_adrv9001_rx1_dma_0_synth_1/dont_touch.xdc]
Parsing XDC File [/home/tcollins/dev/qpsk_ai/TransceiverToolbox/trx_examples/targeting/QPSKTxRxHDLExample/hdl_prj_jupiter_txrx/vivado_ip_prj/vivado_prj.gen/sources_1/bd/system/ip/system_axi_adrv9001_rx1_dma_0/system_axi_adrv9001_rx1_dma_0_constr.xdc] for cell 'inst'
WARNING: [Vivado 12-1008] No clocks found for command 'get_clocks -of_objects [get_ports s_axi_aclk]'. [/home/tcollins/dev/qpsk_ai/TransceiverToolbox/trx_examples/targeting/QPSKTxRxHDLExample/hdl_prj_jupiter_txrx/vivado_ip_prj/vivado_prj.gen/sources_1/bd/system/ip/system_axi_adrv9001_rx1_dma_0/system_axi_adrv9001_rx1_dma_0_constr.xdc:8]
Resolution: Verify the create_clock command was called to create the clock object before it is referenced.
INFO: [Vivado 12-626] No clocks found. Please use 'create_clock' or 'create_generated_clock' command to create clocks. [/home/tcollins/dev/qpsk_ai/TransceiverToolbox/trx_examples/targeting/QPSKTxRxHDLExample/hdl_prj_jupiter_txrx/vivado_ip_prj/vivado_prj.gen/sources_1/bd/system/ip/system_axi_adrv9001_rx1_dma_0/system_axi_adrv9001_rx1_dma_0_constr.xdc:8]
WARNING: [Vivado 12-1008] No clocks found for command 'get_clocks -of_objects [get_ports fifo_wr_clk]'. [/home/tcollins/dev/qpsk_ai/TransceiverToolbox/trx_examples/targeting/QPSKTxRxHDLExample/hdl_prj_jupiter_txrx/vivado_ip_prj/vivado_prj.gen/sources_1/bd/system/ip/system_axi_adrv9001_rx1_dma_0/system_axi_adrv9001_rx1_dma_0_constr.xdc:9]
Resolution: Verify the create_clock command was called to create the clock object before it is referenced.
INFO: [Vivado 12-626] No clocks found. Please use 'create_clock' or 'create_generated_clock' command to create clocks. [/home/tcollins/dev/qpsk_ai/TransceiverToolbox/trx_examples/targeting/QPSKTxRxHDLExample/hdl_prj_jupiter_txrx/vivado_ip_prj/vivado_prj.gen/sources_1/bd/system/ip/system_axi_adrv9001_rx1_dma_0/system_axi_adrv9001_rx1_dma_0_constr.xdc:9]
WARNING: [Vivado 12-1008] No clocks found for command 'get_clocks -of_objects [get_ports m_dest_axi_aclk]'. [/home/tcollins/dev/qpsk_ai/TransceiverToolbox/trx_examples/targeting/QPSKTxRxHDLExample/hdl_prj_jupiter_txrx/vivado_ip_prj/vivado_prj.gen/sources_1/bd/system/ip/system_axi_adrv9001_rx1_dma_0/system_axi_adrv9001_rx1_dma_0_constr.xdc:10]
Resolution: Verify the create_clock command was called to create the clock object before it is referenced.
INFO: [Vivado 12-626] No clocks found. Please use 'create_clock' or 'create_generated_clock' command to create clocks. [/home/tcollins/dev/qpsk_ai/TransceiverToolbox/trx_examples/targeting/QPSKTxRxHDLExample/hdl_prj_jupiter_txrx/vivado_ip_prj/vivado_prj.gen/sources_1/bd/system/ip/system_axi_adrv9001_rx1_dma_0/system_axi_adrv9001_rx1_dma_0_constr.xdc:10]
Finished Parsing XDC File [/home/tcollins/dev/qpsk_ai/TransceiverToolbox/trx_examples/targeting/QPSKTxRxHDLExample/hdl_prj_jupiter_txrx/vivado_ip_prj/vivado_prj.gen/sources_1/bd/system/ip/system_axi_adrv9001_rx1_dma_0/system_axi_adrv9001_rx1_dma_0_constr.xdc] for cell 'inst'
INFO: [Project 1-236] Implementation specific constraints were found while reading constraint file [/home/tcollins/dev/qpsk_ai/TransceiverToolbox/trx_examples/targeting/QPSKTxRxHDLExample/hdl_prj_jupiter_txrx/vivado_ip_prj/vivado_prj.gen/sources_1/bd/system/ip/system_axi_adrv9001_rx1_dma_0/system_axi_adrv9001_rx1_dma_0_constr.xdc]. These constraints will be ignored for synthesis but will be used in implementation. Impacted constraints are listed in the file [.Xil/system_axi_adrv9001_rx1_dma_0_propImpl.xdc].
Resolution: To avoid this warning, move constraints listed in [.Xil/system_axi_adrv9001_rx1_dma_0_propImpl.xdc] to another XDC file and exclude this new file from synthesis with the used_in_synthesis property (File Properties dialog in GUI) and re-run elaboration/synthesis.
Completed Processing XDC Constraints

Netlist sorting complete. Time (s): cpu = 00:00:00 ; elapsed = 00:00:00 . Memory (MB): peak = 2814.469 ; gain = 0.000 ; free physical = 7920 ; free virtual = 43627
INFO: [Project 1-111] Unisim Transformation Summary:
No Unisim elements were transformed.

Constraint Validation Runtime : Time (s): cpu = 00:00:00.04 ; elapsed = 00:00:00.03 . Memory (MB): peak = 2814.504 ; gain = 0.000 ; free physical = 7916 ; free virtual = 43623
INFO: [Designutils 20-5008] Incremental synthesis strategy off
---------------------------------------------------------------------------------
Finished Constraint Validation : Time (s): cpu = 00:00:21 ; elapsed = 00:00:22 . Memory (MB): peak = 2814.504 ; gain = 380.738 ; free physical = 7946 ; free virtual = 43653
---------------------------------------------------------------------------------
---------------------------------------------------------------------------------
Start Loading Part and Timing Information
---------------------------------------------------------------------------------
Loading part: xczu3eg-sfva625-2-e
INFO: [Synth 8-6742] Reading net delay rules and data
---------------------------------------------------------------------------------
Finished Loading Part and Timing Information : Time (s): cpu = 00:00:21 ; elapsed = 00:00:22 . Memory (MB): peak = 2826.680 ; gain = 392.914 ; free physical = 7946 ; free virtual = 43653
---------------------------------------------------------------------------------
---------------------------------------------------------------------------------
Start Applying 'set_property' XDC Constraints
---------------------------------------------------------------------------------
---------------------------------------------------------------------------------
Finished applying 'set_property' XDC Constraints : Time (s): cpu = 00:00:22 ; elapsed = 00:00:23 . Memory (MB): peak = 2826.680 ; gain = 392.914 ; free physical = 7952 ; free virtual = 43659
---------------------------------------------------------------------------------
INFO: [Synth 8-802] inferred FSM for state register 'state_reg' in module 'axi_dmac_reset_manager'
INFO: [Synth 8-802] inferred FSM for state register 'state_reg' in module 'request_generator'
INFO: [Synth 8-802] inferred FSM for state register 'state_reg' in module 'axi_dmac_response_manager'
INFO: [Synth 8-6904] The RAM "util_axis_fifo:/fifo.sync_clocks.ram_reg" of size (depth=4 x width=26) is automatically implemented using LUTRAM. BRAM implementation would be inefficient 
---------------------------------------------------------------------------------------------------
                   State |                     New Encoding |                Previous Encoding 
---------------------------------------------------------------------------------------------------
          STATE_DO_RESET |                           000001 |                              000
             STATE_RESET |                           000010 |                              001
          STATE_DISABLED |                           000100 |                              010
           STATE_STARTUP |                           001000 |                              011
           STATE_ENABLED |                           010000 |                              100
          STATE_SHUTDOWN |                           100000 |                              101
---------------------------------------------------------------------------------------------------
INFO: [Synth 8-3354] encoded FSM with state register 'state_reg' using encoding 'one-hot' in module 'axi_dmac_reset_manager'
INFO: [Synth 8-6904] The RAM "axi_dmac_burst_memory:/burst_len_mem_reg" of size (depth=8 x width=5) is automatically implemented using LUTRAM. BRAM implementation would be inefficient 
---------------------------------------------------------------------------------------------------
                   State |                     New Encoding |                Previous Encoding 
---------------------------------------------------------------------------------------------------
              STATE_IDLE |                              000 |                              000
            STATE_GEN_ID |                              001 |                              001
         STATE_REWIND_ID |                              010 |                              010
           STATE_CONSUME |                              011 |                              011
         STATE_WAIT_LAST |                              100 |                              100
---------------------------------------------------------------------------------------------------
INFO: [Synth 8-3354] encoded FSM with state register 'state_reg' using encoding 'sequential' in module 'request_generator'
---------------------------------------------------------------------------------------------------
                   State |                     New Encoding |                Previous Encoding 
---------------------------------------------------------------------------------------------------
              STATE_IDLE |                              000 |                              000
               STATE_ACC |                              001 |                              001
       STATE_WRITE_RESPR |                              010 |                              010
        STATE_ZERO_COMPL |                              011 |                              011
      STATE_WRITE_ZRCMPL |                              100 |                              100
---------------------------------------------------------------------------------------------------
INFO: [Synth 8-3354] encoded FSM with state register 'state_reg' using encoding 'sequential' in module 'axi_dmac_response_manager'
---------------------------------------------------------------------------------
Finished RTL Optimization Phase 2 : Time (s): cpu = 00:00:23 ; elapsed = 00:00:25 . Memory (MB): peak = 2826.680 ; gain = 392.914 ; free physical = 7955 ; free virtual = 43664
---------------------------------------------------------------------------------
---------------------------------------------------------------------------------
Start RTL Component Statistics 
---------------------------------------------------------------------------------
Detailed RTL Component Info : 
+---Adders : 
	   3 Input   24 Bit       Adders := 1     
	   2 Input   17 Bit       Adders := 1     
	   2 Input    5 Bit       Adders := 2     
	   2 Input    4 Bit       Adders := 10    
	   2 Input    3 Bit       Adders := 2     
	   3 Input    3 Bit       Adders := 1     
	   2 Input    2 Bit       Adders := 4     
	   2 Input    1 Bit       Adders := 8     
+---XORs : 
	   2 Input      1 Bit         XORs := 42    
+---XORs : 
	                2 Bit    Wide XORs := 2     
+---Registers : 
	               66 Bit    Registers := 1     
	               64 Bit    Registers := 1     
	               32 Bit    Registers := 5     
	               30 Bit    Registers := 1     
	               28 Bit    Registers := 3     
	               26 Bit    Registers := 1     
	               24 Bit    Registers := 2     
	               17 Bit    Registers := 2     
	                9 Bit    Registers := 3     
	                8 Bit    Registers := 3     
	                7 Bit    Registers := 2     
	                5 Bit    Registers := 2     
	                4 Bit    Registers := 29    
	                3 Bit    Registers := 3     
	                2 Bit    Registers := 11    
	                1 Bit    Registers := 99    
+---RAMs : 
	               8K Bit	(128 X 64 bit)          RAMs := 1     
	              104 Bit	(4 X 26 bit)          RAMs := 1     
	               40 Bit	(8 X 5 bit)          RAMs := 1     
+---Muxes : 
	   2 Input   32 Bit        Muxes := 3     
	   2 Input   28 Bit        Muxes := 2     
	   2 Input   24 Bit        Muxes := 1     
	   3 Input   17 Bit        Muxes := 1     
	   2 Input    8 Bit        Muxes := 1     
	   6 Input    6 Bit        Muxes := 1     
	   2 Input    6 Bit        Muxes := 1     
	   2 Input    5 Bit        Muxes := 4     
	   2 Input    4 Bit        Muxes := 8     
	   7 Input    3 Bit        Muxes := 1     
	   2 Input    3 Bit        Muxes := 49    
	   5 Input    3 Bit        Muxes := 9     
	   2 Input    2 Bit        Muxes := 5     
	   3 Input    2 Bit        Muxes := 2     
	   2 Input    1 Bit        Muxes := 66    
	   7 Input    1 Bit        Muxes := 3     
	   6 Input    1 Bit        Muxes := 1     
	   5 Input    1 Bit        Muxes := 1     
	   3 Input    1 Bit        Muxes := 1     
---------------------------------------------------------------------------------
Finished RTL Component Statistics 
---------------------------------------------------------------------------------
---------------------------------------------------------------------------------
Start Part Resource Summary
---------------------------------------------------------------------------------
Part Resources:
DSPs: 360 (col length:72)
BRAMs: 432 (col length: RAMB18 72 RAMB36 36)
---------------------------------------------------------------------------------
Finished Part Resource Summary
---------------------------------------------------------------------------------
---------------------------------------------------------------------------------
Start Cross Boundary and Area Optimization
---------------------------------------------------------------------------------
WARNING: [Synth 8-7080] Parallel synthesis criteria is not met
INFO: [Synth 8-6904] The RAM "inst/i_regmap/i_regmap_request/i_transfer_lenghts_fifo/fifo.sync_clocks.ram_reg" of size (depth=4 x width=26) is automatically implemented using LUTRAM. BRAM implementation would be inefficient 
INFO: [Synth 8-6904] The RAM "inst/i_transfer/i_request_arb/eot_mem_dest_reg" of size (depth=16 x width=1) is automatically implemented using LUTRAM. BRAM implementation would be inefficient 
INFO: [Synth 8-6904] The RAM "inst/i_transfer/i_request_arb/i_store_and_forward/burst_len_mem_reg" of size (depth=8 x width=5) is automatically implemented using LUTRAM. BRAM implementation would be inefficient 
INFO: [Synth 8-6904] The RAM "inst/i_regmap/i_regmap_request/i_transfer_lenghts_fifo/fifo.sync_clocks.ram_reg" of size (depth=4 x width=26) is automatically implemented using LUTRAM. BRAM implementation would be inefficient 
INFO: [Synth 8-6904] The RAM "inst/i_transfer/i_request_arb/eot_mem_dest_reg" of size (depth=16 x width=1) is automatically implemented using LUTRAM. BRAM implementation would be inefficient 
INFO: [Synth 8-6904] The RAM "inst/i_transfer/i_request_arb/i_store_and_forward/burst_len_mem_reg" of size (depth=8 x width=5) is automatically implemented using LUTRAM. BRAM implementation would be inefficient 
---------------------------------------------------------------------------------
Finished Cross Boundary and Area Optimization : Time (s): cpu = 00:00:30 ; elapsed = 00:00:32 . Memory (MB): peak = 2826.680 ; gain = 392.914 ; free physical = 7953 ; free virtual = 43664
---------------------------------------------------------------------------------
---------------------------------------------------------------------------------
Start ROM, RAM, DSP, Shift Register and Retiming Reporting
---------------------------------------------------------------------------------

Block RAM: Preliminary Mapping Report (see note below)
+------------+--------------------------------------------------------------+------------------------+---+---+------------------------+---+---+------------------+--------+--------+-----------------+
|Module Name | RTL Object                                                   | PORT A (Depth x Width) | W | R | PORT B (Depth x Width) | W | R | Ports driving FF | RAMB18 | RAMB36 | Cascade Heights | 
+------------+--------------------------------------------------------------+------------------------+---+---+------------------------+---+---+------------------+--------+--------+-----------------+
|inst        | i_transfer/i_request_arb/i_store_and_forward/i_mem/m_ram_reg | 128 x 64(NO_CHANGE)    | W |   | 128 x 64(WRITE_FIRST)  |   | R | Port A and B     | 0      | 1      |                 | 
+------------+--------------------------------------------------------------+------------------------+---+---+------------------------+---+---+------------------+--------+--------+-----------------+

Note: The table above is a preliminary report that shows the Block RAMs at the current stage of the synthesis flow. Some Block RAMs may be reimplemented as non Block RAM primitives later in the synthesis flow. Multiple instantiated Block RAMs are reported only once. 

Distributed RAM: Preliminary Mapping Report (see note below)
+------------+----------------------------------------------------------------------------+-----------+----------------------+---------------+
|Module Name | RTL Object                                                                 | Inference | Size (Depth x Width) | Primitives    | 
+------------+----------------------------------------------------------------------------+-----------+----------------------+---------------+
|inst        | i_regmap/i_regmap_request/i_transfer_lenghts_fifo/fifo.sync_clocks.ram_reg | Implied   | 4 x 26               | RAM32M16 x 2  | 
|inst        | i_transfer/i_request_arb/eot_mem_src_reg                                   | Implied   | 16 x 1               | RAM16X1D x 1  | 
|inst        | i_transfer/i_request_arb/eot_mem_dest_reg                                  | Implied   | 16 x 1               | RAM16X1D x 2  | 
|inst        | i_transfer/i_request_arb/i_store_and_forward/burst_len_mem_reg             | Implied   | 8 x 4                | RAM32M16 x 1  | 
|inst        | i_transfer/i_request_arb/i_dest_dma_mm/bl_mem_reg                          | Implied   | 16 x 8               | RAM32M16 x 1  | 
+------------+----------------------------------------------------------------------------+-----------+----------------------+---------------+

Note: The table above is a preliminary report that shows the Distributed RAMs at the current stage of the synthesis flow. Some Distributed RAMs may be reimplemented as non Distributed RAM primitives later in the synthesis flow. Multiple instantiated RAMs are reported only once.
---------------------------------------------------------------------------------
Finished ROM, RAM, DSP, Shift Register and Retiming Reporting
---------------------------------------------------------------------------------
---------------------------------------------------------------------------------
Start Applying XDC Timing Constraints
---------------------------------------------------------------------------------
---------------------------------------------------------------------------------
Finished Applying XDC Timing Constraints : Time (s): cpu = 00:00:42 ; elapsed = 00:00:45 . Memory (MB): peak = 3423.570 ; gain = 989.805 ; free physical = 7395 ; free virtual = 43106
---------------------------------------------------------------------------------
---------------------------------------------------------------------------------
Start Timing Optimization
---------------------------------------------------------------------------------
---------------------------------------------------------------------------------
Finished Timing Optimization : Time (s): cpu = 00:00:42 ; elapsed = 00:00:45 . Memory (MB): peak = 3425.570 ; gain = 991.805 ; free physical = 7391 ; free virtual = 43102
---------------------------------------------------------------------------------
---------------------------------------------------------------------------------
Start ROM, RAM, DSP, Shift Register and Retiming Reporting
---------------------------------------------------------------------------------

Block RAM: Final Mapping Report
+------------+--------------------------------------------------------------+------------------------+---+---+------------------------+---+---+------------------+--------+--------+-----------------+
|Module Name | RTL Object                                                   | PORT A (Depth x Width) | W | R | PORT B (Depth x Width) | W | R | Ports driving FF | RAMB18 | RAMB36 | Cascade Heights | 
+------------+--------------------------------------------------------------+------------------------+---+---+------------------------+---+---+------------------+--------+--------+-----------------+
|inst        | i_transfer/i_request_arb/i_store_and_forward/i_mem/m_ram_reg | 128 x 64(NO_CHANGE)    | W |   | 128 x 64(WRITE_FIRST)  |   | R | Port A and B     | 0      | 1      |                 | 
+------------+--------------------------------------------------------------+------------------------+---+---+------------------------+---+---+------------------+--------+--------+-----------------+


Distributed RAM: Final Mapping Report
+------------+----------------------------------------------------------------------------+-----------+----------------------+---------------+
|Module Name | RTL Object                                                                 | Inference | Size (Depth x Width) | Primitives    | 
+------------+----------------------------------------------------------------------------+-----------+----------------------+---------------+
|inst        | i_regmap/i_regmap_request/i_transfer_lenghts_fifo/fifo.sync_clocks.ram_reg | Implied   | 4 x 26               | RAM32M16 x 2  | 
|inst        | i_transfer/i_request_arb/eot_mem_src_reg                                   | Implied   | 16 x 1               | RAM16X1D x 1  | 
|inst        | i_transfer/i_request_arb/eot_mem_dest_reg                                  | Implied   | 16 x 1               | RAM16X1D x 2  | 
|inst        | i_transfer/i_request_arb/i_store_and_forward/burst_len_mem_reg             | Implied   | 8 x 4                | RAM32M16 x 1  | 
|inst        | i_transfer/i_request_arb/i_dest_dma_mm/bl_mem_reg                          | Implied   | 16 x 8               | RAM32M16 x 1  | 
+------------+----------------------------------------------------------------------------+-----------+----------------------+---------------+

---------------------------------------------------------------------------------
Finished ROM, RAM, DSP, Shift Register and Retiming Reporting
---------------------------------------------------------------------------------
---------------------------------------------------------------------------------
Start Technology Mapping
---------------------------------------------------------------------------------
WARNING: [Synth 8-3332] Sequential element (i_transfer/i_request_arb/i_req_gen/FSM_sequential_state_reg[2]) is unused and will be removed from module axi_dmac.
WARNING: [Synth 8-3332] Sequential element (i_transfer/i_request_arb/i_req_gen/FSM_sequential_state_reg[1]) is unused and will be removed from module axi_dmac.
INFO: [Synth 8-7052] The timing for the instance inst/i_transfer/i_request_arb/i_store_and_forward/i_mem/m_ram_reg (implemented as a Block RAM) might be sub-optimal as no optional output register could be merged into the ram block. Providing additional output register may help in improving timing.
---------------------------------------------------------------------------------
Finished Technology Mapping : Time (s): cpu = 00:00:43 ; elapsed = 00:00:46 . Memory (MB): peak = 3453.617 ; gain = 1019.852 ; free physical = 7355 ; free virtual = 43066
---------------------------------------------------------------------------------
---------------------------------------------------------------------------------
Start IO Insertion
---------------------------------------------------------------------------------
---------------------------------------------------------------------------------
Start Flattening Before IO Insertion
---------------------------------------------------------------------------------
---------------------------------------------------------------------------------
Finished Flattening Before IO Insertion
---------------------------------------------------------------------------------
---------------------------------------------------------------------------------
Start Final Netlist Cleanup
---------------------------------------------------------------------------------
---------------------------------------------------------------------------------
Finished Final Netlist Cleanup
---------------------------------------------------------------------------------
---------------------------------------------------------------------------------
Finished IO Insertion : Time (s): cpu = 00:00:48 ; elapsed = 00:00:51 . Memory (MB): peak = 3609.430 ; gain = 1175.664 ; free physical = 7192 ; free virtual = 42903
---------------------------------------------------------------------------------
---------------------------------------------------------------------------------
Start Renaming Generated Instances
---------------------------------------------------------------------------------
---------------------------------------------------------------------------------
Finished Renaming Generated Instances : Time (s): cpu = 00:00:48 ; elapsed = 00:00:51 . Memory (MB): peak = 3609.430 ; gain = 1175.664 ; free physical = 7192 ; free virtual = 42903
---------------------------------------------------------------------------------
---------------------------------------------------------------------------------
Start Rebuilding User Hierarchy
---------------------------------------------------------------------------------
---------------------------------------------------------------------------------
Finished Rebuilding User Hierarchy : Time (s): cpu = 00:00:48 ; elapsed = 00:00:51 . Memory (MB): peak = 3609.430 ; gain = 1175.664 ; free physical = 7187 ; free virtual = 42898
---------------------------------------------------------------------------------
---------------------------------------------------------------------------------
Start Renaming Generated Ports
---------------------------------------------------------------------------------
---------------------------------------------------------------------------------
Finished Renaming Generated Ports : Time (s): cpu = 00:00:48 ; elapsed = 00:00:51 . Memory (MB): peak = 3609.430 ; gain = 1175.664 ; free physical = 7187 ; free virtual = 42897
---------------------------------------------------------------------------------
---------------------------------------------------------------------------------
Start Handling Custom Attributes
---------------------------------------------------------------------------------
---------------------------------------------------------------------------------
Finished Handling Custom Attributes : Time (s): cpu = 00:00:48 ; elapsed = 00:00:51 . Memory (MB): peak = 3609.430 ; gain = 1175.664 ; free physical = 7187 ; free virtual = 42897
---------------------------------------------------------------------------------
---------------------------------------------------------------------------------
Start Renaming Generated Nets
---------------------------------------------------------------------------------
---------------------------------------------------------------------------------
Finished Renaming Generated Nets : Time (s): cpu = 00:00:48 ; elapsed = 00:00:51 . Memory (MB): peak = 3609.430 ; gain = 1175.664 ; free physical = 7187 ; free virtual = 42897
---------------------------------------------------------------------------------
---------------------------------------------------------------------------------
Start Writing Synthesis Report
---------------------------------------------------------------------------------

Report BlackBoxes: 
+-+--------------+----------+
| |BlackBox name |Instances |
+-+--------------+----------+
+-+--------------+----------+

Report Cell Usage: 
+------+---------+------+
|      |Cell     |Count |
+------+---------+------+
|1     |CARRY8   |     9|
|2     |LUT1     |    32|
|3     |LUT2     |    74|
|4     |LUT3     |   106|
|5     |LUT4     |    69|
|6     |LUT5     |    75|
|7     |LUT6     |   139|
|8     |RAM16X1D |     3|
|9     |RAM32M   |     2|
|10    |RAM32M16 |     2|
|11    |RAMB36E2 |     1|
|12    |FDPE     |    15|
|13    |FDRE     |   698|
|14    |FDSE     |    44|
+------+---------+------+
---------------------------------------------------------------------------------
Finished Writing Synthesis Report : Time (s): cpu = 00:00:48 ; elapsed = 00:00:51 . Memory (MB): peak = 3609.430 ; gain = 1175.664 ; free physical = 7187 ; free virtual = 42897
---------------------------------------------------------------------------------
Synthesis finished with 0 errors, 0 critical warnings and 559 warnings.
Synthesis Optimization Runtime : Time (s): cpu = 00:00:46 ; elapsed = 00:00:49 . Memory (MB): peak = 3609.430 ; gain = 1031.551 ; free physical = 7187 ; free virtual = 42897
Synthesis Optimization Complete : Time (s): cpu = 00:00:49 ; elapsed = 00:00:52 . Memory (MB): peak = 3609.430 ; gain = 1175.664 ; free physical = 7187 ; free virtual = 42897
INFO: [Project 1-571] Translating synthesized netlist
Netlist sorting complete. Time (s): cpu = 00:00:00.02 ; elapsed = 00:00:00.03 . Memory (MB): peak = 3609.430 ; gain = 0.000 ; free physical = 7329 ; free virtual = 43039
INFO: [Netlist 29-17] Analyzing 16 Unisim elements for replacement
INFO: [Netlist 29-28] Unisim Transformation completed in 0 CPU seconds
INFO: [Project 1-570] Preparing netlist for logic optimization
INFO: [Opt 31-138] Pushed 0 inverter(s) to 0 load pin(s).
Netlist sorting complete. Time (s): cpu = 00:00:00 ; elapsed = 00:00:00 . Memory (MB): peak = 3621.219 ; gain = 0.000 ; free physical = 7354 ; free virtual = 43064
INFO: [Project 1-111] Unisim Transformation Summary:
  A total of 7 instances were transformed.
  RAM16X1D => RAM32X1D (RAMD32(x2)): 3 instances
  RAM32M => RAM32M (RAMD32(x6), RAMS32(x2)): 2 instances
  RAM32M16 => RAM32M16 (RAMD32(x14), RAMS32(x2)): 2 instances

Synth Design complete | Checksum: 2a3f410f
INFO: [Common 17-83] Releasing license: Synthesis
107 Infos, 158 Warnings, 0 Critical Warnings and 0 Errors encountered.
synth_design completed successfully
synth_design: Time (s): cpu = 00:01:01 ; elapsed = 00:01:01 . Memory (MB): peak = 3621.254 ; gain = 2016.324 ; free physical = 7349 ; free virtual = 43060
INFO: [Common 17-2834] synth_design peak Physical Memory [PSS] (MB): overall = 2873.333; main = 2654.032; forked = 273.272
INFO: [Common 17-2834] synth_design peak Virtual Memory [VSS] (MB): overall = 4570.328; main = 3621.223; forked = 997.707
Write ShapeDB Complete: Time (s): cpu = 00:00:00.01 ; elapsed = 00:00:00 . Memory (MB): peak = 3657.852 ; gain = 0.000 ; free physical = 7351 ; free virtual = 43061
INFO: [Common 17-1381] The checkpoint '/home/tcollins/dev/qpsk_ai/TransceiverToolbox/trx_examples/targeting/QPSKTxRxHDLExample/hdl_prj_jupiter_txrx/vivado_ip_prj/vivado_prj.runs/system_axi_adrv9001_rx1_dma_0_synth_1/system_axi_adrv9001_rx1_dma_0.dcp' has been generated.
INFO: [Coretcl 2-1648] Added synthesis output to IP cache for IP system_axi_adrv9001_rx1_dma_0, cache-ID = 070eb4f355927b36
INFO: [Coretcl 2-1174] Renamed 38 cell refs.
Write ShapeDB Complete: Time (s): cpu = 00:00:00 ; elapsed = 00:00:00 . Memory (MB): peak = 3657.852 ; gain = 0.000 ; free physical = 7337 ; free virtual = 43050
INFO: [Common 17-1381] The checkpoint '/home/tcollins/dev/qpsk_ai/TransceiverToolbox/trx_examples/targeting/QPSKTxRxHDLExample/hdl_prj_jupiter_txrx/vivado_ip_prj/vivado_prj.runs/system_axi_adrv9001_rx1_dma_0_synth_1/system_axi_adrv9001_rx1_dma_0.dcp' has been generated.
INFO: [Vivado 12-24828] Executing command : report_utilization -file system_axi_adrv9001_rx1_dma_0_utilization_synth.rpt -pb system_axi_adrv9001_rx1_dma_0_utilization_synth.pb
INFO: [Common 17-206] Exiting Vivado at Tue May 26 19:16:42 2026...
